Archive member included to satisfy reference by file (symbol)

c:/program files (x86)/atollic/truestudio for stm32 9.3.0/armtools/bin/../lib/gcc/arm-atollic-eabi/6.3.1/../../../../arm-atollic-eabi/lib/armv6-m\libc_nano.a(lib_a-errno.o)
                              Src\syscalls.o (__errno)
c:/program files (x86)/atollic/truestudio for stm32 9.3.0/armtools/bin/../lib/gcc/arm-atollic-eabi/6.3.1/../../../../arm-atollic-eabi/lib/armv6-m\libc_nano.a(lib_a-impure.o)
                              c:/program files (x86)/atollic/truestudio for stm32 9.3.0/armtools/bin/../lib/gcc/arm-atollic-eabi/6.3.1/../../../../arm-atollic-eabi/lib/armv6-m\libc_nano.a(lib_a-errno.o) (_impure_ptr)
c:/program files (x86)/atollic/truestudio for stm32 9.3.0/armtools/bin/../lib/gcc/arm-atollic-eabi/6.3.1/../../../../arm-atollic-eabi/lib/armv6-m\libc_nano.a(lib_a-init.o)
                              startup\startup_stm32g071xx.o (__libc_init_array)
c:/program files (x86)/atollic/truestudio for stm32 9.3.0/armtools/bin/../lib/gcc/arm-atollic-eabi/6.3.1/../../../../arm-atollic-eabi/lib/armv6-m\libc_nano.a(lib_a-malloc.o)
                              Src\bluetooth.o (malloc)
c:/program files (x86)/atollic/truestudio for stm32 9.3.0/armtools/bin/../lib/gcc/arm-atollic-eabi/6.3.1/../../../../arm-atollic-eabi/lib/armv6-m\libc_nano.a(lib_a-memcpy-stub.o)
                              Src\bluetooth.o (memcpy)
c:/program files (x86)/atollic/truestudio for stm32 9.3.0/armtools/bin/../lib/gcc/arm-atollic-eabi/6.3.1/../../../../arm-atollic-eabi/lib/armv6-m\libc_nano.a(lib_a-memset.o)
                              Src\adc.o (memset)
c:/program files (x86)/atollic/truestudio for stm32 9.3.0/armtools/bin/../lib/gcc/arm-atollic-eabi/6.3.1/../../../../arm-atollic-eabi/lib/armv6-m\libc_nano.a(lib_a-nano-freer.o)
                              c:/program files (x86)/atollic/truestudio for stm32 9.3.0/armtools/bin/../lib/gcc/arm-atollic-eabi/6.3.1/../../../../arm-atollic-eabi/lib/armv6-m\libc_nano.a(lib_a-malloc.o) (_free_r)
c:/program files (x86)/atollic/truestudio for stm32 9.3.0/armtools/bin/../lib/gcc/arm-atollic-eabi/6.3.1/../../../../arm-atollic-eabi/lib/armv6-m\libc_nano.a(lib_a-nano-mallocr.o)
                              c:/program files (x86)/atollic/truestudio for stm32 9.3.0/armtools/bin/../lib/gcc/arm-atollic-eabi/6.3.1/../../../../arm-atollic-eabi/lib/armv6-m\libc_nano.a(lib_a-malloc.o) (_malloc_r)
c:/program files (x86)/atollic/truestudio for stm32 9.3.0/armtools/bin/../lib/gcc/arm-atollic-eabi/6.3.1/../../../../arm-atollic-eabi/lib/armv6-m\libc_nano.a(lib_a-sbrkr.o)
                              c:/program files (x86)/atollic/truestudio for stm32 9.3.0/armtools/bin/../lib/gcc/arm-atollic-eabi/6.3.1/../../../../arm-atollic-eabi/lib/armv6-m\libc_nano.a(lib_a-nano-mallocr.o) (_sbrk_r)
c:/program files (x86)/atollic/truestudio for stm32 9.3.0/armtools/bin/../lib/gcc/arm-atollic-eabi/6.3.1/../../../../arm-atollic-eabi/lib/armv6-m\libc_nano.a(lib_a-sprintf.o)
                              Src\bluetooth.o (sprintf)
c:/program files (x86)/atollic/truestudio for stm32 9.3.0/armtools/bin/../lib/gcc/arm-atollic-eabi/6.3.1/../../../../arm-atollic-eabi/lib/armv6-m\libc_nano.a(lib_a-sscanf.o)
                              Src\bluetooth.o (sscanf)
c:/program files (x86)/atollic/truestudio for stm32 9.3.0/armtools/bin/../lib/gcc/arm-atollic-eabi/6.3.1/../../../../arm-atollic-eabi/lib/armv6-m\libc_nano.a(lib_a-stdio.o)
                              c:/program files (x86)/atollic/truestudio for stm32 9.3.0/armtools/bin/../lib/gcc/arm-atollic-eabi/6.3.1/../../../../arm-atollic-eabi/lib/armv6-m\libc_nano.a(lib_a-sscanf.o) (__seofread)
c:/program files (x86)/atollic/truestudio for stm32 9.3.0/armtools/bin/../lib/gcc/arm-atollic-eabi/6.3.1/../../../../arm-atollic-eabi/lib/armv6-m\libc_nano.a(lib_a-strchr.o)
                              Src\bluetooth.o (strchr)
c:/program files (x86)/atollic/truestudio for stm32 9.3.0/armtools/bin/../lib/gcc/arm-atollic-eabi/6.3.1/../../../../arm-atollic-eabi/lib/armv6-m\libc_nano.a(lib_a-strcmp.o)
                              Src\oled.o (strcmp)
c:/program files (x86)/atollic/truestudio for stm32 9.3.0/armtools/bin/../lib/gcc/arm-atollic-eabi/6.3.1/../../../../arm-atollic-eabi/lib/armv6-m\libc_nano.a(lib_a-strcpy.o)
                              Src\bluetooth.o (strcpy)
c:/program files (x86)/atollic/truestudio for stm32 9.3.0/armtools/bin/../lib/gcc/arm-atollic-eabi/6.3.1/../../../../arm-atollic-eabi/lib/armv6-m\libc_nano.a(lib_a-strlen.o)
                              Src\bluetooth.o (strlen)
c:/program files (x86)/atollic/truestudio for stm32 9.3.0/armtools/bin/../lib/gcc/arm-atollic-eabi/6.3.1/../../../../arm-atollic-eabi/lib/armv6-m\libc_nano.a(lib_a-strstr.o)
                              Src\bluetooth.o (strstr)
[...]
Memory Configuration

Name             Origin             Length             Attributes
RAM              0x20000000         0x00009000         xrw
FLASH            0x08000000         0x00020000         xr
*default*        0x00000000         0xffffffff

Linker script and memory map

LOAD c:/program files (x86)/atollic/truestudio for stm32 9.3.0/armtools/bin/../lib/gcc/arm-atollic-eabi/6.3.1/armv6-m/crti.o
LOAD c:/program files (x86)/atollic/truestudio for stm32 9.3.0/armtools/bin/../lib/gcc/arm-atollic-eabi/6.3.1/armv6-m/crtbegin.o
LOAD Drivers\STM32G0xx_HAL_Driver\Src\stm32g0xx_hal.o
LOAD Drivers\STM32G0xx_HAL_Driver\Src\stm32g0xx_hal_adc.o
LOAD Drivers\STM32G0xx_HAL_Driver\Src\stm32g0xx_hal_adc_ex.o
LOAD Drivers\STM32G0xx_HAL_Driver\Src\stm32g0xx_hal_cortex.o
LOAD Drivers\STM32G0xx_HAL_Driver\Src\stm32g0xx_hal_dma.o
LOAD Drivers\STM32G0xx_HAL_Driver\Src\stm32g0xx_hal_dma_ex.o
LOAD Drivers\STM32G0xx_HAL_Driver\Src\stm32g0xx_hal_exti.o
LOAD Drivers\STM32G0xx_HAL_Driver\Src\stm32g0xx_hal_flash.o
LOAD Drivers\STM32G0xx_HAL_Driver\Src\stm32g0xx_hal_flash_ex.o
LOAD Drivers\STM32G0xx_HAL_Driver\Src\stm32g0xx_hal_gpio.o
LOAD Drivers\STM32G0xx_HAL_Driver\Src\stm32g0xx_hal_i2c.o
LOAD Drivers\STM32G0xx_HAL_Driver\Src\stm32g0xx_hal_i2c_ex.o
LOAD Drivers\STM32G0xx_HAL_Driver\Src\stm32g0xx_hal_pwr.o
LOAD Drivers\STM32G0xx_HAL_Driver\Src\stm32g0xx_hal_pwr_ex.o
LOAD Drivers\STM32G0xx_HAL_Driver\Src\stm32g0xx_hal_rcc.o
LOAD Drivers\STM32G0xx_HAL_Driver\Src\stm32g0xx_hal_rcc_ex.o
LOAD Drivers\STM32G0xx_HAL_Driver\Src\stm32g0xx_hal_rtc.o
LOAD Drivers\STM32G0xx_HAL_Driver\Src\stm32g0xx_hal_rtc_ex.o
LOAD Drivers\STM32G0xx_HAL_Driver\Src\stm32g0xx_hal_spi.o
LOAD Drivers\STM32G0xx_HAL_Driver\Src\stm32g0xx_hal_spi_ex.o
LOAD Drivers\STM32G0xx_HAL_Driver\Src\stm32g0xx_hal_tim.o
LOAD Drivers\STM32G0xx_HAL_Driver\Src\stm32g0xx_hal_tim_ex.o
LOAD Drivers\STM32G0xx_HAL_Driver\Src\stm32g0xx_hal_uart.o
LOAD Drivers\STM32G0xx_HAL_Driver\Src\stm32g0xx_hal_uart_ex.o
LOAD Drivers\STM32G0xx_HAL_Driver\Src\stm32g0xx_ll_adc.o
LOAD Drivers\STM32G0xx_HAL_Driver\Src\stm32g0xx_ll_dma.o
LOAD Drivers\STM32G0xx_HAL_Driver\Src\stm32g0xx_ll_exti.o
LOAD Drivers\STM32G0xx_HAL_Driver\Src\stm32g0xx_ll_gpio.o
LOAD Drivers\STM32G0xx_HAL_Driver\Src\stm32g0xx_ll_rcc.o
LOAD Drivers\STM32G0xx_HAL_Driver\Src\stm32g0xx_ll_ucpd.o
LOAD Drivers\STM32G0xx_HAL_Driver\Src\stm32g0xx_ll_utils.o
LOAD Src\adc.o
LOAD Src\bluetooth.o
LOAD Src\dma.o
LOAD Src\gpio.o
LOAD Src\i2c.o
LOAD Src\main.o
LOAD Src\midiController.o
LOAD Src\msgDecoder.o
LOAD Src\oled.o
LOAD Src\rtc.o
LOAD Src\spi.o
LOAD Src\ssd1306.o
LOAD Src\ssd1306_fonts.o
LOAD Src\stm32g0xx_hal_msp.o
LOAD Src\stm32g0xx_it.o
LOAD Src\sys.o
LOAD Src\syscalls.o
LOAD Src\system_stm32g0xx.o
LOAD Src\tim.o
LOAD Src\ucpd.o
LOAD Src\usart.o
LOAD startup\startup_stm32g071xx.o
                0x00000080                malloc_getpagesize_P = 0x80
START GROUP
LOAD c:/program files (x86)/atollic/truestudio for stm32 9.3.0/armtools/bin/../lib/gcc/arm-atollic-eabi/6.3.1/../../../../arm-atollic-eabi/lib/armv6-m\libc_nano.a
LOAD c:/program files (x86)/atollic/truestudio for stm32 9.3.0/armtools/bin/../lib/gcc/arm-atollic-eabi/6.3.1/../../../../arm-atollic-eabi/lib/armv6-m\libm.a
END GROUP
START GROUP
LOAD c:/program files (x86)/atollic/truestudio for stm32 9.3.0/armtools/bin/../lib/gcc/arm-atollic-eabi/6.3.1/armv6-m\libgcc.a
LOAD c:/program files (x86)/atollic/truestudio for stm32 9.3.0/armtools/bin/../lib/gcc/arm-atollic-eabi/6.3.1/../../../../arm-atollic-eabi/lib/armv6-m\libc_nano.a
END GROUP
START GROUP
LOAD c:/program files (x86)/atollic/truestudio for stm32 9.3.0/armtools/bin/../lib/gcc/arm-atollic-eabi/6.3.1/armv6-m\libgcc.a
LOAD c:/program files (x86)/atollic/truestudio for stm32 9.3.0/armtools/bin/../lib/gcc/arm-atollic-eabi/6.3.1/../../../../arm-atollic-eabi/lib/armv6-m\libc_nano.a
LOAD c:/program files (x86)/atollic/truestudio for stm32 9.3.0/armtools/bin/../lib/gcc/arm-atollic-eabi/6.3.1/../../../../arm-atollic-eabi/lib/armv6-m\libnosys.a
END GROUP
START GROUP
LOAD c:/program files (x86)/atollic/truestudio for stm32 9.3.0/armtools/bin/../lib/gcc/arm-atollic-eabi/6.3.1/armv6-m\libgcc.a
LOAD c:/program files (x86)/atollic/truestudio for stm32 9.3.0/armtools/bin/../lib/gcc/arm-atollic-eabi/6.3.1/../../../../arm-atollic-eabi/lib/armv6-m\libc_nano.a
LOAD c:/program files (x86)/atollic/truestudio for stm32 9.3.0/armtools/bin/../lib/gcc/arm-atollic-eabi/6.3.1/../../../../arm-atollic-eabi/lib/armv6-m\libnosys.a
END GROUP
LOAD c:/program files (x86)/atollic/truestudio for stm32 9.3.0/armtools/bin/../lib/gcc/arm-atollic-eabi/6.3.1/armv6-m/crtend.o
LOAD c:/program files (x86)/atollic/truestudio for stm32 9.3.0/armtools/bin/../lib/gcc/arm-atollic-eabi/6.3.1/armv6-m/crtn.o
                0x20009000                _estack = 0x20009000
                0x00000200                _Min_Heap_Size = 0x200
                0x00000400                _Min_Stack_Size = 0x400

.isr_vector     0x08000000       0xbc
                0x08000000                . = ALIGN (0x4)
 *(.isr_vector)
 .isr_vector    0x08000000       0xbc startup\startup_stm32g071xx.o
                0x08000000                g_pfnVectors
                0x080000bc                . = ALIGN (0x4)

.text           0x080000bc     0xbf70
                0x080000bc                . = ALIGN (0x4)
 *(.text)
 .text          0x080000bc       0x48 c:/program files (x86)/atollic/truestudio for stm32 9.3.0/armtools/bin/../lib/gcc/arm-atollic-eabi/6.3.1/armv6-m/crtbegin.o
 .text          0x08000104       0x14 c:/program files (x86)/atollic/truestudio for stm32 9.3.0/armtools/bin/../lib/gcc/arm-atollic-eabi/6.3.1/../../../../arm-atollic-eabi/lib/armv6-m\libc_nano.a(lib_a-strcmp.o)
                0x08000104                strcmp
 .text          0x08000118        0xe c:/program files (x86)/atollic/truestudio for stm32 9.3.0/armtools/bin/../lib/gcc/arm-atollic-eabi/6.3.1/../../../../arm-atollic-eabi/lib/armv6-m\libc_nano.a(lib_a-strlen.o)
                0x08000118                strlen
 *fill*         0x08000126        0x2 
 .text          0x08000128       0x14 c:/program files (x86)/atollic/truestudio for stm32 9.3.0/armtools/bin/../lib/gcc/arm-atollic-eabi/6.3.1/armv6-m\libgcc.a(_thumb1_case_uqi.o)
                0x08000128                __gnu_thumb1_case_uqi
 .text          0x0800013c       0x14 c:/program files (x86)/atollic/truestudio for stm32 9.3.0/armtools/bin/../lib/gcc/arm-atollic-eabi/6.3.1/armv6-m\libgcc.a(_thumb1_case_uhi.o)
                0x0800013c                __gnu_thumb1_case_uhi
 .text          0x08000150      0x114 c:/program files (x86)/atollic/truestudio for stm32 9.3.0/armtools/bin/../lib/gcc/arm-atollic-eabi/6.3.1/armv6-m\libgcc.a(_udivsi3.o)
                0x08000150                __aeabi_uidiv
                0x08000150                __udivsi3
                0x0800025c                __aeabi_uidivmod
 .text          0x08000264      0x1d4 c:/program files (x86)/atollic/truestudio for stm32 9.3.0/armtools/bin/../lib/gcc/arm-atollic-eabi/6.3.1/armv6-m\libgcc.a(_divsi3.o)
                0x08000264                __divsi3
                0x08000264                __aeabi_idiv
                0x08000430                __aeabi_idivmod
 .text          0x08000438        0x4 c:/program files (x86)/atollic/truestudio for stm32 9.3.0/armtools/bin/../lib/gcc/arm-atollic-eabi/6.3.1/armv6-m\libgcc.a(_dvmd_tls.o)
                0x08000438                __aeabi_idiv0
                0x08000438                __aeabi_ldiv0
 .text          0x0800043c       0x7c c:/program files (x86)/atollic/truestudio for stm32 9.3.0/armtools/bin/../lib/gcc/arm-atollic-eabi/6.3.1/armv6-m\libgcc.a(_arm_cmpdf2.o)
                0x0800043c                __aeabi_cdrcmple
                0x0800044c                __aeabi_cdcmple
                0x0800044c                __aeabi_cdcmpeq
                0x0800045c                __aeabi_dcmpeq
                0x08000468                __aeabi_dcmplt
                0x0800047c                __aeabi_dcmple
                0x08000490                __aeabi_dcmpgt
                0x080004a4                __aeabi_dcmpge
 .text          0x080004b8       0x40 c:/program files (x86)/atollic/truestudio for stm32 9.3.0/armtools/bin/../lib/gcc/arm-atollic-eabi/6.3.1/armv6-m\libgcc.a(_aeabi_uldivmod.o)
                0x080004b8                __aeabi_uldivmod
 .text          0x080004f8       0x3c c:/program files (x86)/atollic/truestudio for stm32 9.3.0/armtools/bin/../lib/gcc/arm-atollic-eabi/6.3.1/armv6-m\libgcc.a(_fixunsdfsi.o)
                0x080004f8                __aeabi_d2uiz
                0x080004f8                __fixunsdfsi
 .text          0x08000534      0x180 c:/program files (x86)/atollic/truestudio for stm32 9.3.0/armtools/bin/../lib/gcc/arm-atollic-eabi/6.3.1/armv6-m\libgcc.a(_udivmoddi4.o)
                0x08000534                __udivmoddi4
 .text          0x080006b4       0x8c c:/program files (x86)/atollic/truestudio for stm32 9.3.0/armtools/bin/../lib/gcc/arm-atollic-eabi/6.3.1/armv6-m\libgcc.a(floatunsisf.o)
                0x080006b4                __aeabi_ui2f
 .text          0x08000740      0x620 c:/program files (x86)/atollic/truestudio for stm32 9.3.0/armtools/bin/../lib/gcc/arm-atollic-eabi/6.3.1/armv6-m\libgcc.a(adddf3.o)
                0x08000740                __aeabi_dadd
 .text          0x08000d60      0x668 c:/program files (x86)/atollic/truestudio for stm32 9.3.0/armtools/bin/../lib/gcc/arm-atollic-eabi/6.3.1/armv6-m\libgcc.a(divdf3.o)
                0x08000d60                __aeabi_ddiv
 .text          0x080013c8       0x74 c:/program files (x86)/atollic/truestudio for stm32 9.3.0/armtools/bin/../lib/gcc/arm-atollic-eabi/6.3.1/armv6-m\libgcc.a(eqdf2.o)
                0x080013c8                __nedf2
                0x080013c8                __eqdf2
 .text          0x0800143c       0xc8 c:/program files (x86)/atollic/truestudio for stm32 9.3.0/armtools/bin/../lib/gcc/arm-atollic-eabi/6.3.1/armv6-m\libgcc.a(gedf2.o)
                0x0800143c                __gedf2
                0x0800143c                __gtdf2
 .text          0x08001504       0xc4 c:/program files (x86)/atollic/truestudio for stm32 9.3.0/armtools/bin/../lib/gcc/arm-atollic-eabi/6.3.1/armv6-m\libgcc.a(ledf2.o)
                0x08001504                __ledf2
                0x08001504                __ltdf2
 .text          0x080015c8      0x500 c:/program files (x86)/atollic/truestudio for stm32 9.3.0/armtools/bin/../lib/gcc/arm-atollic-eabi/6.3.1/armv6-m\libgcc.a(muldf3.o)
                0x080015c8                __aeabi_dmul
 .text          0x08001ac8      0x62c c:/program files (x86)/atollic/truestudio for stm32 9.3.0/armtools/bin/../lib/gcc/arm-atollic-eabi/6.3.1/armv6-m\libgcc.a(subdf3.o)
                0x08001ac8                __aeabi_dsub
 .text          0x080020f4       0x40 c:/program files (x86)/atollic/truestudio for stm32 9.3.0/armtools/bin/../lib/gcc/arm-atollic-eabi/6.3.1/armv6-m\libgcc.a(unorddf2.o)
                0x080020f4                __aeabi_dcmpun
 .text          0x08002134       0x68 c:/program files (x86)/atollic/truestudio for stm32 9.3.0/armtools/bin/../lib/gcc/arm-atollic-eabi/6.3.1/armv6-m\libgcc.a(fixdfsi.o)
                0x08002134                __aeabi_d2iz
 .text          0x0800219c       0x84 c:/program files (x86)/atollic/truestudio for stm32 9.3.0/armtools/bin/../lib/gcc/arm-atollic-eabi/6.3.1/armv6-m\libgcc.a(floatsidf.o)
                0x0800219c                __aeabi_i2d
 .text          0x08002220       0xa4 c:/program files (x86)/atollic/truestudio for stm32 9.3.0/armtools/bin/../lib/gcc/arm-atollic-eabi/6.3.1/armv6-m\libgcc.a(extendsfdf2.o)
                0x08002220                __aeabi_f2d
 .text          0x080022c4       0x3c c:/program files (x86)/atollic/truestudio for stm32 9.3.0/armtools/bin/../lib/gcc/arm-atollic-eabi/6.3.1/armv6-m\libgcc.a(_clzsi2.o)
                0x080022c4                __clzsi2
 .text          0x08002300       0x18 c:/program files (x86)/atollic/truestudio for stm32 9.3.0/armtools/bin/../lib/gcc/arm-atollic-eabi/6.3.1/armv6-m\libgcc.a(_clzdi2.o)
                0x08002300                __clzdi2
 *(.text*)
 .text.HAL_InitTick
                0x08002318       0x50 Drivers\STM32G0xx_HAL_Driver\Src\stm32g0xx_hal.o
                0x08002318                HAL_InitTick
 .text.HAL_Init
                0x08002368       0x28 Drivers\STM32G0xx_HAL_Driver\Src\stm32g0xx_hal.o
                0x08002368                HAL_Init
 .text.HAL_IncTick
                0x08002390       0x18 Drivers\STM32G0xx_HAL_Driver\Src\stm32g0xx_hal.o
                0x08002390                HAL_IncTick
 .text.HAL_GetTick
                0x080023a8        0xc Drivers\STM32G0xx_HAL_Driver\Src\stm32g0xx_hal.o
                0x080023a8                HAL_GetTick
 .text.HAL_Delay
                0x080023b4       0x24 Drivers\STM32G0xx_HAL_Driver\Src\stm32g0xx_hal.o
                0x080023b4                HAL_Delay
 .text.LL_ADC_REG_IsConversionOngoing
                0x080023d8        0x8 Drivers\STM32G0xx_HAL_Driver\Src\stm32g0xx_hal_adc.o
 .text.HAL_ADC_Init
                0x080023e0      0x270 Drivers\STM32G0xx_HAL_Driver\Src\stm32g0xx_hal_adc.o
                0x080023e0                HAL_ADC_Init
 .text.HAL_ADC_ConvCpltCallback
                0x08002650        0x2 Drivers\STM32G0xx_HAL_Driver\Src\stm32g0xx_hal_adc.o
                0x08002650                HAL_ADC_ConvCpltCallback
 .text.HAL_ADC_LevelOutOfWindowCallback
                0x08002652        0x2 Drivers\STM32G0xx_HAL_Driver\Src\stm32g0xx_hal_adc.o
                0x08002652                HAL_ADC_LevelOutOfWindowCallback
 .text.HAL_ADC_ErrorCallback
                0x08002654        0x2 Drivers\STM32G0xx_HAL_Driver\Src\stm32g0xx_hal_adc.o
                0x08002654                HAL_ADC_ErrorCallback
 *fill*         0x08002656        0x2 
 .text.HAL_ADC_IRQHandler
                0x08002658      0x15c Drivers\STM32G0xx_HAL_Driver\Src\stm32g0xx_hal_adc.o
                0x08002658                HAL_ADC_IRQHandler
 .text.HAL_ADC_ConfigChannel
                0x080027b4      0x238 Drivers\STM32G0xx_HAL_Driver\Src\stm32g0xx_hal_adc.o
                0x080027b4                HAL_ADC_ConfigChannel
 .text.HAL_ADCEx_LevelOutOfWindow2Callback
                0x080029ec        0x2 Drivers\STM32G0xx_HAL_Driver\Src\stm32g0xx_hal_adc_ex.o
                0x080029ec                HAL_ADCEx_LevelOutOfWindow2Callback
 .text.HAL_ADCEx_LevelOutOfWindow3Callback
                0x080029ee        0x2 Drivers\STM32G0xx_HAL_Driver\Src\stm32g0xx_hal_adc_ex.o
                0x080029ee                HAL_ADCEx_LevelOutOfWindow3Callback
 .text.HAL_ADCEx_EndOfSamplingCallback
                0x080029f0        0x2 Drivers\STM32G0xx_HAL_Driver\Src\stm32g0xx_hal_adc_ex.o
                0x080029f0                HAL_ADCEx_EndOfSamplingCallback
 .text.HAL_ADCEx_ChannelConfigReadyCallback
                0x080029f2        0x2 Drivers\STM32G0xx_HAL_Driver\Src\stm32g0xx_hal_adc_ex.o
                0x080029f2                HAL_ADCEx_ChannelConfigReadyCallback
 .text.HAL_NVIC_SetPriority
                0x080029f4       0x60 Drivers\STM32G0xx_HAL_Driver\Src\stm32g0xx_hal_cortex.o
                0x080029f4                HAL_NVIC_SetPriority
 .text.HAL_NVIC_EnableIRQ
                0x08002a54       0x18 Drivers\STM32G0xx_HAL_Driver\Src\stm32g0xx_hal_cortex.o
                0x08002a54                HAL_NVIC_EnableIRQ
 .text.HAL_NVIC_DisableIRQ
                0x08002a6c       0x20 Drivers\STM32G0xx_HAL_Driver\Src\stm32g0xx_hal_cortex.o
                0x08002a6c                HAL_NVIC_DisableIRQ
 .text.HAL_SYSTICK_Config
                0x08002a8c       0x34 Drivers\STM32G0xx_HAL_Driver\Src\stm32g0xx_hal_cortex.o
                0x08002a8c                HAL_SYSTICK_Config
 .text.HAL_NVIC_ClearPendingIRQ
                0x08002ac0       0x1c Drivers\STM32G0xx_HAL_Driver\Src\stm32g0xx_hal_cortex.o
                0x08002ac0                HAL_NVIC_ClearPendingIRQ
 .text.DMA_SetConfig
                0x08002adc       0x40 Drivers\STM32G0xx_HAL_Driver\Src\stm32g0xx_hal_dma.o
 .text.DMA_CalcDMAMUXChannelBaseAndMask
                0x08002b1c       0x34 Drivers\STM32G0xx_HAL_Driver\Src\stm32g0xx_hal_dma.o
 .text.HAL_DMA_Init
                0x08002b50       0xb8 Drivers\STM32G0xx_HAL_Driver\Src\stm32g0xx_hal_dma.o
                0x08002b50                HAL_DMA_Init
 .text.HAL_DMA_Start_IT
                0x08002c08       0x80 Drivers\STM32G0xx_HAL_Driver\Src\stm32g0xx_hal_dma.o
                0x08002c08                HAL_DMA_Start_IT
 .text.HAL_DMA_Abort_IT
                0x08002c88       0x7c Drivers\STM32G0xx_HAL_Driver\Src\stm32g0xx_hal_dma.o
                0x08002c88                HAL_DMA_Abort_IT
 .text.HAL_DMA_IRQHandler
                0x08002d04       0xa8 Drivers\STM32G0xx_HAL_Driver\Src\stm32g0xx_hal_dma.o
                0x08002d04                HAL_DMA_IRQHandler
 .text.HAL_DMA_GetState
                0x08002dac        0x8 Drivers\STM32G0xx_HAL_Driver\Src\stm32g0xx_hal_dma.o
                0x08002dac                HAL_DMA_GetState
 .text.HAL_GPIO_Init
                0x08002db4      0x150 Drivers\STM32G0xx_HAL_Driver\Src\stm32g0xx_hal_gpio.o
                0x08002db4                HAL_GPIO_Init
 .text.HAL_GPIO_ReadPin
                0x08002f04        0xc Drivers\STM32G0xx_HAL_Driver\Src\stm32g0xx_hal_gpio.o
                0x08002f04                HAL_GPIO_ReadPin
 .text.HAL_GPIO_WritePin
                0x08002f10        0xc Drivers\STM32G0xx_HAL_Driver\Src\stm32g0xx_hal_gpio.o
                0x08002f10                HAL_GPIO_WritePin
 .text.HAL_GPIO_EXTI_Rising_Callback
                0x08002f1c        0x2 Drivers\STM32G0xx_HAL_Driver\Src\stm32g0xx_hal_gpio.o
                0x08002f1c                HAL_GPIO_EXTI_Rising_Callback
 *fill*         0x08002f1e        0x2 
 .text.HAL_GPIO_EXTI_IRQHandler
                0x08002f20       0x28 Drivers\STM32G0xx_HAL_Driver\Src\stm32g0xx_hal_gpio.o
                0x08002f20                HAL_GPIO_EXTI_IRQHandler
 .text.I2C_Flush_TXDR
                0x08002f48       0x1c Drivers\STM32G0xx_HAL_Driver\Src\stm32g0xx_hal_i2c.o
 .text.I2C_TransferConfig
                0x08002f64       0x2c Drivers\STM32G0xx_HAL_Driver\Src\stm32g0xx_hal_i2c.o
 .text.I2C_Enable_IRQ
                0x08002f90       0x68 Drivers\STM32G0xx_HAL_Driver\Src\stm32g0xx_hal_i2c.o
 .text.I2C_Disable_IRQ
                0x08002ff8       0x5e Drivers\STM32G0xx_HAL_Driver\Src\stm32g0xx_hal_i2c.o
 .text.I2C_WaitOnFlagUntilTimeout
                0x08003056       0x50 Drivers\STM32G0xx_HAL_Driver\Src\stm32g0xx_hal_i2c.o
 *fill*         0x080030a6        0x2 
 .text.I2C_IsAcknowledgeFailed
                0x080030a8       0x7c Drivers\STM32G0xx_HAL_Driver\Src\stm32g0xx_hal_i2c.o
 .text.I2C_WaitOnTXISFlagUntilTimeout
                0x08003124       0x54 Drivers\STM32G0xx_HAL_Driver\Src\stm32g0xx_hal_i2c.o
 .text.I2C_RequestMemoryWrite
                0x08003178       0x64 Drivers\STM32G0xx_HAL_Driver\Src\stm32g0xx_hal_i2c.o
 .text.HAL_I2C_Init
                0x080031dc       0xac Drivers\STM32G0xx_HAL_Driver\Src\stm32g0xx_hal_i2c.o
                0x080031dc                HAL_I2C_Init
 .text.HAL_I2C_Mem_Write_DMA
                0x08003288      0x14c Drivers\STM32G0xx_HAL_Driver\Src\stm32g0xx_hal_i2c.o
                0x08003288                HAL_I2C_Mem_Write_DMA
 .text.HAL_I2C_EV_IRQHandler
                0x080033d4       0x12 Drivers\STM32G0xx_HAL_Driver\Src\stm32g0xx_hal_i2c.o
                0x080033d4                HAL_I2C_EV_IRQHandler
 .text.HAL_I2C_MasterTxCpltCallback
                0x080033e6        0x2 Drivers\STM32G0xx_HAL_Driver\Src\stm32g0xx_hal_i2c.o
                0x080033e6                HAL_I2C_MasterTxCpltCallback
 .text.HAL_I2C_MasterRxCpltCallback
                0x080033e8        0x2 Drivers\STM32G0xx_HAL_Driver\Src\stm32g0xx_hal_i2c.o
                0x080033e8                HAL_I2C_MasterRxCpltCallback
 .text.I2C_ITMasterSeqCplt
                0x080033ea       0x48 Drivers\STM32G0xx_HAL_Driver\Src\stm32g0xx_hal_i2c.o
 .text.HAL_I2C_SlaveTxCpltCallback
                0x08003432        0x2 Drivers\STM32G0xx_HAL_Driver\Src\stm32g0xx_hal_i2c.o
                0x08003432                HAL_I2C_SlaveTxCpltCallback
 .text.HAL_I2C_SlaveRxCpltCallback
                0x08003434        0x2 Drivers\STM32G0xx_HAL_Driver\Src\stm32g0xx_hal_i2c.o
                0x08003434                HAL_I2C_SlaveRxCpltCallback
 .text.I2C_ITSlaveSeqCplt
                0x08003436       0x52 Drivers\STM32G0xx_HAL_Driver\Src\stm32g0xx_hal_i2c.o
 .text.HAL_I2C_AddrCallback
                0x08003488        0x2 Drivers\STM32G0xx_HAL_Driver\Src\stm32g0xx_hal_i2c.o
                0x08003488                HAL_I2C_AddrCallback
 .text.I2C_ITAddrCplt.isra.8
                0x0800348a       0x90 Drivers\STM32G0xx_HAL_Driver\Src\stm32g0xx_hal_i2c.o
 .text.HAL_I2C_ListenCpltCallback
                0x0800351a        0x2 Drivers\STM32G0xx_HAL_Driver\Src\stm32g0xx_hal_i2c.o
                0x0800351a                HAL_I2C_ListenCpltCallback
 .text.I2C_ITListenCplt
                0x0800351c       0x68 Drivers\STM32G0xx_HAL_Driver\Src\stm32g0xx_hal_i2c.o
 .text.HAL_I2C_MemRxCpltCallback
                0x08003584        0x2 Drivers\STM32G0xx_HAL_Driver\Src\stm32g0xx_hal_i2c.o
                0x08003584                HAL_I2C_MemRxCpltCallback
 .text.HAL_I2C_ErrorCallback
                0x08003586        0x2 Drivers\STM32G0xx_HAL_Driver\Src\stm32g0xx_hal_i2c.o
                0x08003586                HAL_I2C_ErrorCallback
 .text.HAL_I2C_AbortCpltCallback
                0x08003588        0x2 Drivers\STM32G0xx_HAL_Driver\Src\stm32g0xx_hal_i2c.o
                0x08003588                HAL_I2C_AbortCpltCallback
 *fill*         0x0800358a        0x2 
 .text.I2C_ITError
                0x0800358c       0xe4 Drivers\STM32G0xx_HAL_Driver\Src\stm32g0xx_hal_i2c.o
 .text.I2C_ITSlaveCplt
                0x08003670       0xf4 Drivers\STM32G0xx_HAL_Driver\Src\stm32g0xx_hal_i2c.o
 .text.I2C_Slave_ISR_IT
                0x08003764      0x124 Drivers\STM32G0xx_HAL_Driver\Src\stm32g0xx_hal_i2c.o
 .text.I2C_ITMasterCplt
                0x08003888       0xb4 Drivers\STM32G0xx_HAL_Driver\Src\stm32g0xx_hal_i2c.o
 .text.I2C_Slave_ISR_DMA
                0x0800393c       0xe0 Drivers\STM32G0xx_HAL_Driver\Src\stm32g0xx_hal_i2c.o
 .text.I2C_Master_ISR_DMA
                0x08003a1c      0x110 Drivers\STM32G0xx_HAL_Driver\Src\stm32g0xx_hal_i2c.o
 .text.I2C_DMAError
                0x08003b2c       0x18 Drivers\STM32G0xx_HAL_Driver\Src\stm32g0xx_hal_i2c.o
 .text.I2C_DMAMasterTransmitCplt
                0x08003b44       0x50 Drivers\STM32G0xx_HAL_Driver\Src\stm32g0xx_hal_i2c.o
 .text.HAL_I2C_ER_IRQHandler
                0x08003b94       0x58 Drivers\STM32G0xx_HAL_Driver\Src\stm32g0xx_hal_i2c.o
                0x08003b94                HAL_I2C_ER_IRQHandler
 .text.I2C_DMAAbort
                0x08003bec       0x28 Drivers\STM32G0xx_HAL_Driver\Src\stm32g0xx_hal_i2c.o
 .text.HAL_I2CEx_ConfigAnalogFilter
                0x08003c14       0x4c Drivers\STM32G0xx_HAL_Driver\Src\stm32g0xx_hal_i2c_ex.o
                0x08003c14                HAL_I2CEx_ConfigAnalogFilter
 .text.HAL_I2CEx_ConfigDigitalFilter
                0x08003c60       0x48 Drivers\STM32G0xx_HAL_Driver\Src\stm32g0xx_hal_i2c_ex.o
                0x08003c60                HAL_I2CEx_ConfigDigitalFilter
 .text.HAL_I2CEx_EnableFastModePlus
                0x08003ca8       0x28 Drivers\STM32G0xx_HAL_Driver\Src\stm32g0xx_hal_i2c_ex.o
                0x08003ca8                HAL_I2CEx_EnableFastModePlus
 .text.HAL_PWREx_ControlVoltageScaling
                0x08003cd0       0x54 Drivers\STM32G0xx_HAL_Driver\Src\stm32g0xx_hal_pwr_ex.o
                0x08003cd0                HAL_PWREx_ControlVoltageScaling
 .text.HAL_RCC_OscConfig
                0x08003d24      0x454 Drivers\STM32G0xx_HAL_Driver\Src\stm32g0xx_hal_rcc.o
                0x08003d24                HAL_RCC_OscConfig
 .text.HAL_RCC_GetSysClockFreq
                0x08004178       0x8c Drivers\STM32G0xx_HAL_Driver\Src\stm32g0xx_hal_rcc.o
                0x08004178                HAL_RCC_GetSysClockFreq
 .text.HAL_RCC_ClockConfig
                0x08004204      0x15c Drivers\STM32G0xx_HAL_Driver\Src\stm32g0xx_hal_rcc.o
                0x08004204                HAL_RCC_ClockConfig
 .text.HAL_RCC_GetPCLK1Freq
                0x08004360       0x28 Drivers\STM32G0xx_HAL_Driver\Src\stm32g0xx_hal_rcc.o
                0x08004360                HAL_RCC_GetPCLK1Freq
 .text.HAL_RCCEx_PeriphCLKConfig
                0x08004388      0x204 Drivers\STM32G0xx_HAL_Driver\Src\stm32g0xx_hal_rcc_ex.o
                0x08004388                HAL_RCCEx_PeriphCLKConfig
 .text.HAL_RTC_WaitForSynchro
                0x0800458c       0x34 Drivers\STM32G0xx_HAL_Driver\Src\stm32g0xx_hal_rtc.o
                0x0800458c                HAL_RTC_WaitForSynchro
 .text.RTC_EnterInitMode
                0x080045c0       0x46 Drivers\STM32G0xx_HAL_Driver\Src\stm32g0xx_hal_rtc.o
                0x080045c0                RTC_EnterInitMode
 *fill*         0x08004606        0x2 
 .text.RTC_ExitInitMode
                0x08004608       0x48 Drivers\STM32G0xx_HAL_Driver\Src\stm32g0xx_hal_rtc.o
                0x08004608                RTC_ExitInitMode
 .text.HAL_RTC_Init
                0x08004650       0xa0 Drivers\STM32G0xx_HAL_Driver\Src\stm32g0xx_hal_rtc.o
                0x08004650                HAL_RTC_Init
 .text.RTC_Bcd2ToByte
                0x080046f0       0x10 Drivers\STM32G0xx_HAL_Driver\Src\stm32g0xx_hal_rtc.o
                0x080046f0                RTC_Bcd2ToByte
 .text.HAL_RTC_GetTime
                0x08004700       0x50 Drivers\STM32G0xx_HAL_Driver\Src\stm32g0xx_hal_rtc.o
                0x08004700                HAL_RTC_GetTime
 .text.HAL_RTC_GetDate
                0x08004750       0x44 Drivers\STM32G0xx_HAL_Driver\Src\stm32g0xx_hal_rtc.o
                0x08004750                HAL_RTC_GetDate
 .text.HAL_SPI_Init
                0x08004794       0xbc Drivers\STM32G0xx_HAL_Driver\Src\stm32g0xx_hal_spi.o
                0x08004794                HAL_SPI_Init
 .text.HAL_TIM_Base_Start_IT
                0x08004850       0x28 Drivers\STM32G0xx_HAL_Driver\Src\stm32g0xx_hal_tim.o
                0x08004850                HAL_TIM_Base_Start_IT
 .text.HAL_TIM_Base_Stop_IT
                0x08004878       0x2c Drivers\STM32G0xx_HAL_Driver\Src\stm32g0xx_hal_tim.o
                0x08004878                HAL_TIM_Base_Stop_IT
 .text.HAL_TIM_OC_DelayElapsedCallback
                0x080048a4        0x2 Drivers\STM32G0xx_HAL_Driver\Src\stm32g0xx_hal_tim.o
                0x080048a4                HAL_TIM_OC_DelayElapsedCallback
 .text.HAL_TIM_IC_CaptureCallback
                0x080048a6        0x2 Drivers\STM32G0xx_HAL_Driver\Src\stm32g0xx_hal_tim.o
                0x080048a6                HAL_TIM_IC_CaptureCallback
 .text.HAL_TIM_PWM_PulseFinishedCallback
                0x080048a8        0x2 Drivers\STM32G0xx_HAL_Driver\Src\stm32g0xx_hal_tim.o
                0x080048a8                HAL_TIM_PWM_PulseFinishedCallback
 .text.HAL_TIM_TriggerCallback
                0x080048aa        0x2 Drivers\STM32G0xx_HAL_Driver\Src\stm32g0xx_hal_tim.o
                0x080048aa                HAL_TIM_TriggerCallback
 .text.HAL_TIM_IRQHandler
                0x080048ac      0x168 Drivers\STM32G0xx_HAL_Driver\Src\stm32g0xx_hal_tim.o
                0x080048ac                HAL_TIM_IRQHandler
 .text.HAL_TIM_Base_GetState
                0x08004a14        0x8 Drivers\STM32G0xx_HAL_Driver\Src\stm32g0xx_hal_tim.o
                0x08004a14                HAL_TIM_Base_GetState
 .text.TIM_Base_SetConfig
                0x08004a1c       0xa0 Drivers\STM32G0xx_HAL_Driver\Src\stm32g0xx_hal_tim.o
                0x08004a1c                TIM_Base_SetConfig
 .text.HAL_TIM_Base_Init
                0x08004abc       0x36 Drivers\STM32G0xx_HAL_Driver\Src\stm32g0xx_hal_tim.o
                0x08004abc                HAL_TIM_Base_Init
 *fill*         0x08004af2        0x2 
 .text.TIM_ETR_SetConfig
                0x08004af4       0x18 Drivers\STM32G0xx_HAL_Driver\Src\stm32g0xx_hal_tim.o
                0x08004af4                TIM_ETR_SetConfig
 .text.HAL_TIM_ConfigClockSource
                0x08004b0c      0x12c Drivers\STM32G0xx_HAL_Driver\Src\stm32g0xx_hal_tim.o
                0x08004b0c                HAL_TIM_ConfigClockSource
 .text.HAL_TIMEx_MasterConfigSynchronization
                0x08004c38       0x54 Drivers\STM32G0xx_HAL_Driver\Src\stm32g0xx_hal_tim_ex.o
                0x08004c38                HAL_TIMEx_MasterConfigSynchronization
 .text.HAL_TIMEx_ConfigBreakDeadTime
                0x08004c8c       0xbc Drivers\STM32G0xx_HAL_Driver\Src\stm32g0xx_hal_tim_ex.o
                0x08004c8c                HAL_TIMEx_ConfigBreakDeadTime
 .text.HAL_TIMEx_CommutCallback
                0x08004d48        0x2 Drivers\STM32G0xx_HAL_Driver\Src\stm32g0xx_hal_tim_ex.o
                0x08004d48                HAL_TIMEx_CommutCallback
 .text.HAL_TIMEx_BreakCallback
                0x08004d4a        0x2 Drivers\STM32G0xx_HAL_Driver\Src\stm32g0xx_hal_tim_ex.o
                0x08004d4a                HAL_TIMEx_BreakCallback
 .text.HAL_TIMEx_Break2Callback
                0x08004d4c        0x2 Drivers\STM32G0xx_HAL_Driver\Src\stm32g0xx_hal_tim_ex.o
                0x08004d4c                HAL_TIMEx_Break2Callback
 *fill*         0x08004d4e        0x2 
 .text.UART_EndRxTransfer
                0x08004d50       0x28 Drivers\STM32G0xx_HAL_Driver\Src\stm32g0xx_hal_uart.o
 .text.UART_TxISR_16BIT
                0x08004d78       0x40 Drivers\STM32G0xx_HAL_Driver\Src\stm32g0xx_hal_uart.o
 .text.UART_TxISR_16BIT_FIFOEN
                0x08004db8       0x5c Drivers\STM32G0xx_HAL_Driver\Src\stm32g0xx_hal_uart.o
 .text.UART_TxISR_8BIT
                0x08004e14       0x3c Drivers\STM32G0xx_HAL_Driver\Src\stm32g0xx_hal_uart.o
 .text.UART_TxISR_8BIT_FIFOEN
                0x08004e50       0x58 Drivers\STM32G0xx_HAL_Driver\Src\stm32g0xx_hal_uart.o
 .text.HAL_UART_Transmit_IT
                0x08004ea8       0xb4 Drivers\STM32G0xx_HAL_Driver\Src\stm32g0xx_hal_uart.o
                0x08004ea8                HAL_UART_Transmit_IT
 .text.HAL_UART_Receive_IT
                0x08004f5c      0x114 Drivers\STM32G0xx_HAL_Driver\Src\stm32g0xx_hal_uart.o
                0x08004f5c                HAL_UART_Receive_IT
 .text.UART_RxISR_8BIT
                0x08005070       0x64 Drivers\STM32G0xx_HAL_Driver\Src\stm32g0xx_hal_uart.o
 .text.UART_RxISR_16BIT
                0x080050d4       0x60 Drivers\STM32G0xx_HAL_Driver\Src\stm32g0xx_hal_uart.o
 .text.UART_RxISR_8BIT_FIFOEN
                0x08005134       0xac Drivers\STM32G0xx_HAL_Driver\Src\stm32g0xx_hal_uart.o
 .text.UART_RxISR_16BIT_FIFOEN
                0x080051e0       0xac Drivers\STM32G0xx_HAL_Driver\Src\stm32g0xx_hal_uart.o
 .text.HAL_UART_ErrorCallback
                0x0800528c        0x2 Drivers\STM32G0xx_HAL_Driver\Src\stm32g0xx_hal_uart.o
                0x0800528c                HAL_UART_ErrorCallback
 *fill*         0x0800528e        0x2 
 .text.HAL_UART_IRQHandler
                0x08005290      0x18c Drivers\STM32G0xx_HAL_Driver\Src\stm32g0xx_hal_uart.o
                0x08005290                HAL_UART_IRQHandler
 .text.UART_DMAAbortOnError
                0x0800541c       0x16 Drivers\STM32G0xx_HAL_Driver\Src\stm32g0xx_hal_uart.o
 *fill*         0x08005432        0x2 
 .text.UART_SetConfig
                0x08005434      0x834 Drivers\STM32G0xx_HAL_Driver\Src\stm32g0xx_hal_uart.o
                0x08005434                UART_SetConfig
 .text.UART_AdvFeatureConfig
                0x08005c68       0xd0 Drivers\STM32G0xx_HAL_Driver\Src\stm32g0xx_hal_uart.o
                0x08005c68                UART_AdvFeatureConfig
 .text.UART_WaitOnFlagUntilTimeout
                0x08005d38       0x64 Drivers\STM32G0xx_HAL_Driver\Src\stm32g0xx_hal_uart.o
                0x08005d38                UART_WaitOnFlagUntilTimeout
 .text.UART_CheckIdleState
                0x08005d9c       0x68 Drivers\STM32G0xx_HAL_Driver\Src\stm32g0xx_hal_uart.o
                0x08005d9c                UART_CheckIdleState
 .text.HAL_UART_Init
                0x08005e04       0x68 Drivers\STM32G0xx_HAL_Driver\Src\stm32g0xx_hal_uart.o
                0x08005e04                HAL_UART_Init
 .text.UARTEx_SetNbDataToProcess
                0x08005e6c       0x7c Drivers\STM32G0xx_HAL_Driver\Src\stm32g0xx_hal_uart_ex.o
 .text.HAL_UARTEx_WakeupCallback
                0x08005ee8        0x2 Drivers\STM32G0xx_HAL_Driver\Src\stm32g0xx_hal_uart_ex.o
                0x08005ee8                HAL_UARTEx_WakeupCallback
 .text.HAL_UARTEx_RxFifoFullCallback
                0x08005eea        0x2 Drivers\STM32G0xx_HAL_Driver\Src\stm32g0xx_hal_uart_ex.o
                0x08005eea                HAL_UARTEx_RxFifoFullCallback
 .text.HAL_UARTEx_TxFifoEmptyCallback
                0x08005eec        0x2 Drivers\STM32G0xx_HAL_Driver\Src\stm32g0xx_hal_uart_ex.o
                0x08005eec                HAL_UARTEx_TxFifoEmptyCallback
 .text.HAL_UARTEx_EnableFifoMode
                0x08005eee       0x3c Drivers\STM32G0xx_HAL_Driver\Src\stm32g0xx_hal_uart_ex.o
                0x08005eee                HAL_UARTEx_EnableFifoMode
 .text.HAL_UARTEx_SetTxFifoThreshold
                0x08005f2a       0x42 Drivers\STM32G0xx_HAL_Driver\Src\stm32g0xx_hal_uart_ex.o
                0x08005f2a                HAL_UARTEx_SetTxFifoThreshold
 .text.HAL_UARTEx_SetRxFifoThreshold
                0x08005f6c       0x48 Drivers\STM32G0xx_HAL_Driver\Src\stm32g0xx_hal_uart_ex.o
                0x08005f6c                HAL_UARTEx_SetRxFifoThreshold
 .text.MX_ADC1_Init
                0x08005fb4       0x94 Src\adc.o
                0x08005fb4                MX_ADC1_Init
 .text.HAL_ADC_MspInit
                0x08006048       0x6c Src\adc.o
                0x08006048                HAL_ADC_MspInit
 .text.bluetooth_refreshSelfInfo
                0x080060b4        0x4 Src\bluetooth.o
                0x080060b4                bluetooth_refreshSelfInfo
 .text.bluetoothFifoFlush
                0x080060b8       0x1c Src\bluetooth.o
                0x080060b8                bluetoothFifoFlush
 .text.bluetoothMsgFifoFlush
                0x080060d4       0x1c Src\bluetooth.o
                0x080060d4                bluetoothMsgFifoFlush
 .text.bluetoothDecodeMsg
                0x080060f0      0x134 Src\bluetooth.o
                0x080060f0                bluetoothDecodeMsg
 .text.bluetoothCMD_ACK
                0x08006224       0x90 Src\bluetooth.o
                0x08006224                bluetoothCMD_ACK
 .text.bluetoothEnterCMD
                0x080062b4       0x24 Src\bluetooth.o
                0x080062b4                bluetoothEnterCMD
 .text.bluetoothLeaveCMD
                0x080062d8       0x24 Src\bluetooth.o
                0x080062d8                bluetoothLeaveCMD
 .text.bluetoothInit
                0x080062fc      0x188 Src\bluetooth.o
                0x080062fc                bluetoothInit
 .text.bluetoothCMD_Until
                0x08006484       0x80 Src\bluetooth.o
                0x08006484                bluetoothCMD_Until
 .text.bluetoothCMD_Time
                0x08006504       0x64 Src\bluetooth.o
                0x08006504                bluetoothCMD_Time
 .text.bluetoothConnect
                0x08006568       0x5c Src\bluetooth.o
                0x08006568                bluetoothConnect
 .text.countOccurances
                0x080065c4       0x1a Src\bluetooth.o
                0x080065c4                countOccurances
 .text.replacechar
                0x080065de       0x1e Src\bluetooth.o
                0x080065de                replacechar
 .text.splitString
                0x080065fc       0x26 Src\bluetooth.o
                0x080065fc                splitString
 *fill*         0x08006622        0x2 
 .text.bluetoothGetScannedDevices
                0x08006624      0x2b4 Src\bluetooth.o
                0x08006624                bluetoothGetScannedDevices
 .text.bluetoothGetBondedDevices
                0x080068d8      0x154 Src\bluetooth.o
                0x080068d8                bluetoothGetBondedDevices
 .text.bluetoothConnectKnown
                0x08006a2c       0xdc Src\bluetooth.o
                0x08006a2c                bluetoothConnectKnown
 .text.MX_DMA_Init
                0x08006b08       0x2c Src\dma.o
                0x08006b08                MX_DMA_Init
 .text.MX_GPIO_Init
                0x08006b34      0x124 Src\gpio.o
                0x08006b34                MX_GPIO_Init
 .text.MX_I2C1_Init
                0x08006c58       0x64 Src\i2c.o
                0x08006c58                MX_I2C1_Init
 .text.HAL_I2C_MspInit
                0x08006cbc       0xb0 Src\i2c.o
                0x08006cbc                HAL_I2C_MspInit
 .text.SystemClock_Config
                0x08006d6c       0x94 Src\main.o
                0x08006d6c                SystemClock_Config
 .text.startup.main
                0x08006e00      0x1e0 Src\main.o
                0x08006e00                main
 .text.HAL_TIM_PeriodElapsedCallback
                0x08006fe0      0x29c Src\main.o
                0x08006fe0                HAL_TIM_PeriodElapsedCallback
 .text.HAL_GPIO_EXTI_Falling_Callback
                0x0800727c       0x30 Src\main.o
                0x0800727c                HAL_GPIO_EXTI_Falling_Callback
 .text.HAL_UART_RxCpltCallback
                0x080072ac      0x148 Src\main.o
                0x080072ac                HAL_UART_RxCpltCallback
 .text.HAL_UART_TxCpltCallback
                0x080073f4        0x2 Src\main.o
                0x080073f4                HAL_UART_TxCpltCallback
 .text.Error_Handler
                0x080073f6        0x2 Src\main.o
                0x080073f6                Error_Handler
 .text.workerAssert
                0x080073f8        0xa Src\midiController.o
                0x080073f8                workerAssert
 .text.workerDesert
                0x08007402        0x8 Src\midiController.o
                0x08007402                workerDesert
 .text.midiController_current_On
                0x0800740a       0x1e Src\midiController.o
                0x0800740a                midiController_current_On
 .text.midiController_current_Off
                0x08007428       0x1e Src\midiController.o
                0x08007428                midiController_current_Off
 *fill*         0x08007446        0x2 
 .text.midiController_record
                0x08007448       0x54 Src\midiController.o
                0x08007448                midiController_record
 .text.midiController_play
                0x0800749c       0x74 Src\midiController.o
                0x0800749c                midiController_play
 .text.midiController_stop
                0x08007510       0x30 Src\midiController.o
                0x08007510                midiController_stop
 .text.midiControl_checkKeyboard
                0x08007540      0x270 Src\midiController.o
                0x08007540                midiControl_checkKeyboard
 .text.sendMsg  0x080077b0       0x98 Src\msgDecoder.o
                0x080077b0                sendMsg
 .text.msgAOK   0x08007848       0x52 Src\msgDecoder.o
                0x08007848                msgAOK
 .text.msgERR   0x0800789a       0x3c Src\msgDecoder.o
                0x0800789a                msgERR
 *fill*         0x080078d6        0x2 
 .text.decodeMessage
                0x080078d8       0xac Src\msgDecoder.o
                0x080078d8                decodeMessage
 .text.oled_StartSplash
                0x08007984       0x60 Src\oled.o
                0x08007984                oled_StartSplash
 .text.oled_BtDevInfoSplash
                0x080079e4      0x10c Src\oled.o
                0x080079e4                oled_BtDevInfoSplash
 .text.oled_LoadingSplash
                0x08007af0       0x9c Src\oled.o
                0x08007af0                oled_LoadingSplash
 .text.oled_BtDevKeyEnterSplash
                0x08007b8c      0x808 Src\oled.o
                0x08007b8c                oled_BtDevKeyEnterSplash
 .text.oled_setDisplayedMenu
                0x08008394       0x74 Src\oled.o
                0x08008394                oled_setDisplayedMenu
 .text.oled_setDisplayedSplash
                0x08008408       0x28 Src\oled.o
                0x08008408                oled_setDisplayedSplash
 .text.oled_begin
                0x08008430       0x84 Src\oled.o
                0x08008430                oled_begin
 .text.oled_menuOnclick
                0x080084b4      0x24c Src\oled.o
                0x080084b4                oled_menuOnclick
 .text.oled_drawMenu
                0x08008700      0x314 Src\oled.o
                0x08008700                oled_drawMenu
 .text.oled_refresh
                0x08008a14       0x38 Src\oled.o
                0x08008a14                oled_refresh
 .text.oled_refreshResume
                0x08008a4c        0xc Src\oled.o
                0x08008a4c                oled_refreshResume
 .text.oled_ErrorSplash
                0x08008a58       0x58 Src\oled.o
                0x08008a58                oled_ErrorSplash
 .text.oled_BtDevPairRequestSplash
                0x08008ab0      0x1ac Src\oled.o
                0x08008ab0                oled_BtDevPairRequestSplash
 .text.oled_BtDevKeyRequestSplash
                0x08008c5c      0x310 Src\oled.o
                0x08008c5c                oled_BtDevKeyRequestSplash
 .text.oled_playingSplash
                0x08008f6c      0x120 Src\oled.o
                0x08008f6c                oled_playingSplash
 .text.oled_recordingSplash
                0x0800908c      0x120 Src\oled.o
                0x0800908c                oled_recordingSplash
 .text.MX_RTC_Init
                0x080091ac       0x38 Src\rtc.o
                0x080091ac                MX_RTC_Init
 .text.HAL_RTC_MspInit
                0x080091e4       0x34 Src\rtc.o
                0x080091e4                HAL_RTC_MspInit
 .text.MX_SPI1_Init
                0x08009218       0x4c Src\spi.o
                0x08009218                MX_SPI1_Init
 .text.HAL_SPI_MspInit
                0x08009264       0x84 Src\spi.o
                0x08009264                HAL_SPI_MspInit
 .text.ssd1306_WriteBufferByte
                0x080092e8       0x14 Src\ssd1306.o
                0x080092e8                ssd1306_WriteBufferByte
 .text.ssd1306_SendBuffer
                0x080092fc       0x28 Src\ssd1306.o
                0x080092fc                ssd1306_SendBuffer
 .text.ssd1306_Fill
                0x08009324       0x1c Src\ssd1306.o
                0x08009324                ssd1306_Fill
 .text.ssd1306_UpdateScreen
                0x08009340       0x4c Src\ssd1306.o
                0x08009340                ssd1306_UpdateScreen
 .text.ssd1306_Init
                0x0800938c      0x12c Src\ssd1306.o
                0x0800938c                ssd1306_Init
 .text.HAL_I2C_MemTxCpltCallback
                0x080094b8       0x34 Src\ssd1306.o
                0x080094b8                HAL_I2C_MemTxCpltCallback
 .text.ssd1306_DrawPixel
                0x080094ec       0x48 Src\ssd1306.o
                0x080094ec                ssd1306_DrawPixel
 .text.ssd1306_WriteChar
                0x08009534       0xac Src\ssd1306.o
                0x08009534                ssd1306_WriteChar
 .text.ssd1306_WriteString
                0x080095e0       0x28 Src\ssd1306.o
                0x080095e0                ssd1306_WriteString
 .text.ssd1306_SetCursor
                0x08009608        0xc Src\ssd1306.o
                0x08009608                ssd1306_SetCursor
 .text.HAL_MspInit
                0x08009614       0x40 Src\stm32g0xx_hal_msp.o
                0x08009614                HAL_MspInit
 .text.NMI_Handler
                0x08009654        0x2 Src\stm32g0xx_it.o
                0x08009654                NMI_Handler
 .text.HardFault_Handler
                0x08009656        0x2 Src\stm32g0xx_it.o
                0x08009656                HardFault_Handler
 .text.SVC_Handler
                0x08009658        0x2 Src\stm32g0xx_it.o
                0x08009658                SVC_Handler
 .text.PendSV_Handler
                0x0800965a        0x2 Src\stm32g0xx_it.o
                0x0800965a                PendSV_Handler
 .text.SysTick_Handler
                0x0800965c        0x8 Src\stm32g0xx_it.o
                0x0800965c                SysTick_Handler
 .text.EXTI4_15_IRQHandler
                0x08009664       0x12 Src\stm32g0xx_it.o
                0x08009664                EXTI4_15_IRQHandler
 *fill*         0x08009676        0x2 
 .text.DMA1_Channel1_IRQHandler
                0x08009678       0x10 Src\stm32g0xx_it.o
                0x08009678                DMA1_Channel1_IRQHandler
 .text.ADC1_COMP_IRQHandler
                0x08009688       0x10 Src\stm32g0xx_it.o
                0x08009688                ADC1_COMP_IRQHandler
 .text.TIM1_CC_IRQHandler
                0x08009698       0x10 Src\stm32g0xx_it.o
                0x08009698                TIM1_CC_IRQHandler
 .text.TIM1_BRK_UP_TRG_COM_IRQHandler
                0x080096a8        0x8 Src\stm32g0xx_it.o
                0x080096a8                TIM1_BRK_UP_TRG_COM_IRQHandler
 .text.TIM2_IRQHandler
                0x080096b0       0x10 Src\stm32g0xx_it.o
                0x080096b0                TIM2_IRQHandler
 .text.TIM3_IRQHandler
                0x080096c0       0x10 Src\stm32g0xx_it.o
                0x080096c0                TIM3_IRQHandler
 .text.TIM6_DAC_LPTIM1_IRQHandler
                0x080096d0       0x10 Src\stm32g0xx_it.o
                0x080096d0                TIM6_DAC_LPTIM1_IRQHandler
 .text.I2C1_IRQHandler
                0x080096e0       0x20 Src\stm32g0xx_it.o
                0x080096e0                I2C1_IRQHandler
 .text.USART2_IRQHandler
                0x08009700       0x10 Src\stm32g0xx_it.o
                0x08009700                USART2_IRQHandler
 .text._sbrk    0x08009710       0x34 Src\syscalls.o
                0x08009710                _sbrk
 .text.SystemInit
                0x08009744       0x10 Src\system_stm32g0xx.o
                0x08009744                SystemInit
 .text.MX_TIM1_Init
                0x08009754       0x9c Src\tim.o
                0x08009754                MX_TIM1_Init
 .text.MX_TIM2_Init
                0x080097f0       0x78 Src\tim.o
                0x080097f0                MX_TIM2_Init
 .text.MX_TIM3_Init
                0x08009868       0x7c Src\tim.o
                0x08009868                MX_TIM3_Init
 .text.MX_TIM6_Init
                0x080098e4       0x54 Src\tim.o
                0x080098e4                MX_TIM6_Init
 .text.HAL_TIM_Base_MspInit
                0x08009938       0xc8 Src\tim.o
                0x08009938                HAL_TIM_Base_MspInit
 .text.MX_UCPD1_Init
                0x08009a00       0x20 Src\ucpd.o
                0x08009a00                MX_UCPD1_Init
 .text.MX_USART2_UART_Init
                0x08009a20       0x6c Src\usart.o
                0x08009a20                MX_USART2_UART_Init
 .text.HAL_UART_MspInit
                0x08009a8c       0x6c Src\usart.o
                0x08009a8c                HAL_UART_MspInit
 .text.Reset_Handler
                0x08009af8       0x50 startup\startup_stm32g071xx.o
                0x08009af8                Reset_Handler
 .text.Default_Handler
                0x08009b48        0x2 startup\startup_stm32g071xx.o
                0x08009b48                USART3_4_LPUART1_IRQHandler
                0x08009b48                PVD_IRQHandler
                0x08009b48                TIM7_LPTIM2_IRQHandler
                0x08009b48                RTC_TAMP_IRQHandler
                0x08009b48                SPI1_IRQHandler
                0x08009b48                EXTI2_3_IRQHandler
                0x08009b48                I2C2_IRQHandler
                0x08009b48                TIM17_IRQHandler
                0x08009b48                TIM16_IRQHandler
                0x08009b48                RCC_IRQHandler
                0x08009b48                Default_Handler
                0x08009b48                CEC_IRQHandler
                0x08009b48                TIM14_IRQHandler
                0x08009b48                TIM15_IRQHandler
                0x08009b48                EXTI0_1_IRQHandler
                0x08009b48                SPI2_IRQHandler
                0x08009b48                WWDG_IRQHandler
                0x08009b48                DMA1_Ch4_7_DMAMUX1_OVR_IRQHandler
                0x08009b48                DMA1_Channel2_3_IRQHandler
                0x08009b48                UCPD1_2_IRQHandler
                0x08009b48                FLASH_IRQHandler
                0x08009b48                USART1_IRQHandler
 *fill*         0x08009b4a        0x2 
 .text.__errno  0x08009b4c        0xc c:/program files (x86)/atollic/truestudio for stm32 9.3.0/armtools/bin/../lib/gcc/arm-atollic-eabi/6.3.1/../../../../arm-atollic-eabi/lib/armv6-m\libc_nano.a(lib_a-errno.o)
                0x08009b4c                __errno
 .text.__libc_init_array
                0x08009b58       0x48 c:/program files (x86)/atollic/truestudio for stm32 9.3.0/armtools/bin/../lib/gcc/arm-atollic-eabi/6.3.1/../../../../arm-atollic-eabi/lib/armv6-m\libc_nano.a(lib_a-init.o)
                0x08009b58                __libc_init_array
 .text.malloc   0x08009ba0       0x14 c:/program files (x86)/atollic/truestudio for stm32 9.3.0/armtools/bin/../lib/gcc/arm-atollic-eabi/6.3.1/../../../../arm-atollic-eabi/lib/armv6-m\libc_nano.a(lib_a-malloc.o)
                0x08009ba0                malloc
 .text.free     0x08009bb4       0x14 c:/program files (x86)/atollic/truestudio for stm32 9.3.0/armtools/bin/../lib/gcc/arm-atollic-eabi/6.3.1/../../../../arm-atollic-eabi/lib/armv6-m\libc_nano.a(lib_a-malloc.o)
                0x08009bb4                free
 .text.memcpy   0x08009bc8       0x12 c:/program files (x86)/atollic/truestudio for stm32 9.3.0/armtools/bin/../lib/gcc/arm-atollic-eabi/6.3.1/../../../../arm-atollic-eabi/lib/armv6-m\libc_nano.a(lib_a-memcpy-stub.o)
                0x08009bc8                memcpy
 .text.memset   0x08009bda       0x10 c:/program files (x86)/atollic/truestudio for stm32 9.3.0/armtools/bin/../lib/gcc/arm-atollic-eabi/6.3.1/../../../../arm-atollic-eabi/lib/armv6-m\libc_nano.a(lib_a-memset.o)
                0x08009bda                memset
 *fill*         0x08009bea        0x2 
 .text._free_r  0x08009bec       0x94 c:/program files (x86)/atollic/truestudio for stm32 9.3.0/armtools/bin/../lib/gcc/arm-atollic-eabi/6.3.1/../../../../arm-atollic-eabi/lib/armv6-m\libc_nano.a(lib_a-nano-freer.o)
                0x08009bec                _free_r
 .text._malloc_r
                0x08009c80       0xbc c:/program files (x86)/atollic/truestudio for stm32 9.3.0/armtools/bin/../lib/gcc/arm-atollic-eabi/6.3.1/../../../../arm-atollic-eabi/lib/armv6-m\libc_nano.a(lib_a-nano-mallocr.o)
                0x08009c80                _malloc_r
 .text._sbrk_r  0x08009d3c       0x24 c:/program files (x86)/atollic/truestudio for stm32 9.3.0/armtools/bin/../lib/gcc/arm-atollic-eabi/6.3.1/../../../../arm-atollic-eabi/lib/armv6-m\libc_nano.a(lib_a-sbrkr.o)
                0x08009d3c                _sbrk_r
 .text.sprintf  0x08009d60       0x44 c:/program files (x86)/atollic/truestudio for stm32 9.3.0/armtools/bin/../lib/gcc/arm-atollic-eabi/6.3.1/../../../../arm-atollic-eabi/lib/armv6-m\libc_nano.a(lib_a-sprintf.o)
                0x08009d60                siprintf
                0x08009d60                sprintf
 .text.sscanf   0x08009da4       0x50 c:/program files (x86)/atollic/truestudio for stm32 9.3.0/armtools/bin/../lib/gcc/arm-atollic-eabi/6.3.1/../../../../arm-atollic-eabi/lib/armv6-m\libc_nano.a(lib_a-sscanf.o)
                0x08009da4                siscanf
                0x08009da4                sscanf
 .text.__seofread
                0x08009df4        0x4 c:/program files (x86)/atollic/truestudio for stm32 9.3.0/armtools/bin/../lib/gcc/arm-atollic-eabi/6.3.1/../../../../arm-atollic-eabi/lib/armv6-m\libc_nano.a(lib_a-stdio.o)
                0x08009df4                __seofread
 .text.strchr   0x08009df8       0x1c c:/program files (x86)/atollic/truestudio for stm32 9.3.0/armtools/bin/../lib/gcc/arm-atollic-eabi/6.3.1/../../../../arm-atollic-eabi/lib/armv6-m\libc_nano.a(lib_a-strchr.o)
                0x08009df8                strchr
 .text.strcpy   0x08009e14       0x10 c:/program files (x86)/atollic/truestudio for stm32 9.3.0/armtools/bin/../lib/gcc/arm-atollic-eabi/6.3.1/../../../../arm-atollic-eabi/lib/armv6-m\libc_nano.a(lib_a-strcpy.o)
                0x08009e14                strcpy
 .text.strstr   0x08009e24       0x30 c:/program files (x86)/atollic/truestudio for stm32 9.3.0/armtools/bin/../lib/gcc/arm-atollic-eabi/6.3.1/../../../../arm-atollic-eabi/lib/armv6-m\libc_nano.a(lib_a-strstr.o)
                0x08009e24                strstr
 .text.strtok   0x08009e54       0x50 c:/program files (x86)/atollic/truestudio for stm32 9.3.0/armtools/bin/../lib/gcc/arm-atollic-eabi/6.3.1/../../../../arm-atollic-eabi/lib/armv6-m\libc_nano.a(lib_a-strtok.o)
                0x08009e54                strtok
 .text.__strtok_r
                0x08009ea4       0x5c c:/program files (x86)/atollic/truestudio for stm32 9.3.0/armtools/bin/../lib/gcc/arm-atollic-eabi/6.3.1/../../../../arm-atollic-eabi/lib/armv6-m\libc_nano.a(lib_a-strtok_r.o)
                0x08009ea4                __strtok_r
 .text.__malloc_lock
                0x08009f00        0x2 c:/program files (x86)/atollic/truestudio for stm32 9.3.0/armtools/bin/../lib/gcc/arm-atollic-eabi/6.3.1/../../../../arm-atollic-eabi/lib/armv6-m\libc_nano.a(lib_a-mlock.o)
                0x08009f00                __malloc_lock
 .text.__malloc_unlock
                0x08009f02        0x2 c:/program files (x86)/atollic/truestudio for stm32 9.3.0/armtools/bin/../lib/gcc/arm-atollic-eabi/6.3.1/../../../../arm-atollic-eabi/lib/armv6-m\libc_nano.a(lib_a-mlock.o)
                0x08009f02                __malloc_unlock
 .text.__ssputs_r
                0x08009f04       0xc4 c:/program files (x86)/atollic/truestudio for stm32 9.3.0/armtools/bin/../lib/gcc/arm-atollic-eabi/6.3.1/../../../../arm-atollic-eabi/lib/armv6-m\libc_nano.a(lib_a-nano-svfprintf.o)
                0x08009f04                __ssputs_r
 .text._svfprintf_r
                0x08009fc8      0x208 c:/program files (x86)/atollic/truestudio for stm32 9.3.0/armtools/bin/../lib/gcc/arm-atollic-eabi/6.3.1/../../../../arm-atollic-eabi/lib/armv6-m\libc_nano.a(lib_a-nano-svfprintf.o)
                0x08009fc8                _svfiprintf_r
                0x08009fc8                _svfprintf_r
 .text._sungetc_r
                0x0800a1d0       0x78 c:/program files (x86)/atollic/truestudio for stm32 9.3.0/armtools/bin/../lib/gcc/arm-atollic-eabi/6.3.1/../../../../arm-atollic-eabi/lib/armv6-m\libc_nano.a(lib_a-nano-svfscanf.o)
                0x0800a1d0                _sungetc_r
 .text.__ssrefill_r
                0x0800a248       0x3e c:/program files (x86)/atollic/truestudio for stm32 9.3.0/armtools/bin/../lib/gcc/arm-atollic-eabi/6.3.1/../../../../arm-atollic-eabi/lib/armv6-m\libc_nano.a(lib_a-nano-svfscanf.o)
                0x0800a248                __ssrefill_r
 *fill*         0x0800a286        0x2 
 .text.__ssvfscanf_r
                0x0800a288      0x30c c:/program files (x86)/atollic/truestudio for stm32 9.3.0/armtools/bin/../lib/gcc/arm-atollic-eabi/6.3.1/../../../../arm-atollic-eabi/lib/armv6-m\libc_nano.a(lib_a-nano-svfscanf.o)
                0x0800a288                __ssvfiscanf_r
                0x0800a288                __ssvfscanf_r
 .text._printf_common
                0x0800a594       0xda c:/program files (x86)/atollic/truestudio for stm32 9.3.0/armtools/bin/../lib/gcc/arm-atollic-eabi/6.3.1/../../../../arm-atollic-eabi/lib/armv6-m\libc_nano.a(lib_a-nano-vfprintf_i.o)
                0x0800a594                _printf_common
 *fill*         0x0800a66e        0x2 
 .text._printf_i
                0x0800a670      0x234 c:/program files (x86)/atollic/truestudio for stm32 9.3.0/armtools/bin/../lib/gcc/arm-atollic-eabi/6.3.1/../../../../arm-atollic-eabi/lib/armv6-m\libc_nano.a(lib_a-nano-vfprintf_i.o)
                0x0800a670                _printf_i
 .text._scanf_chars
                0x0800a8a4       0xc8 c:/program files (x86)/atollic/truestudio for stm32 9.3.0/armtools/bin/../lib/gcc/arm-atollic-eabi/6.3.1/../../../../arm-atollic-eabi/lib/armv6-m\libc_nano.a(lib_a-nano-vfscanf_i.o)
                0x0800a8a4                _scanf_chars
 .text._scanf_i
                0x0800a96c      0x200 c:/program files (x86)/atollic/truestudio for stm32 9.3.0/armtools/bin/../lib/gcc/arm-atollic-eabi/6.3.1/../../../../arm-atollic-eabi/lib/armv6-m\libc_nano.a(lib_a-nano-vfscanf_i.o)
                0x0800a96c                _scanf_i
 .text.__sccl   0x0800ab6c       0x62 c:/program files (x86)/atollic/truestudio for stm32 9.3.0/armtools/bin/../lib/gcc/arm-atollic-eabi/6.3.1/../../../../arm-atollic-eabi/lib/armv6-m\libc_nano.a(lib_a-sccl.o)
                0x0800ab6c                __sccl
 *fill*         0x0800abce        0x2 
 .text._strtol_l.isra.0
                0x0800abd0      0x10c c:/program files (x86)/atollic/truestudio for stm32 9.3.0/armtools/bin/../lib/gcc/arm-atollic-eabi/6.3.1/../../../../arm-atollic-eabi/lib/armv6-m\libc_nano.a(lib_a-strtol.o)
 .text._strtol_r
                0x0800acdc       0x20 c:/program files (x86)/atollic/truestudio for stm32 9.3.0/armtools/bin/../lib/gcc/arm-atollic-eabi/6.3.1/../../../../arm-atollic-eabi/lib/armv6-m\libc_nano.a(lib_a-strtol.o)
                0x0800acdc                _strtol_r
 .text._strtoul_l.isra.0
                0x0800acfc      0x10e c:/program files (x86)/atollic/truestudio for stm32 9.3.0/armtools/bin/../lib/gcc/arm-atollic-eabi/6.3.1/../../../../arm-atollic-eabi/lib/armv6-m\libc_nano.a(lib_a-strtoul.o)
 *fill*         0x0800ae0a        0x2 
 .text._strtoul_r
                0x0800ae0c       0x20 c:/program files (x86)/atollic/truestudio for stm32 9.3.0/armtools/bin/../lib/gcc/arm-atollic-eabi/6.3.1/../../../../arm-atollic-eabi/lib/armv6-m\libc_nano.a(lib_a-strtoul.o)
                0x0800ae0c                _strtoul_r
 .text.__submore
                0x0800ae2c       0x7c c:/program files (x86)/atollic/truestudio for stm32 9.3.0/armtools/bin/../lib/gcc/arm-atollic-eabi/6.3.1/../../../../arm-atollic-eabi/lib/armv6-m\libc_nano.a(lib_a-ungetc.o)
                0x0800ae2c                __submore
 .text.__locale_ctype_ptr_l
                0x0800aea8        0x6 c:/program files (x86)/atollic/truestudio for stm32 9.3.0/armtools/bin/../lib/gcc/arm-atollic-eabi/6.3.1/../../../../arm-atollic-eabi/lib/armv6-m\libc_nano.a(lib_a-locale.o)
                0x0800aea8                __locale_ctype_ptr_l
 *fill*         0x0800aeae        0x2 
 .text.__locale_ctype_ptr
                0x0800aeb0       0x1c c:/program files (x86)/atollic/truestudio for stm32 9.3.0/armtools/bin/../lib/gcc/arm-atollic-eabi/6.3.1/../../../../arm-atollic-eabi/lib/armv6-m\libc_nano.a(lib_a-locale.o)
                0x0800aeb0                __locale_ctype_ptr
 .text.__ascii_mbtowc
                0x0800aecc       0x24 c:/program files (x86)/atollic/truestudio for stm32 9.3.0/armtools/bin/../lib/gcc/arm-atollic-eabi/6.3.1/../../../../arm-atollic-eabi/lib/armv6-m\libc_nano.a(lib_a-mbtowc_r.o)
                0x0800aecc                __ascii_mbtowc
 .text.memchr   0x0800aef0       0x16 c:/program files (x86)/atollic/truestudio for stm32 9.3.0/armtools/bin/../lib/gcc/arm-atollic-eabi/6.3.1/../../../../arm-atollic-eabi/lib/armv6-m\libc_nano.a(lib_a-memchr-stub.o)
                0x0800aef0                memchr
 .text.memmove  0x0800af06       0x24 c:/program files (x86)/atollic/truestudio for stm32 9.3.0/armtools/bin/../lib/gcc/arm-atollic-eabi/6.3.1/../../../../arm-atollic-eabi/lib/armv6-m\libc_nano.a(lib_a-memmove.o)
                0x0800af06                memmove
 .text._realloc_r
                0x0800af2a       0x4c c:/program files (x86)/atollic/truestudio for stm32 9.3.0/armtools/bin/../lib/gcc/arm-atollic-eabi/6.3.1/../../../../arm-atollic-eabi/lib/armv6-m\libc_nano.a(lib_a-nano-reallocr.o)
                0x0800af2a                _realloc_r
 .text.__ascii_wctomb
                0x0800af76       0x18 c:/program files (x86)/atollic/truestudio for stm32 9.3.0/armtools/bin/../lib/gcc/arm-atollic-eabi/6.3.1/../../../../arm-atollic-eabi/lib/armv6-m\libc_nano.a(lib_a-wctomb_r.o)
                0x0800af76                __ascii_wctomb
 .text._malloc_usable_size_r
                0x0800af8e       0x10 c:/program files (x86)/atollic/truestudio for stm32 9.3.0/armtools/bin/../lib/gcc/arm-atollic-eabi/6.3.1/../../../../arm-atollic-eabi/lib/armv6-m\libc_nano.a(lib_a-nano-msizer.o)
                0x0800af8e                _malloc_usable_size_r
 *fill*         0x0800af9e        0x2 
 .text.pow      0x0800afa0      0x348 c:/program files (x86)/atollic/truestudio for stm32 9.3.0/armtools/bin/../lib/gcc/arm-atollic-eabi/6.3.1/../../../../arm-atollic-eabi/lib/armv6-m\libm.a(lib_a-w_pow.o)
                0x0800afa0                pow
 .text.__ieee754_pow
                0x0800b2e8      0x9bc c:/program files (x86)/atollic/truestudio for stm32 9.3.0/armtools/bin/../lib/gcc/arm-atollic-eabi/6.3.1/../../../../arm-atollic-eabi/lib/armv6-m\libm.a(lib_a-e_pow.o)
                0x0800b2e8                __ieee754_pow
 .text.__ieee754_sqrt
                0x0800bca4      0x160 c:/program files (x86)/atollic/truestudio for stm32 9.3.0/armtools/bin/../lib/gcc/arm-atollic-eabi/6.3.1/../../../../arm-atollic-eabi/lib/armv6-m\libm.a(lib_a-e_sqrt.o)
                0x0800bca4                __ieee754_sqrt
 .text.fabs     0x0800be04        0x8 c:/program files (x86)/atollic/truestudio for stm32 9.3.0/armtools/bin/../lib/gcc/arm-atollic-eabi/6.3.1/../../../../arm-atollic-eabi/lib/armv6-m\libm.a(lib_a-s_fabs.o)
                0x0800be04                fabs
 .text.finite   0x0800be0c       0x10 c:/program files (x86)/atollic/truestudio for stm32 9.3.0/armtools/bin/../lib/gcc/arm-atollic-eabi/6.3.1/../../../../arm-atollic-eabi/lib/armv6-m\libm.a(lib_a-s_finite.o)
                0x0800be0c                finite
 .text.matherr  0x0800be1c        0x4 c:/program files (x86)/atollic/truestudio for stm32 9.3.0/armtools/bin/../lib/gcc/arm-atollic-eabi/6.3.1/../../../../arm-atollic-eabi/lib/armv6-m\libm.a(lib_a-s_matherr.o)
                0x0800be1c                matherr
 .text.nan      0x0800be20        0xc c:/program files (x86)/atollic/truestudio for stm32 9.3.0/armtools/bin/../lib/gcc/arm-atollic-eabi/6.3.1/../../../../arm-atollic-eabi/lib/armv6-m\libm.a(lib_a-s_nan.o)
                0x0800be20                nan
 .text.rint     0x0800be2c      0x110 c:/program files (x86)/atollic/truestudio for stm32 9.3.0/armtools/bin/../lib/gcc/arm-atollic-eabi/6.3.1/../../../../arm-atollic-eabi/lib/armv6-m\libm.a(lib_a-s_rint.o)
                0x0800be2c                rint
 .text.scalbn   0x0800bf3c       0xc8 c:/program files (x86)/atollic/truestudio for stm32 9.3.0/armtools/bin/../lib/gcc/arm-atollic-eabi/6.3.1/../../../../arm-atollic-eabi/lib/armv6-m\libm.a(lib_a-s_scalbn.o)
                0x0800bf3c                scalbn
 .text.copysign
                0x0800c004       0x10 c:/program files (x86)/atollic/truestudio for stm32 9.3.0/armtools/bin/../lib/gcc/arm-atollic-eabi/6.3.1/../../../../arm-atollic-eabi/lib/armv6-m\libm.a(lib_a-s_copysign.o)
                0x0800c004                copysign
 *(.glue_7)
 .glue_7        0x0800c014        0x0 linker stubs
 *(.glue_7t)
 .glue_7t       0x0800c014        0x0 linker stubs
 *(.eh_frame)
 .eh_frame      0x0800c014        0x0 c:/program files (x86)/atollic/truestudio for stm32 9.3.0/armtools/bin/../lib/gcc/arm-atollic-eabi/6.3.1/armv6-m/crtbegin.o
 *(.init)
 .init          0x0800c014        0x4 c:/program files (x86)/atollic/truestudio for stm32 9.3.0/armtools/bin/../lib/gcc/arm-atollic-eabi/6.3.1/armv6-m/crti.o
                0x0800c014                _init
 .init          0x0800c018        0x8 c:/program files (x86)/atollic/truestudio for stm32 9.3.0/armtools/bin/../lib/gcc/arm-atollic-eabi/6.3.1/armv6-m/crtn.o
 *(.fini)
 .fini          0x0800c020        0x4 c:/program files (x86)/atollic/truestudio for stm32 9.3.0/armtools/bin/../lib/gcc/arm-atollic-eabi/6.3.1/armv6-m/crti.o
                0x0800c020                _fini
 .fini          0x0800c024        0x8 c:/program files (x86)/atollic/truestudio for stm32 9.3.0/armtools/bin/../lib/gcc/arm-atollic-eabi/6.3.1/armv6-m/crtn.o
                0x0800c02c                . = ALIGN (0x4)
                0x0800c02c                _etext = .

.vfp11_veneer   0x0800c02c        0x0
 .vfp11_veneer  0x0800c02c        0x0 linker stubs

.v4_bx          0x0800c02c        0x0
 .v4_bx         0x0800c02c        0x0 linker stubs

.iplt           0x0800c02c        0x0
 .iplt          0x0800c02c        0x0 c:/program files (x86)/atollic/truestudio for stm32 9.3.0/armtools/bin/../lib/gcc/arm-atollic-eabi/6.3.1/armv6-m/crtbegin.o

.rodata         0x0800c030     0x1c68
                0x0800c030                . = ALIGN (0x4)
 *(.rodata)
 .rodata        0x0800c030        0xc c:/program files (x86)/atollic/truestudio for stm32 9.3.0/armtools/bin/../lib/gcc/arm-atollic-eabi/6.3.1/../../../../arm-atollic-eabi/lib/armv6-m\libc_nano.a(lib_a-nano-vfscanf_i.o)
 .rodata        0x0800c03c       0x40 c:/program files (x86)/atollic/truestudio for stm32 9.3.0/armtools/bin/../lib/gcc/arm-atollic-eabi/6.3.1/armv6-m\libgcc.a(divdf3.o)
 .rodata        0x0800c07c       0x40 c:/program files (x86)/atollic/truestudio for stm32 9.3.0/armtools/bin/../lib/gcc/arm-atollic-eabi/6.3.1/armv6-m\libgcc.a(muldf3.o)
 *(.rodata*)
 .rodata.CSWTCH.256
                0x0800c0bc        0x4 Drivers\STM32G0xx_HAL_Driver\Src\stm32g0xx_hal_uart.o
 .rodata.CSWTCH.257
                0x0800c0c0        0xd Drivers\STM32G0xx_HAL_Driver\Src\stm32g0xx_hal_uart.o
 .rodata.bluetoothConnect.str1.1
                0x0800c0cd        0x8 Src\bluetooth.o
 .rodata.bluetoothConnectKnown.str1.1
                0x0800c0d5        0x8 Src\bluetooth.o
                                 0x19 (size before relaxing)
 .rodata.bluetoothDecodeMsg.str1.1
                0x0800c0d5       0x7d Src\bluetooth.o
                                 0x83 (size before relaxing)
 .rodata.bluetoothEnterCMD.str1.1
                0x0800c152        0x9 Src\bluetooth.o
 .rodata.bluetoothGetBondedDevices.str1.1
                0x0800c15b       0x24 Src\bluetooth.o
 .rodata.bluetoothGetScannedDevices.str1.1
                0x0800c17f       0xcf Src\bluetooth.o
                                 0xd1 (size before relaxing)
 .rodata.bluetoothInit.str1.1
                0x0800c24e       0x77 Src\bluetooth.o
 .rodata.bluetoothLeaveCMD.str1.1
                0x0800c2c5        0xb Src\bluetooth.o
 .rodata.main.str1.1
                0x0800c2d0       0x4c Src\main.o
                                 0x4d (size before relaxing)
 .rodata.oled_BtDevInfoSplash.str1.1
                0x0800c31c        0xb Src\oled.o
                                 0x29 (size before relaxing)
 .rodata.oled_BtDevKeyEnterSplash.str1.1
                0x0800c327        0xb Src\oled.o
                                 0x11 (size before relaxing)
 .rodata.oled_BtDevKeyRequestSplash.str1.1
                0x0800c332       0x10 Src\oled.o
 .rodata.oled_BtDevPairRequestSplash.str1.1
                0x0800c342       0x18 Src\oled.o
                                 0x1c (size before relaxing)
 .rodata.oled_ErrorSplash.str1.1
                0x0800c35a        0x7 Src\oled.o
 .rodata.oled_StartSplash.str1.1
                0x0800c361       0x1b Src\oled.o
 .rodata.oled_begin.str1.1
                0x0800c37c        0x9 Src\oled.o
                                  0xa (size before relaxing)
 .rodata.oled_drawMenu.str1.1
                0x0800c385        0xc Src\oled.o
 .rodata.oled_menuOnclick.str1.1
                0x0800c391       0x44 Src\oled.o
                                 0x71 (size before relaxing)
 .rodata.oled_playingSplash.str1.1
                0x0800c3d5       0x13 Src\oled.o
 .rodata.oled_recordingSplash.str1.1
                0x0800c3e8        0x9 Src\oled.o
 .rodata.str1.1
                0x0800c3f1       0x6b Src\oled.o
                                 0x70 (size before relaxing)
 .rodata.Font11x18
                0x0800c45c      0xd5c Src\ssd1306_fonts.o
 .rodata.Font7x10
                0x0800d1b8      0x76c Src\ssd1306_fonts.o
 .rodata.Icon11x18
                0x0800d924       0xfc Src\ssd1306_fonts.o
 .rodata.Icon7x10
                0x0800da20       0x14 Src\ssd1306_fonts.o
 .rodata.AHBPrescTable
                0x0800da34       0x40 Src\system_stm32g0xx.o
                0x0800da34                AHBPrescTable
 .rodata.APBPrescTable
                0x0800da74       0x20 Src\system_stm32g0xx.o
                0x0800da74                APBPrescTable
 .rodata._svfprintf_r.str1.1
                0x0800da94       0x11 c:/program files (x86)/atollic/truestudio for stm32 9.3.0/armtools/bin/../lib/gcc/arm-atollic-eabi/6.3.1/../../../../arm-atollic-eabi/lib/armv6-m\libc_nano.a(lib_a-nano-svfprintf.o)
 .rodata.__ssvfscanf_r.str1.1
                0x0800daa5        0x4 c:/program files (x86)/atollic/truestudio for stm32 9.3.0/armtools/bin/../lib/gcc/arm-atollic-eabi/6.3.1/../../../../arm-atollic-eabi/lib/armv6-m\libc_nano.a(lib_a-nano-svfscanf.o)
 .rodata._printf_i.str1.1
                0x0800daa5       0x22 c:/program files (x86)/atollic/truestudio for stm32 9.3.0/armtools/bin/../lib/gcc/arm-atollic-eabi/6.3.1/../../../../arm-atollic-eabi/lib/armv6-m\libc_nano.a(lib_a-nano-vfprintf_i.o)
 .rodata._scanf_i.str1.1
                0x0800dac7       0x12 c:/program files (x86)/atollic/truestudio for stm32 9.3.0/armtools/bin/../lib/gcc/arm-atollic-eabi/6.3.1/../../../../arm-atollic-eabi/lib/armv6-m\libc_nano.a(lib_a-nano-vfscanf_i.o)
 .rodata.str1.1
                0x0800dad9        0x9 c:/program files (x86)/atollic/truestudio for stm32 9.3.0/armtools/bin/../lib/gcc/arm-atollic-eabi/6.3.1/../../../../arm-atollic-eabi/lib/armv6-m\libc_nano.a(lib_a-nano-vfscanf_i.o)
 *fill*         0x0800dae2        0x2 
 .rodata.__sf_fake_stderr
                0x0800dae4       0x20 c:/program files (x86)/atollic/truestudio for stm32 9.3.0/armtools/bin/../lib/gcc/arm-atollic-eabi/6.3.1/../../../../arm-atollic-eabi/lib/armv6-m\libc_nano.a(lib_a-findfp.o)
                0x0800dae4                __sf_fake_stderr
 .rodata.__sf_fake_stdin
                0x0800db04       0x20 c:/program files (x86)/atollic/truestudio for stm32 9.3.0/armtools/bin/../lib/gcc/arm-atollic-eabi/6.3.1/../../../../arm-atollic-eabi/lib/armv6-m\libc_nano.a(lib_a-findfp.o)
                0x0800db04                __sf_fake_stdin
 .rodata.__sf_fake_stdout
                0x0800db24       0x20 c:/program files (x86)/atollic/truestudio for stm32 9.3.0/armtools/bin/../lib/gcc/arm-atollic-eabi/6.3.1/../../../../arm-atollic-eabi/lib/armv6-m\libc_nano.a(lib_a-findfp.o)
                0x0800db24                __sf_fake_stdout
 .rodata._setlocale_r.str1.1
                0x0800db44        0x8 c:/program files (x86)/atollic/truestudio for stm32 9.3.0/armtools/bin/../lib/gcc/arm-atollic-eabi/6.3.1/../../../../arm-atollic-eabi/lib/armv6-m\libc_nano.a(lib_a-locale.o)
                                  0x9 (size before relaxing)
 .rodata.str1.1
                0x0800db4c        0x2 c:/program files (x86)/atollic/truestudio for stm32 9.3.0/armtools/bin/../lib/gcc/arm-atollic-eabi/6.3.1/../../../../arm-atollic-eabi/lib/armv6-m\libc_nano.a(lib_a-locale.o)
 .rodata._ctype_
                0x0800db4e      0x101 c:/program files (x86)/atollic/truestudio for stm32 9.3.0/armtools/bin/../lib/gcc/arm-atollic-eabi/6.3.1/../../../../arm-atollic-eabi/lib/armv6-m\libc_nano.a(lib_a-ctype_.o)
                0x0800db4e                _ctype_
 .rodata.pow.str1.1
                0x0800dc4f        0x4 c:/program files (x86)/atollic/truestudio for stm32 9.3.0/armtools/bin/../lib/gcc/arm-atollic-eabi/6.3.1/../../../../arm-atollic-eabi/lib/armv6-m\libm.a(lib_a-w_pow.o)
 .rodata.__ieee754_pow.str1.1
                0x0800dc53        0x1 c:/program files (x86)/atollic/truestudio for stm32 9.3.0/armtools/bin/../lib/gcc/arm-atollic-eabi/6.3.1/../../../../arm-atollic-eabi/lib/armv6-m\libm.a(lib_a-e_pow.o)
 *fill*         0x0800dc53        0x5 
 .rodata.bp     0x0800dc58       0x10 c:/program files (x86)/atollic/truestudio for stm32 9.3.0/armtools/bin/../lib/gcc/arm-atollic-eabi/6.3.1/../../../../arm-atollic-eabi/lib/armv6-m\libm.a(lib_a-e_pow.o)
 .rodata.dp_h   0x0800dc68       0x10 c:/program files (x86)/atollic/truestudio for stm32 9.3.0/armtools/bin/../lib/gcc/arm-atollic-eabi/6.3.1/../../../../arm-atollic-eabi/lib/armv6-m\libm.a(lib_a-e_pow.o)
 .rodata.dp_l   0x0800dc78       0x10 c:/program files (x86)/atollic/truestudio for stm32 9.3.0/armtools/bin/../lib/gcc/arm-atollic-eabi/6.3.1/../../../../arm-atollic-eabi/lib/armv6-m\libm.a(lib_a-e_pow.o)
 .rodata.TWO52  0x0800dc88       0x10 c:/program files (x86)/atollic/truestudio for stm32 9.3.0/armtools/bin/../lib/gcc/arm-atollic-eabi/6.3.1/../../../../arm-atollic-eabi/lib/armv6-m\libm.a(lib_a-s_rint.o)
                0x0800dc98                . = ALIGN (0x4)

.ARM.extab
 *(.ARM.extab* .gnu.linkonce.armextab.*)

.ARM            0x0800dc98        0x8
                0x0800dc98                __exidx_start = .
 *(.ARM.exidx*)
 .ARM.exidx     0x0800dc98        0x8 c:/program files (x86)/atollic/truestudio for stm32 9.3.0/armtools/bin/../lib/gcc/arm-atollic-eabi/6.3.1/armv6-m\libgcc.a(_udivmoddi4.o)
                0x0800dca0                __exidx_end = .

.rel.dyn        0x0800dca0        0x0
 .rel.iplt      0x0800dca0        0x0 c:/program files (x86)/atollic/truestudio for stm32 9.3.0/armtools/bin/../lib/gcc/arm-atollic-eabi/6.3.1/armv6-m/crtbegin.o

.preinit_array  0x0800dca0        0x0
                0x0800dca0                PROVIDE (__preinit_array_start, .)
 *(.preinit_array*)
                0x0800dca0                PROVIDE (__preinit_array_end, .)

.init_array     0x0800dca0        0x4
                0x0800dca0                PROVIDE (__init_array_start, .)
 *(SORT(.init_array.*))
 *(.init_array*)
 .init_array    0x0800dca0        0x4 c:/program files (x86)/atollic/truestudio for stm32 9.3.0/armtools/bin/../lib/gcc/arm-atollic-eabi/6.3.1/armv6-m/crtbegin.o
                0x0800dca4                PROVIDE (__init_array_end, .)

.fini_array     0x0800dca4        0x4
                [!provide]                PROVIDE (__fini_array_start, .)
 *(SORT(.fini_array.*))
 *(.fini_array*)
 .fini_array    0x0800dca4        0x4 c:/program files (x86)/atollic/truestudio for stm32 9.3.0/armtools/bin/../lib/gcc/arm-atollic-eabi/6.3.1/armv6-m/crtbegin.o
                [!provide]                PROVIDE (__fini_array_end, .)
                0x0800dca8                _sidata = LOADADDR (.data)

.data           0x20000000      0x3e0 load address 0x0800dca8
                0x20000000                . = ALIGN (0x4)
                0x20000000                _sdata = .
 *(.data)
 *(.data*)
 .data.uwTickFreq
                0x20000000        0x4 Drivers\STM32G0xx_HAL_Driver\Src\stm32g0xx_hal.o
                0x20000000                uwTickFreq
 .data.uwTickPrio
                0x20000004        0x4 Drivers\STM32G0xx_HAL_Driver\Src\stm32g0xx_hal.o
                0x20000004                uwTickPrio
 .data.bluetoothmenu
                0x20000008       0x80 Src\oled.o
                0x20000008                bluetoothmenu
 .data.controllermenu
                0x20000088       0x40 Src\oled.o
                0x20000088                controllermenu
 .data.mainmenu
                0x200000c8       0x80 Src\oled.o
                0x200000c8                mainmenu
 .data.organmenu
                0x20000148       0x60 Src\oled.o
                0x20000148                organmenu
 .data.settingsmenu
                0x200001a8       0x40 Src\oled.o
                0x200001a8                settingsmenu
 .data.Font_11x18
                0x200001e8        0x8 Src\ssd1306_fonts.o
                0x200001e8                Font_11x18
 .data.Font_7x10
                0x200001f0        0x8 Src\ssd1306_fonts.o
                0x200001f0                Font_7x10
 .data.Icon_11x18
                0x200001f8        0x8 Src\ssd1306_fonts.o
                0x200001f8                Icon_11x18
 .data.Icon_7x10
                0x20000200        0x8 Src\ssd1306_fonts.o
                0x20000200                Icon_7x10
 .data.SystemCoreClock
                0x20000208        0x4 Src\system_stm32g0xx.o
                0x20000208                SystemCoreClock
 .data._impure_ptr
                0x2000020c        0x4 c:/program files (x86)/atollic/truestudio for stm32 9.3.0/armtools/bin/../lib/gcc/arm-atollic-eabi/6.3.1/../../../../arm-atollic-eabi/lib/armv6-m\libc_nano.a(lib_a-impure.o)
                0x2000020c                _impure_ptr
 .data.impure_data
                0x20000210       0x60 c:/program files (x86)/atollic/truestudio for stm32 9.3.0/armtools/bin/../lib/gcc/arm-atollic-eabi/6.3.1/../../../../arm-atollic-eabi/lib/armv6-m\libc_nano.a(lib_a-impure.o)
 .data.__global_locale
                0x20000270      0x16c c:/program files (x86)/atollic/truestudio for stm32 9.3.0/armtools/bin/../lib/gcc/arm-atollic-eabi/6.3.1/../../../../arm-atollic-eabi/lib/armv6-m\libc_nano.a(lib_a-locale.o)
                0x20000270                __global_locale
 .data.__fdlib_version
                0x200003dc        0x1 c:/program files (x86)/atollic/truestudio for stm32 9.3.0/armtools/bin/../lib/gcc/arm-atollic-eabi/6.3.1/../../../../arm-atollic-eabi/lib/armv6-m\libm.a(lib_a-s_lib_ver.o)
                0x200003dc                __fdlib_version
                0x200003e0                . = ALIGN (0x4)
 *fill*         0x200003dd        0x3 
                0x200003e0                _edata = .

.igot.plt       0x200003e0        0x0 load address 0x0800e088
 .igot.plt      0x200003e0        0x0 c:/program files (x86)/atollic/truestudio for stm32 9.3.0/armtools/bin/../lib/gcc/arm-atollic-eabi/6.3.1/armv6-m/crtbegin.o
                0x200003e0                . = ALIGN (0x4)

.bss            0x200003e0     0x421c load address 0x0800e088
                0x200003e0                _sbss = .
                0x200003e0                __bss_start__ = _sbss
 *(.bss)
 .bss           0x200003e0       0x1c c:/program files (x86)/atollic/truestudio for stm32 9.3.0/armtools/bin/../lib/gcc/arm-atollic-eabi/6.3.1/armv6-m/crtbegin.o
 *(.bss*)
 .bss.x         0x200003fc        0x4 Src\main.o
                0x200003fc                x
 .bss.SSD1306   0x20000400        0x6 Src\ssd1306.o
 .bss.SSD1306_Buffer
                0x20000406      0x410 Src\ssd1306.o
 .bss.bufferIndex
                0x20000816        0x1 Src\ssd1306.o
                0x20000816                bufferIndex
 .bss.intStat   0x20000817        0x1 Src\ssd1306.o
                0x20000817                intStat
 .bss.txStep    0x20000818        0x1 Src\ssd1306.o
                0x20000818                txStep
 *fill*         0x20000819        0x3 
 .bss.heap_end.5887
                0x2000081c        0x4 Src\syscalls.o
 .bss.__malloc_free_list
                0x20000820        0x4 c:/program files (x86)/atollic/truestudio for stm32 9.3.0/armtools/bin/../lib/gcc/arm-atollic-eabi/6.3.1/../../../../arm-atollic-eabi/lib/armv6-m\libc_nano.a(lib_a-nano-mallocr.o)
                0x20000820                __malloc_free_list
 .bss.__malloc_sbrk_start
                0x20000824        0x4 c:/program files (x86)/atollic/truestudio for stm32 9.3.0/armtools/bin/../lib/gcc/arm-atollic-eabi/6.3.1/../../../../arm-atollic-eabi/lib/armv6-m\libc_nano.a(lib_a-nano-mallocr.o)
                0x20000824                __malloc_sbrk_start
 *(COMMON)
 COMMON         0x20000828        0x4 Drivers\STM32G0xx_HAL_Driver\Src\stm32g0xx_hal.o
                0x20000828                uwTick
 COMMON         0x2000082c       0x64 Src\adc.o
                0x2000082c                hadc1
 COMMON         0x20000890     0x3231 Src\bluetooth.o
                0x20000890                btTxBuff
                0x20000894                scrollPauseDone
                0x20000898                btStreamBonded
                0x2000089c                scrollMax
                0x200008a0                btMessageLen
                0x200008a2                btComMessageStartIndex
                0x200008a4                btFifoByte
                0x200008a8                btBondedDevicesMenu
                0x200009e8                oledType
                0x200009ec                workerBtConnect
                0x200009ee                workerBtEnterPairingKey
                0x200009f0                songMenuSize
                0x200009f1                workerBtScanDev
                0x200009f4                keyboardState
                0x200009f8                btMsgReceivedFlag
                0x200009fc                keyboardVertPosMax
                0x20000a00                songMenu
                0x20001680                btScanned
                0x20001db0                keyboardStateOld
                0x20001db4                dispmenu
                0x200023f4                alivePC
                0x200023f5                btFifo
                0x200025e9                workerGetSongs
                0x200025ec                refreshHalt
                0x200025f0                btPairReq
                0x2000264c                encoderclick
                0x20002650                btComMessageSizeFlag
                0x20002651                btComMessageFlag
                0x20002652                workerBtBondDev
                0x20002654                btStreamSecured
                0x20002658                keyboardVertPosOld
                0x2000265c                btBonded
                0x200029f4                btStreamOpen
                0x200029f5                btStatusMsg
                0x200029f8                loadingStat
                0x200029fc                workerBtRemoveController
                0x200029fe                btScannedCount
                0x20002a00                oledHeader
                0x20002a04                keyboardSidePos
                0x20002a08                keypad
                0x20002a1a                keypadClicks
                0x20002a2c                btStatusMsgWD
                0x20002a30                btScanedDevices
                0x20002cb0                btNullCounter
                0x20002cb4                dispmenusubmenu
                0x20002cb8                keyboardSidePosMax
                0x20002cbc                aliveRemote
                0x20002cbd                selectedSong
                0x20002ce8                encoderposOld
                0x20002cec                alivePCCounter
                0x20002cf0                loadingToggle
                0x20002cf4                btFifoIndex
                0x20002cf8                btModule
                0x20002d54                btCmdMode
                0x20002d55                btMsgFifo
                0x20002f4c                splashFunction
                0x20002f50                keyboardVertPos
                0x20002f54                dispmenuname
                0x20002f58                btBondedCount
                0x20002f59                aliveRemoteCounter
                0x20002f5c                btBondable
                0x2000368c                songs
                0x2000381c                encoderpos
                0x20003820                btMsgFifoIndex
                0x20003824                dispmenusize
                0x20003828                scrollPause
                0x2000382c                scrollIndex
                0x20003830                btBondableDevices
                0x20003ab0                btSelectedController
                0x20003ab4                workerBtConnectMAC
                0x20003ab8                btBondableCount
                0x20003abc                splashParams
                0x20003ac0                btSelectedBondDevice
 *fill*         0x20003ac1        0x3 
 COMMON         0x20003ac4       0xa8 Src\i2c.o
                0x20003ac4                hdma_i2c1_tx
                0x20003b20                hi2c1
 COMMON         0x20003b6c      0x45e Src\main.o
                0x20003b6c                decoderBuffer
                0x20003c6b                buffer
                0x20003ca7                c
                0x20003ca8                midiFifo
                0x20003e9c                uartMsgDecodeBuff
                0x20003fc8                midiFifoIndex
 *fill*         0x20003fca        0x2 
 COMMON         0x20003fcc       0x2c Src\rtc.o
                0x20003fcc                hrtc
 COMMON         0x20003ff8       0x64 Src\spi.o
                0x20003ff8                hspi1
 COMMON         0x2000405c      0x410 Src\ssd1306.o
                0x2000405c                screenBuffer
 COMMON         0x2000446c      0x100 Src\tim.o
                0x2000446c                htim3
                0x200044ac                htim6
                0x200044ec                htim1
                0x2000452c                htim2
 COMMON         0x2000456c       0x8c Src\usart.o
                0x2000456c                huart2
 COMMON         0x200045f8        0x4 c:/program files (x86)/atollic/truestudio for stm32 9.3.0/armtools/bin/../lib/gcc/arm-atollic-eabi/6.3.1/../../../../arm-atollic-eabi/lib/armv6-m\libc_nano.a(lib_a-reent.o)
                0x200045f8                errno
                0x200045fc                . = ALIGN (0x4)
                0x200045fc                _ebss = .
                0x200045fc                __bss_end__ = _ebss

._user_heap_stack
                0x200045fc      0x600 load address 0x0800e088
                0x200045fc                . = ALIGN (0x4)
                0x200045fc                PROVIDE (end, .)
                [!provide]                PROVIDE (_end, .)
                0x200047fc                . = (. + _Min_Heap_Size)
 *fill*         0x200045fc      0x200 
                0x20004bfc                . = (. + _Min_Stack_Size)
 *fill*         0x200047fc      0x400 
                0x20004bfc                . = ALIGN (0x4)

/DISCARD/
 libc.a(*)
 libm.a(*)
 libgcc.a(*)

.ARM.attributes
                0x00000000       0x28
 *(.ARM.attributes)
 .ARM.attributes
                0x00000000       0x1e c:/program files (x86)/atollic/truestudio for stm32 9.3.0/armtools/bin/../lib/gcc/arm-atollic-eabi/6.3.1/armv6-m/crti.o
 .ARM.attributes
                0x0000001e       0x2c c:/program files (x86)/atollic/truestudio for stm32 9.3.0/armtools/bin/../lib/gcc/arm-atollic-eabi/6.3.1/armv6-m/crtbegin.o
 .ARM.attributes
                0x0000004a       0x32 Drivers\STM32G0xx_HAL_Driver\Src\stm32g0xx_hal.o
 .ARM.attributes
                0x0000007c       0x32 Drivers\STM32G0xx_HAL_Driver\Src\stm32g0xx_hal_adc.o
 .ARM.attributes
                0x000000ae       0x32 Drivers\STM32G0xx_HAL_Driver\Src\stm32g0xx_hal_adc_ex.o
 .ARM.attributes
                0x000000e0       0x32 Drivers\STM32G0xx_HAL_Driver\Src\stm32g0xx_hal_cortex.o
 .ARM.attributes
                0x00000112       0x32 Drivers\STM32G0xx_HAL_Driver\Src\stm32g0xx_hal_dma.o
 .ARM.attributes
                0x00000144       0x32 Drivers\STM32G0xx_HAL_Driver\Src\stm32g0xx_hal_gpio.o
 .ARM.attributes
                0x00000176       0x32 Drivers\STM32G0xx_HAL_Driver\Src\stm32g0xx_hal_i2c.o
 .ARM.attributes
                0x000001a8       0x32 Drivers\STM32G0xx_HAL_Driver\Src\stm32g0xx_hal_i2c_ex.o
 .ARM.attributes
                0x000001da       0x32 Drivers\STM32G0xx_HAL_Driver\Src\stm32g0xx_hal_pwr_ex.o
 .ARM.attributes
                0x0000020c       0x32 Drivers\STM32G0xx_HAL_Driver\Src\stm32g0xx_hal_rcc.o
 .ARM.attributes
                0x0000023e       0x32 Drivers\STM32G0xx_HAL_Driver\Src\stm32g0xx_hal_rcc_ex.o
 .ARM.attributes
                0x00000270       0x32 Drivers\STM32G0xx_HAL_Driver\Src\stm32g0xx_hal_rtc.o
 .ARM.attributes
                0x000002a2       0x32 Drivers\STM32G0xx_HAL_Driver\Src\stm32g0xx_hal_spi.o
 .ARM.attributes
                0x000002d4       0x32 Drivers\STM32G0xx_HAL_Driver\Src\stm32g0xx_hal_tim.o
 .ARM.attributes
                0x00000306       0x32 Drivers\STM32G0xx_HAL_Driver\Src\stm32g0xx_hal_tim_ex.o
 .ARM.attributes
                0x00000338       0x32 Drivers\STM32G0xx_HAL_Driver\Src\stm32g0xx_hal_uart.o
 .ARM.attributes
                0x0000036a       0x32 Drivers\STM32G0xx_HAL_Driver\Src\stm32g0xx_hal_uart_ex.o
 .ARM.attributes
                0x0000039c       0x32 Src\adc.o
 .ARM.attributes
                0x000003ce       0x32 Src\bluetooth.o
 .ARM.attributes
                0x00000400       0x32 Src\dma.o
 .ARM.attributes
                0x00000432       0x32 Src\gpio.o
 .ARM.attributes
                0x00000464       0x32 Src\i2c.o
 .ARM.attributes
                0x00000496       0x32 Src\main.o
 .ARM.attributes
                0x000004c8       0x32 Src\midiController.o
 .ARM.attributes
                0x000004fa       0x32 Src\msgDecoder.o
 .ARM.attributes
                0x0000052c       0x32 Src\oled.o
 .ARM.attributes
                0x0000055e       0x32 Src\rtc.o
 .ARM.attributes
                0x00000590       0x32 Src\spi.o
 .ARM.attributes
                0x000005c2       0x32 Src\ssd1306.o
 .ARM.attributes
                0x000005f4       0x32 Src\ssd1306_fonts.o
 .ARM.attributes
                0x00000626       0x32 Src\stm32g0xx_hal_msp.o
 .ARM.attributes
                0x00000658       0x32 Src\stm32g0xx_it.o
 .ARM.attributes
                0x0000068a       0x32 Src\syscalls.o
 .ARM.attributes
                0x000006bc       0x32 Src\system_stm32g0xx.o
 .ARM.attributes
                0x000006ee       0x32 Src\tim.o
 .ARM.attributes
                0x00000720       0x32 Src\ucpd.o
 .ARM.attributes
                0x00000752       0x32 Src\usart.o
 .ARM.attributes
                0x00000784       0x21 startup\startup_stm32g071xx.o
 .ARM.attributes
                0x000007a5       0x2c c:/program files (x86)/atollic/truestudio for stm32 9.3.0/armtools/bin/../lib/gcc/arm-atollic-eabi/6.3.1/../../../../arm-atollic-eabi/lib/armv6-m\libc_nano.a(lib_a-errno.o)
 .ARM.attributes
                0x000007d1       0x2c c:/program files (x86)/atollic/truestudio for stm32 9.3.0/armtools/bin/../lib/gcc/arm-atollic-eabi/6.3.1/../../../../arm-atollic-eabi/lib/armv6-m\libc_nano.a(lib_a-impure.o)
 .ARM.attributes
                0x000007fd       0x2c c:/program files (x86)/atollic/truestudio for stm32 9.3.0/armtools/bin/../lib/gcc/arm-atollic-eabi/6.3.1/../../../../arm-atollic-eabi/lib/armv6-m\libc_nano.a(lib_a-init.o)
 .ARM.attributes
                0x00000829       0x2c c:/program files (x86)/atollic/truestudio for stm32 9.3.0/armtools/bin/../lib/gcc/arm-atollic-eabi/6.3.1/../../../../arm-atollic-eabi/lib/armv6-m\libc_nano.a(lib_a-malloc.o)
 .ARM.attributes
                0x00000855       0x2c c:/program files (x86)/atollic/truestudio for stm32 9.3.0/armtools/bin/../lib/gcc/arm-atollic-eabi/6.3.1/../../../../arm-atollic-eabi/lib/armv6-m\libc_nano.a(lib_a-memcpy-stub.o)
 .ARM.attributes
                0x00000881       0x2c c:/program files (x86)/atollic/truestudio for stm32 9.3.0/armtools/bin/../lib/gcc/arm-atollic-eabi/6.3.1/../../../../arm-atollic-eabi/lib/armv6-m\libc_nano.a(lib_a-memset.o)
 .ARM.attributes
                0x000008ad       0x2c c:/program files (x86)/atollic/truestudio for stm32 9.3.0/armtools/bin/../lib/gcc/arm-atollic-eabi/6.3.1/../../../../arm-atollic-eabi/lib/armv6-m\libc_nano.a(lib_a-nano-freer.o)
 .ARM.attributes
                0x000008d9       0x2c c:/program files (x86)/atollic/truestudio for stm32 9.3.0/armtools/bin/../lib/gcc/arm-atollic-eabi/6.3.1/../../../../arm-atollic-eabi/lib/armv6-m\libc_nano.a(lib_a-nano-mallocr.o)
 .ARM.attributes
                0x00000905       0x2c c:/program files (x86)/atollic/truestudio for stm32 9.3.0/armtools/bin/../lib/gcc/arm-atollic-eabi/6.3.1/../../../../arm-atollic-eabi/lib/armv6-m\libc_nano.a(lib_a-sbrkr.o)
 .ARM.attributes
                0x00000931       0x2c c:/program files (x86)/atollic/truestudio for stm32 9.3.0/armtools/bin/../lib/gcc/arm-atollic-eabi/6.3.1/../../../../arm-atollic-eabi/lib/armv6-m\libc_nano.a(lib_a-sprintf.o)
 .ARM.attributes
                0x0000095d       0x2c c:/program files (x86)/atollic/truestudio for stm32 9.3.0/armtools/bin/../lib/gcc/arm-atollic-eabi/6.3.1/../../../../arm-atollic-eabi/lib/armv6-m\libc_nano.a(lib_a-sscanf.o)
 .ARM.attributes
                0x00000989       0x2c c:/program files (x86)/atollic/truestudio for stm32 9.3.0/armtools/bin/../lib/gcc/arm-atollic-eabi/6.3.1/../../../../arm-atollic-eabi/lib/armv6-m\libc_nano.a(lib_a-stdio.o)
 .ARM.attributes
                0x000009b5       0x2c c:/program files (x86)/atollic/truestudio for stm32 9.3.0/armtools/bin/../lib/gcc/arm-atollic-eabi/6.3.1/../../../../arm-atollic-eabi/lib/armv6-m\libc_nano.a(lib_a-strchr.o)