Archive member included to satisfy reference by file (symbol)

c:/program files (x86)/atollic/truestudio for stm32 9.3.0/armtools/bin/../lib/gcc/arm-atollic-eabi/6.3.1/../../../../arm-atollic-eabi/lib/armv6-m\libc_nano.a(lib_a-errno.o)
                              Src\syscalls.o (__errno)
c:/program files (x86)/atollic/truestudio for stm32 9.3.0/armtools/bin/../lib/gcc/arm-atollic-eabi/6.3.1/../../../../arm-atollic-eabi/lib/armv6-m\libc_nano.a(lib_a-impure.o)
                              c:/program files (x86)/atollic/truestudio for stm32 9.3.0/armtools/bin/../lib/gcc/arm-atollic-eabi/6.3.1/../../../../arm-atollic-eabi/lib/armv6-m\libc_nano.a(lib_a-errno.o) (_impure_ptr)
c:/program files (x86)/atollic/truestudio for stm32 9.3.0/armtools/bin/../lib/gcc/arm-atollic-eabi/6.3.1/../../../../arm-atollic-eabi/lib/armv6-m\libc_nano.a(lib_a-init.o)
                              startup\startup_stm32g071xx.o (__libc_init_array)
c:/program files (x86)/atollic/truestudio for stm32 9.3.0/armtools/bin/../lib/gcc/arm-atollic-eabi/6.3.1/../../../../arm-atollic-eabi/lib/armv6-m\libc_nano.a(lib_a-malloc.o)
                              Src\bluetooth.o (malloc)
c:/program files (x86)/atollic/truestudio for stm32 9.3.0/armtools/bin/../lib/gcc/arm-atollic-eabi/6.3.1/../../../../arm-atollic-eabi/lib/armv6-m\libc_nano.a(lib_a-memcpy-stub.o)
                              Src\bluetooth.o (memcpy)
c:/program files (x86)/atollic/truestudio for stm32 9.3.0/armtools/bin/../lib/gcc/arm-atollic-eabi/6.3.1/../../../../arm-atollic-eabi/lib/armv6-m\libc_nano.a(lib_a-memset.o)
                              Src\adc.o (memset)
c:/program files (x86)/atollic/truestudio for stm32 9.3.0/armtools/bin/../lib/gcc/arm-atollic-eabi/6.3.1/../../../../arm-atollic-eabi/lib/armv6-m\libc_nano.a(lib_a-nano-freer.o)
                              c:/program files (x86)/atollic/truestudio for stm32 9.3.0/armtools/bin/../lib/gcc/arm-atollic-eabi/6.3.1/../../../../arm-atollic-eabi/lib/armv6-m\libc_nano.a(lib_a-malloc.o) (_free_r)
c:/program files (x86)/atollic/truestudio for stm32 9.3.0/armtools/bin/../lib/gcc/arm-atollic-eabi/6.3.1/../../../../arm-atollic-eabi/lib/armv6-m\libc_nano.a(lib_a-nano-mallocr.o)
                              c:/program files (x86)/atollic/truestudio for stm32 9.3.0/armtools/bin/../lib/gcc/arm-atollic-eabi/6.3.1/../../../../arm-atollic-eabi/lib/armv6-m\libc_nano.a(lib_a-malloc.o) (_malloc_r)
c:/program files (x86)/atollic/truestudio for stm32 9.3.0/armtools/bin/../lib/gcc/arm-atollic-eabi/6.3.1/../../../../arm-atollic-eabi/lib/armv6-m\libc_nano.a(lib_a-sbrkr.o)
                              c:/program files (x86)/atollic/truestudio for stm32 9.3.0/armtools/bin/../lib/gcc/arm-atollic-eabi/6.3.1/../../../../arm-atollic-eabi/lib/armv6-m\libc_nano.a(lib_a-nano-mallocr.o) (_sbrk_r)
c:/program files (x86)/atollic/truestudio for stm32 9.3.0/armtools/bin/../lib/gcc/arm-atollic-eabi/6.3.1/../../../../arm-atollic-eabi/lib/armv6-m\libc_nano.a(lib_a-sprintf.o)
                              Src\bluetooth.o (sprintf)
c:/program files (x86)/atollic/truestudio for stm32 9.3.0/armtools/bin/../lib/gcc/arm-atollic-eabi/6.3.1/../../../../arm-atollic-eabi/lib/armv6-m\libc_nano.a(lib_a-sscanf.o)
                              Src\bluetooth.o (sscanf)
c:/program files (x86)/atollic/truestudio for stm32 9.3.0/armtools/bin/../lib/gcc/arm-atollic-eabi/6.3.1/../../../../arm-atollic-eabi/lib/armv6-m\libc_nano.a(lib_a-stdio.o)
                              c:/program files (x86)/atollic/truestudio for stm32 9.3.0/armtools/bin/../lib/gcc/arm-atollic-eabi/6.3.1/../../../../arm-atollic-eabi/lib/armv6-m\libc_nano.a(lib_a-sscanf.o) (__seofread)
c:/program files (x86)/atollic/truestudio for stm32 9.3.0/armtools/bin/../lib/gcc/arm-atollic-eabi/6.3.1/../../../../arm-atollic-eabi/lib/armv6-m\libc_nano.a(lib_a-strchr.o)
                              Src\bluetooth.o (strchr)
c:/program files (x86)/atollic/truestudio for stm32 9.3.0/armtools/bin/../lib/gcc/arm-atollic-eabi/6.3.1/../../../../arm-atollic-eabi/lib/armv6-m\libc_nano.a(lib_a-strcmp.o)
                              Src\main.o (strcmp)
c:/program files (x86)/atollic/truestudio for stm32 9.3.0/armtools/bin/../lib/gcc/arm-atollic-eabi/6.3.1/../../../../arm-atollic-eabi/lib/armv6-m\libc_nano.a(lib_a-strcpy.o)
                              Src\bluetooth.o (strcpy)
c:/program files (x86)/atollic/truestudio for stm32 9.3.0/armtools/bin/../lib/gcc/arm-atollic-eabi/6.3.1/../../../../arm-atollic-eabi/lib/armv6-m\libc_nano.a(lib_a-strlen.o)
                              Src\bluetooth.o (strlen)
c:/program files (x86)/atollic/truestudio for stm32 9.3.0/armtools/bin/../lib/gcc/arm-atollic-eabi/6.3.1/../../../../arm-atollic-eabi/lib/armv6-m\libc_nano.a(lib_a-strstr.o)
                              Src\bluetooth.o (strstr)
[...]
Memory Configuration

Name             Origin             Length             Attributes
RAM              0x20000000         0x00009000         xrw
FLASH            0x08000000         0x00020000         xr
*default*        0x00000000         0xffffffff

Linker script and memory map

LOAD c:/program files (x86)/atollic/truestudio for stm32 9.3.0/armtools/bin/../lib/gcc/arm-atollic-eabi/6.3.1/armv6-m/crti.o
LOAD c:/program files (x86)/atollic/truestudio for stm32 9.3.0/armtools/bin/../lib/gcc/arm-atollic-eabi/6.3.1/armv6-m/crtbegin.o
LOAD Drivers\STM32G0xx_HAL_Driver\Src\stm32g0xx_hal.o
LOAD Drivers\STM32G0xx_HAL_Driver\Src\stm32g0xx_hal_adc.o
LOAD Drivers\STM32G0xx_HAL_Driver\Src\stm32g0xx_hal_adc_ex.o
LOAD Drivers\STM32G0xx_HAL_Driver\Src\stm32g0xx_hal_cortex.o
LOAD Drivers\STM32G0xx_HAL_Driver\Src\stm32g0xx_hal_dma.o
LOAD Drivers\STM32G0xx_HAL_Driver\Src\stm32g0xx_hal_dma_ex.o
LOAD Drivers\STM32G0xx_HAL_Driver\Src\stm32g0xx_hal_exti.o
LOAD Drivers\STM32G0xx_HAL_Driver\Src\stm32g0xx_hal_flash.o
LOAD Drivers\STM32G0xx_HAL_Driver\Src\stm32g0xx_hal_flash_ex.o
LOAD Drivers\STM32G0xx_HAL_Driver\Src\stm32g0xx_hal_gpio.o
LOAD Drivers\STM32G0xx_HAL_Driver\Src\stm32g0xx_hal_i2c.o
LOAD Drivers\STM32G0xx_HAL_Driver\Src\stm32g0xx_hal_i2c_ex.o
LOAD Drivers\STM32G0xx_HAL_Driver\Src\stm32g0xx_hal_pwr.o
LOAD Drivers\STM32G0xx_HAL_Driver\Src\stm32g0xx_hal_pwr_ex.o
LOAD Drivers\STM32G0xx_HAL_Driver\Src\stm32g0xx_hal_rcc.o
LOAD Drivers\STM32G0xx_HAL_Driver\Src\stm32g0xx_hal_rcc_ex.o
LOAD Drivers\STM32G0xx_HAL_Driver\Src\stm32g0xx_hal_rtc.o
LOAD Drivers\STM32G0xx_HAL_Driver\Src\stm32g0xx_hal_rtc_ex.o
LOAD Drivers\STM32G0xx_HAL_Driver\Src\stm32g0xx_hal_spi.o
LOAD Drivers\STM32G0xx_HAL_Driver\Src\stm32g0xx_hal_spi_ex.o
LOAD Drivers\STM32G0xx_HAL_Driver\Src\stm32g0xx_hal_tim.o
LOAD Drivers\STM32G0xx_HAL_Driver\Src\stm32g0xx_hal_tim_ex.o
LOAD Drivers\STM32G0xx_HAL_Driver\Src\stm32g0xx_hal_uart.o
LOAD Drivers\STM32G0xx_HAL_Driver\Src\stm32g0xx_hal_uart_ex.o
LOAD Drivers\STM32G0xx_HAL_Driver\Src\stm32g0xx_ll_adc.o
LOAD Drivers\STM32G0xx_HAL_Driver\Src\stm32g0xx_ll_dma.o
LOAD Drivers\STM32G0xx_HAL_Driver\Src\stm32g0xx_ll_exti.o
LOAD Drivers\STM32G0xx_HAL_Driver\Src\stm32g0xx_ll_gpio.o
LOAD Drivers\STM32G0xx_HAL_Driver\Src\stm32g0xx_ll_rcc.o
LOAD Drivers\STM32G0xx_HAL_Driver\Src\stm32g0xx_ll_ucpd.o
LOAD Drivers\STM32G0xx_HAL_Driver\Src\stm32g0xx_ll_utils.o
LOAD Src\adc.o
LOAD Src\bluetooth.o
LOAD Src\dma.o
LOAD Src\gpio.o
LOAD Src\i2c.o
LOAD Src\main.o
LOAD Src\midiController.o
LOAD Src\msgDecoder.o
LOAD Src\oled.o
LOAD Src\rtc.o
LOAD Src\spi.o
LOAD Src\ssd1306.o
LOAD Src\ssd1306_fonts.o
LOAD Src\stm32g0xx_hal_msp.o
LOAD Src\stm32g0xx_it.o
LOAD Src\sys.o
LOAD Src\syscalls.o
LOAD Src\system_stm32g0xx.o
LOAD Src\tim.o
LOAD Src\ucpd.o
LOAD Src\usart.o
LOAD startup\startup_stm32g071xx.o
                0x00000080                malloc_getpagesize_P = 0x80
START GROUP
LOAD c:/program files (x86)/atollic/truestudio for stm32 9.3.0/armtools/bin/../lib/gcc/arm-atollic-eabi/6.3.1/../../../../arm-atollic-eabi/lib/armv6-m\libc_nano.a
LOAD c:/program files (x86)/atollic/truestudio for stm32 9.3.0/armtools/bin/../lib/gcc/arm-atollic-eabi/6.3.1/../../../../arm-atollic-eabi/lib/armv6-m\libm.a
END GROUP
START GROUP
LOAD c:/program files (x86)/atollic/truestudio for stm32 9.3.0/armtools/bin/../lib/gcc/arm-atollic-eabi/6.3.1/armv6-m\libgcc.a
LOAD c:/program files (x86)/atollic/truestudio for stm32 9.3.0/armtools/bin/../lib/gcc/arm-atollic-eabi/6.3.1/../../../../arm-atollic-eabi/lib/armv6-m\libc_nano.a
END GROUP
START GROUP
LOAD c:/program files (x86)/atollic/truestudio for stm32 9.3.0/armtools/bin/../lib/gcc/arm-atollic-eabi/6.3.1/armv6-m\libgcc.a
LOAD c:/program files (x86)/atollic/truestudio for stm32 9.3.0/armtools/bin/../lib/gcc/arm-atollic-eabi/6.3.1/../../../../arm-atollic-eabi/lib/armv6-m\libc_nano.a
LOAD c:/program files (x86)/atollic/truestudio for stm32 9.3.0/armtools/bin/../lib/gcc/arm-atollic-eabi/6.3.1/../../../../arm-atollic-eabi/lib/armv6-m\libnosys.a
END GROUP
START GROUP
LOAD c:/program files (x86)/atollic/truestudio for stm32 9.3.0/armtools/bin/../lib/gcc/arm-atollic-eabi/6.3.1/armv6-m\libgcc.a
LOAD c:/program files (x86)/atollic/truestudio for stm32 9.3.0/armtools/bin/../lib/gcc/arm-atollic-eabi/6.3.1/../../../../arm-atollic-eabi/lib/armv6-m\libc_nano.a
LOAD c:/program files (x86)/atollic/truestudio for stm32 9.3.0/armtools/bin/../lib/gcc/arm-atollic-eabi/6.3.1/../../../../arm-atollic-eabi/lib/armv6-m\libnosys.a
END GROUP
LOAD c:/program files (x86)/atollic/truestudio for stm32 9.3.0/armtools/bin/../lib/gcc/arm-atollic-eabi/6.3.1/armv6-m/crtend.o
LOAD c:/program files (x86)/atollic/truestudio for stm32 9.3.0/armtools/bin/../lib/gcc/arm-atollic-eabi/6.3.1/armv6-m/crtn.o
                0x20009000                _estack = 0x20009000
                0x00000200                _Min_Heap_Size = 0x200
                0x00000400                _Min_Stack_Size = 0x400

.isr_vector     0x08000000       0xbc
                0x08000000                . = ALIGN (0x4)
 *(.isr_vector)
 .isr_vector    0x08000000       0xbc startup\startup_stm32g071xx.o
                0x08000000                g_pfnVectors
                0x080000bc                . = ALIGN (0x4)

.text           0x080000bc     0xdc90
                0x080000bc                . = ALIGN (0x4)
 *(.text)
 .text          0x080000bc       0x48 c:/program files (x86)/atollic/truestudio for stm32 9.3.0/armtools/bin/../lib/gcc/arm-atollic-eabi/6.3.1/armv6-m/crtbegin.o
 .text          0x08000104       0x14 c:/program files (x86)/atollic/truestudio for stm32 9.3.0/armtools/bin/../lib/gcc/arm-atollic-eabi/6.3.1/../../../../arm-atollic-eabi/lib/armv6-m\libc_nano.a(lib_a-strcmp.o)
                0x08000104                strcmp
 .text          0x08000118        0xe c:/program files (x86)/atollic/truestudio for stm32 9.3.0/armtools/bin/../lib/gcc/arm-atollic-eabi/6.3.1/../../../../arm-atollic-eabi/lib/armv6-m\libc_nano.a(lib_a-strlen.o)
                0x08000118                strlen
 *fill*         0x08000126        0x2 
 .text          0x08000128       0x14 c:/program files (x86)/atollic/truestudio for stm32 9.3.0/armtools/bin/../lib/gcc/arm-atollic-eabi/6.3.1/armv6-m\libgcc.a(_thumb1_case_uqi.o)
                0x08000128                __gnu_thumb1_case_uqi
 .text          0x0800013c       0x14 c:/program files (x86)/atollic/truestudio for stm32 9.3.0/armtools/bin/../lib/gcc/arm-atollic-eabi/6.3.1/armv6-m\libgcc.a(_thumb1_case_uhi.o)
                0x0800013c                __gnu_thumb1_case_uhi
 .text          0x08000150      0x114 c:/program files (x86)/atollic/truestudio for stm32 9.3.0/armtools/bin/../lib/gcc/arm-atollic-eabi/6.3.1/armv6-m\libgcc.a(_udivsi3.o)
                0x08000150                __aeabi_uidiv
                0x08000150                __udivsi3
                0x0800025c                __aeabi_uidivmod
 .text          0x08000264      0x1d4 c:/program files (x86)/atollic/truestudio for stm32 9.3.0/armtools/bin/../lib/gcc/arm-atollic-eabi/6.3.1/armv6-m\libgcc.a(_divsi3.o)
                0x08000264                __divsi3
                0x08000264                __aeabi_idiv
                0x08000430                __aeabi_idivmod
 .text          0x08000438        0x4 c:/program files (x86)/atollic/truestudio for stm32 9.3.0/armtools/bin/../lib/gcc/arm-atollic-eabi/6.3.1/armv6-m\libgcc.a(_dvmd_tls.o)
                0x08000438                __aeabi_idiv0
                0x08000438                __aeabi_ldiv0
 .text          0x0800043c       0x7c c:/program files (x86)/atollic/truestudio for stm32 9.3.0/armtools/bin/../lib/gcc/arm-atollic-eabi/6.3.1/armv6-m\libgcc.a(_arm_cmpdf2.o)
                0x0800043c                __aeabi_cdrcmple
                0x0800044c                __aeabi_cdcmple
                0x0800044c                __aeabi_cdcmpeq
                0x0800045c                __aeabi_dcmpeq
                0x08000468                __aeabi_dcmplt
                0x0800047c                __aeabi_dcmple
                0x08000490                __aeabi_dcmpgt
                0x080004a4                __aeabi_dcmpge
 .text          0x080004b8       0x40 c:/program files (x86)/atollic/truestudio for stm32 9.3.0/armtools/bin/../lib/gcc/arm-atollic-eabi/6.3.1/armv6-m\libgcc.a(_aeabi_uldivmod.o)
                0x080004b8                __aeabi_uldivmod
 .text          0x080004f8       0x30 c:/program files (x86)/atollic/truestudio for stm32 9.3.0/armtools/bin/../lib/gcc/arm-atollic-eabi/6.3.1/armv6-m\libgcc.a(_fixunssfsi.o)
                0x080004f8                __fixunssfsi
                0x080004f8                __aeabi_f2uiz
 .text          0x08000528      0x180 c:/program files (x86)/atollic/truestudio for stm32 9.3.0/armtools/bin/../lib/gcc/arm-atollic-eabi/6.3.1/armv6-m\libgcc.a(_udivmoddi4.o)
                0x08000528                __udivmoddi4
 .text          0x080006a8      0x324 c:/program files (x86)/atollic/truestudio for stm32 9.3.0/armtools/bin/../lib/gcc/arm-atollic-eabi/6.3.1/armv6-m\libgcc.a(addsf3.o)
                0x080006a8                __aeabi_fadd
 .text          0x080009cc      0x240 c:/program files (x86)/atollic/truestudio for stm32 9.3.0/armtools/bin/../lib/gcc/arm-atollic-eabi/6.3.1/armv6-m\libgcc.a(mulsf3.o)
                0x080009cc                __aeabi_fmul
 .text          0x08000c0c      0x338 c:/program files (x86)/atollic/truestudio for stm32 9.3.0/armtools/bin/../lib/gcc/arm-atollic-eabi/6.3.1/armv6-m\libgcc.a(subsf3.o)
                0x08000c0c                __aeabi_fsub
 .text          0x08000f44       0x40 c:/program files (x86)/atollic/truestudio for stm32 9.3.0/armtools/bin/../lib/gcc/arm-atollic-eabi/6.3.1/armv6-m\libgcc.a(fixsfsi.o)
                0x08000f44                __aeabi_f2iz
 .text          0x08000f84       0xa0 c:/program files (x86)/atollic/truestudio for stm32 9.3.0/armtools/bin/../lib/gcc/arm-atollic-eabi/6.3.1/armv6-m\libgcc.a(floatsisf.o)
                0x08000f84                __aeabi_i2f
 .text          0x08001024       0x8c c:/program files (x86)/atollic/truestudio for stm32 9.3.0/armtools/bin/../lib/gcc/arm-atollic-eabi/6.3.1/armv6-m\libgcc.a(floatunsisf.o)
                0x08001024                __aeabi_ui2f
 .text          0x080010b0      0x620 c:/program files (x86)/atollic/truestudio for stm32 9.3.0/armtools/bin/../lib/gcc/arm-atollic-eabi/6.3.1/armv6-m\libgcc.a(adddf3.o)
                0x080010b0                __aeabi_dadd
 .text          0x080016d0      0x668 c:/program files (x86)/atollic/truestudio for stm32 9.3.0/armtools/bin/../lib/gcc/arm-atollic-eabi/6.3.1/armv6-m\libgcc.a(divdf3.o)
                0x080016d0                __aeabi_ddiv
 .text          0x08001d38       0x74 c:/program files (x86)/atollic/truestudio for stm32 9.3.0/armtools/bin/../lib/gcc/arm-atollic-eabi/6.3.1/armv6-m\libgcc.a(eqdf2.o)
                0x08001d38                __nedf2
                0x08001d38                __eqdf2
 .text          0x08001dac       0xc8 c:/program files (x86)/atollic/truestudio for stm32 9.3.0/armtools/bin/../lib/gcc/arm-atollic-eabi/6.3.1/armv6-m\libgcc.a(gedf2.o)
                0x08001dac                __gedf2
                0x08001dac                __gtdf2
 .text          0x08001e74       0xc4 c:/program files (x86)/atollic/truestudio for stm32 9.3.0/armtools/bin/../lib/gcc/arm-atollic-eabi/6.3.1/armv6-m\libgcc.a(ledf2.o)
                0x08001e74                __ledf2
                0x08001e74                __ltdf2
 .text          0x08001f38      0x500 c:/program files (x86)/atollic/truestudio for stm32 9.3.0/armtools/bin/../lib/gcc/arm-atollic-eabi/6.3.1/armv6-m\libgcc.a(muldf3.o)
                0x08001f38                __aeabi_dmul
 .text          0x08002438      0x62c c:/program files (x86)/atollic/truestudio for stm32 9.3.0/armtools/bin/../lib/gcc/arm-atollic-eabi/6.3.1/armv6-m\libgcc.a(subdf3.o)
                0x08002438                __aeabi_dsub
 .text          0x08002a64       0x40 c:/program files (x86)/atollic/truestudio for stm32 9.3.0/armtools/bin/../lib/gcc/arm-atollic-eabi/6.3.1/armv6-m\libgcc.a(unorddf2.o)
                0x08002a64                __aeabi_dcmpun
 .text          0x08002aa4       0x68 c:/program files (x86)/atollic/truestudio for stm32 9.3.0/armtools/bin/../lib/gcc/arm-atollic-eabi/6.3.1/armv6-m\libgcc.a(fixdfsi.o)
                0x08002aa4                __aeabi_d2iz
 .text          0x08002b0c       0x84 c:/program files (x86)/atollic/truestudio for stm32 9.3.0/armtools/bin/../lib/gcc/arm-atollic-eabi/6.3.1/armv6-m\libgcc.a(floatsidf.o)
                0x08002b0c                __aeabi_i2d
 .text          0x08002b90       0x74 c:/program files (x86)/atollic/truestudio for stm32 9.3.0/armtools/bin/../lib/gcc/arm-atollic-eabi/6.3.1/armv6-m\libgcc.a(_arm_cmpsf2.o)
                0x08002b90                __aeabi_cfrcmple
                0x08002b98                __aeabi_cfcmpeq
                0x08002b98                __aeabi_cfcmple
                0x08002ba8                __aeabi_fcmpeq
                0x08002bb4                __aeabi_fcmplt
                0x08002bc8                __aeabi_fcmple
                0x08002bdc                __aeabi_fcmpgt
                0x08002bf0                __aeabi_fcmpge
 .text          0x08002c04       0x3c c:/program files (x86)/atollic/truestudio for stm32 9.3.0/armtools/bin/../lib/gcc/arm-atollic-eabi/6.3.1/armv6-m\libgcc.a(_clzsi2.o)
                0x08002c04                __clzsi2
 .text          0x08002c40       0x18 c:/program files (x86)/atollic/truestudio for stm32 9.3.0/armtools/bin/../lib/gcc/arm-atollic-eabi/6.3.1/armv6-m\libgcc.a(_clzdi2.o)
                0x08002c40                __clzdi2
 .text          0x08002c58       0x4c c:/program files (x86)/atollic/truestudio for stm32 9.3.0/armtools/bin/../lib/gcc/arm-atollic-eabi/6.3.1/armv6-m\libgcc.a(eqsf2.o)
                0x08002c58                __eqsf2
                0x08002c58                __nesf2
 .text          0x08002ca4       0x80 c:/program files (x86)/atollic/truestudio for stm32 9.3.0/armtools/bin/../lib/gcc/arm-atollic-eabi/6.3.1/armv6-m\libgcc.a(gesf2.o)
                0x08002ca4                __gesf2
                0x08002ca4                __gtsf2
 .text          0x08002d24       0x84 c:/program files (x86)/atollic/truestudio for stm32 9.3.0/armtools/bin/../lib/gcc/arm-atollic-eabi/6.3.1/armv6-m\libgcc.a(lesf2.o)
                0x08002d24                __ltsf2
                0x08002d24                __lesf2
 *(.text*)
 .text.HAL_InitTick
                0x08002da8       0x50 Drivers\STM32G0xx_HAL_Driver\Src\stm32g0xx_hal.o
                0x08002da8                HAL_InitTick
 .text.HAL_Init
                0x08002df8       0x28 Drivers\STM32G0xx_HAL_Driver\Src\stm32g0xx_hal.o
                0x08002df8                HAL_Init
 .text.HAL_IncTick
                0x08002e20       0x18 Drivers\STM32G0xx_HAL_Driver\Src\stm32g0xx_hal.o
                0x08002e20                HAL_IncTick
 .text.HAL_GetTick
                0x08002e38        0xc Drivers\STM32G0xx_HAL_Driver\Src\stm32g0xx_hal.o
                0x08002e38                HAL_GetTick
 .text.HAL_Delay
                0x08002e44       0x24 Drivers\STM32G0xx_HAL_Driver\Src\stm32g0xx_hal.o
                0x08002e44                HAL_Delay
 .text.LL_ADC_REG_IsConversionOngoing
                0x08002e68        0x8 Drivers\STM32G0xx_HAL_Driver\Src\stm32g0xx_hal_adc.o
 .text.HAL_ADC_Init
                0x08002e70      0x270 Drivers\STM32G0xx_HAL_Driver\Src\stm32g0xx_hal_adc.o
                0x08002e70                HAL_ADC_Init
 .text.HAL_ADC_PollForConversion
                0x080030e0       0xb8 Drivers\STM32G0xx_HAL_Driver\Src\stm32g0xx_hal_adc.o
                0x080030e0                HAL_ADC_PollForConversion
 .text.HAL_ADC_GetValue
                0x08003198        0x6 Drivers\STM32G0xx_HAL_Driver\Src\stm32g0xx_hal_adc.o
                0x08003198                HAL_ADC_GetValue
 .text.HAL_ADC_LevelOutOfWindowCallback
                0x0800319e        0x2 Drivers\STM32G0xx_HAL_Driver\Src\stm32g0xx_hal_adc.o
                0x0800319e                HAL_ADC_LevelOutOfWindowCallback
 .text.HAL_ADC_ErrorCallback
                0x080031a0        0x2 Drivers\STM32G0xx_HAL_Driver\Src\stm32g0xx_hal_adc.o
                0x080031a0                HAL_ADC_ErrorCallback
 *fill*         0x080031a2        0x2 
 .text.HAL_ADC_IRQHandler
                0x080031a4      0x15c Drivers\STM32G0xx_HAL_Driver\Src\stm32g0xx_hal_adc.o
                0x080031a4                HAL_ADC_IRQHandler
 .text.HAL_ADC_ConfigChannel
                0x08003300      0x238 Drivers\STM32G0xx_HAL_Driver\Src\stm32g0xx_hal_adc.o
                0x08003300                HAL_ADC_ConfigChannel
 .text.ADC_Enable
                0x08003538       0x80 Drivers\STM32G0xx_HAL_Driver\Src\stm32g0xx_hal_adc.o
                0x08003538                ADC_Enable
 .text.HAL_ADC_Start
                0x080035b8       0x5c Drivers\STM32G0xx_HAL_Driver\Src\stm32g0xx_hal_adc.o
                0x080035b8                HAL_ADC_Start
 .text.HAL_ADCEx_LevelOutOfWindow2Callback
                0x08003614        0x2 Drivers\STM32G0xx_HAL_Driver\Src\stm32g0xx_hal_adc_ex.o
                0x08003614                HAL_ADCEx_LevelOutOfWindow2Callback
 .text.HAL_ADCEx_LevelOutOfWindow3Callback
                0x08003616        0x2 Drivers\STM32G0xx_HAL_Driver\Src\stm32g0xx_hal_adc_ex.o
                0x08003616                HAL_ADCEx_LevelOutOfWindow3Callback
 .text.HAL_ADCEx_EndOfSamplingCallback
                0x08003618        0x2 Drivers\STM32G0xx_HAL_Driver\Src\stm32g0xx_hal_adc_ex.o
                0x08003618                HAL_ADCEx_EndOfSamplingCallback
 .text.HAL_ADCEx_ChannelConfigReadyCallback
                0x0800361a        0x2 Drivers\STM32G0xx_HAL_Driver\Src\stm32g0xx_hal_adc_ex.o
                0x0800361a                HAL_ADCEx_ChannelConfigReadyCallback
 .text.HAL_NVIC_SetPriority
                0x0800361c       0x60 Drivers\STM32G0xx_HAL_Driver\Src\stm32g0xx_hal_cortex.o
                0x0800361c                HAL_NVIC_SetPriority
 .text.HAL_NVIC_EnableIRQ
                0x0800367c       0x18 Drivers\STM32G0xx_HAL_Driver\Src\stm32g0xx_hal_cortex.o
                0x0800367c                HAL_NVIC_EnableIRQ
 .text.HAL_NVIC_DisableIRQ
                0x08003694       0x20 Drivers\STM32G0xx_HAL_Driver\Src\stm32g0xx_hal_cortex.o
                0x08003694                HAL_NVIC_DisableIRQ
 .text.HAL_SYSTICK_Config
                0x080036b4       0x34 Drivers\STM32G0xx_HAL_Driver\Src\stm32g0xx_hal_cortex.o
                0x080036b4                HAL_SYSTICK_Config
 .text.HAL_NVIC_ClearPendingIRQ
                0x080036e8       0x1c Drivers\STM32G0xx_HAL_Driver\Src\stm32g0xx_hal_cortex.o
                0x080036e8                HAL_NVIC_ClearPendingIRQ
 .text.DMA_SetConfig
                0x08003704       0x40 Drivers\STM32G0xx_HAL_Driver\Src\stm32g0xx_hal_dma.o
 .text.DMA_CalcDMAMUXChannelBaseAndMask
                0x08003744       0x34 Drivers\STM32G0xx_HAL_Driver\Src\stm32g0xx_hal_dma.o
 .text.HAL_DMA_Init
                0x08003778       0xb8 Drivers\STM32G0xx_HAL_Driver\Src\stm32g0xx_hal_dma.o
                0x08003778                HAL_DMA_Init
 .text.HAL_DMA_Start_IT
                0x08003830       0x80 Drivers\STM32G0xx_HAL_Driver\Src\stm32g0xx_hal_dma.o
                0x08003830                HAL_DMA_Start_IT
 .text.HAL_DMA_Abort_IT
                0x080038b0       0x7c Drivers\STM32G0xx_HAL_Driver\Src\stm32g0xx_hal_dma.o
                0x080038b0                HAL_DMA_Abort_IT
 .text.HAL_DMA_IRQHandler
                0x0800392c       0xa8 Drivers\STM32G0xx_HAL_Driver\Src\stm32g0xx_hal_dma.o
                0x0800392c                HAL_DMA_IRQHandler
 .text.HAL_DMA_GetState
                0x080039d4        0x8 Drivers\STM32G0xx_HAL_Driver\Src\stm32g0xx_hal_dma.o
                0x080039d4                HAL_DMA_GetState
 .text.HAL_GPIO_Init
                0x080039dc      0x150 Drivers\STM32G0xx_HAL_Driver\Src\stm32g0xx_hal_gpio.o
                0x080039dc                HAL_GPIO_Init
 .text.HAL_GPIO_ReadPin
                0x08003b2c        0xc Drivers\STM32G0xx_HAL_Driver\Src\stm32g0xx_hal_gpio.o
                0x08003b2c                HAL_GPIO_ReadPin
 .text.HAL_GPIO_WritePin
                0x08003b38        0xc Drivers\STM32G0xx_HAL_Driver\Src\stm32g0xx_hal_gpio.o
                0x08003b38                HAL_GPIO_WritePin
 .text.HAL_GPIO_EXTI_Rising_Callback
                0x08003b44        0x2 Drivers\STM32G0xx_HAL_Driver\Src\stm32g0xx_hal_gpio.o
                0x08003b44                HAL_GPIO_EXTI_Rising_Callback
 *fill*         0x08003b46        0x2 
 .text.HAL_GPIO_EXTI_IRQHandler
                0x08003b48       0x28 Drivers\STM32G0xx_HAL_Driver\Src\stm32g0xx_hal_gpio.o
                0x08003b48                HAL_GPIO_EXTI_IRQHandler
 .text.I2C_Flush_TXDR
                0x08003b70       0x1c Drivers\STM32G0xx_HAL_Driver\Src\stm32g0xx_hal_i2c.o
 .text.I2C_TransferConfig
                0x08003b8c       0x2c Drivers\STM32G0xx_HAL_Driver\Src\stm32g0xx_hal_i2c.o
 .text.I2C_Enable_IRQ
                0x08003bb8       0x68 Drivers\STM32G0xx_HAL_Driver\Src\stm32g0xx_hal_i2c.o
 .text.I2C_Disable_IRQ
                0x08003c20       0x5e Drivers\STM32G0xx_HAL_Driver\Src\stm32g0xx_hal_i2c.o
 .text.I2C_WaitOnFlagUntilTimeout
                0x08003c7e       0x50 Drivers\STM32G0xx_HAL_Driver\Src\stm32g0xx_hal_i2c.o
 *fill*         0x08003cce        0x2 
 .text.I2C_IsAcknowledgeFailed
                0x08003cd0       0x7c Drivers\STM32G0xx_HAL_Driver\Src\stm32g0xx_hal_i2c.o
 .text.I2C_WaitOnTXISFlagUntilTimeout
                0x08003d4c       0x54 Drivers\STM32G0xx_HAL_Driver\Src\stm32g0xx_hal_i2c.o
 .text.I2C_RequestMemoryWrite
                0x08003da0       0x64 Drivers\STM32G0xx_HAL_Driver\Src\stm32g0xx_hal_i2c.o
 .text.I2C_RequestMemoryRead
                0x08003e04       0x64 Drivers\STM32G0xx_HAL_Driver\Src\stm32g0xx_hal_i2c.o
 .text.I2C_WaitOnSTOPFlagUntilTimeout
                0x08003e68       0x50 Drivers\STM32G0xx_HAL_Driver\Src\stm32g0xx_hal_i2c.o
 .text.HAL_I2C_Init
                0x08003eb8       0xac Drivers\STM32G0xx_HAL_Driver\Src\stm32g0xx_hal_i2c.o
                0x08003eb8                HAL_I2C_Init
 .text.HAL_I2C_Mem_Read
                0x08003f64      0x17c Drivers\STM32G0xx_HAL_Driver\Src\stm32g0xx_hal_i2c.o
                0x08003f64                HAL_I2C_Mem_Read
 .text.HAL_I2C_Mem_Write_DMA
                0x080040e0      0x14c Drivers\STM32G0xx_HAL_Driver\Src\stm32g0xx_hal_i2c.o
                0x080040e0                HAL_I2C_Mem_Write_DMA
 .text.HAL_I2C_EV_IRQHandler
                0x0800422c       0x12 Drivers\STM32G0xx_HAL_Driver\Src\stm32g0xx_hal_i2c.o
                0x0800422c                HAL_I2C_EV_IRQHandler
 .text.HAL_I2C_MasterTxCpltCallback
                0x0800423e        0x2 Drivers\STM32G0xx_HAL_Driver\Src\stm32g0xx_hal_i2c.o
                0x0800423e                HAL_I2C_MasterTxCpltCallback
 .text.HAL_I2C_MasterRxCpltCallback
                0x08004240        0x2 Drivers\STM32G0xx_HAL_Driver\Src\stm32g0xx_hal_i2c.o
                0x08004240                HAL_I2C_MasterRxCpltCallback
 .text.I2C_ITMasterSeqCplt
                0x08004242       0x48 Drivers\STM32G0xx_HAL_Driver\Src\stm32g0xx_hal_i2c.o
 .text.HAL_I2C_SlaveTxCpltCallback
                0x0800428a        0x2 Drivers\STM32G0xx_HAL_Driver\Src\stm32g0xx_hal_i2c.o
                0x0800428a                HAL_I2C_SlaveTxCpltCallback
 .text.HAL_I2C_SlaveRxCpltCallback
                0x0800428c        0x2 Drivers\STM32G0xx_HAL_Driver\Src\stm32g0xx_hal_i2c.o
                0x0800428c                HAL_I2C_SlaveRxCpltCallback
 .text.I2C_ITSlaveSeqCplt
                0x0800428e       0x52 Drivers\STM32G0xx_HAL_Driver\Src\stm32g0xx_hal_i2c.o
 .text.HAL_I2C_AddrCallback
                0x080042e0        0x2 Drivers\STM32G0xx_HAL_Driver\Src\stm32g0xx_hal_i2c.o
                0x080042e0                HAL_I2C_AddrCallback
 .text.I2C_ITAddrCplt.isra.8
                0x080042e2       0x90 Drivers\STM32G0xx_HAL_Driver\Src\stm32g0xx_hal_i2c.o
 .text.HAL_I2C_ListenCpltCallback
                0x08004372        0x2 Drivers\STM32G0xx_HAL_Driver\Src\stm32g0xx_hal_i2c.o
                0x08004372                HAL_I2C_ListenCpltCallback
 .text.I2C_ITListenCplt
                0x08004374       0x68 Drivers\STM32G0xx_HAL_Driver\Src\stm32g0xx_hal_i2c.o
 .text.HAL_I2C_MemRxCpltCallback
                0x080043dc        0x2 Drivers\STM32G0xx_HAL_Driver\Src\stm32g0xx_hal_i2c.o
                0x080043dc                HAL_I2C_MemRxCpltCallback
 .text.HAL_I2C_ErrorCallback
                0x080043de        0x2 Drivers\STM32G0xx_HAL_Driver\Src\stm32g0xx_hal_i2c.o
                0x080043de                HAL_I2C_ErrorCallback
 .text.HAL_I2C_AbortCpltCallback
                0x080043e0        0x2 Drivers\STM32G0xx_HAL_Driver\Src\stm32g0xx_hal_i2c.o
                0x080043e0                HAL_I2C_AbortCpltCallback
 *fill*         0x080043e2        0x2 
 .text.I2C_ITError
                0x080043e4       0xe4 Drivers\STM32G0xx_HAL_Driver\Src\stm32g0xx_hal_i2c.o
 .text.I2C_ITSlaveCplt
                0x080044c8       0xf4 Drivers\STM32G0xx_HAL_Driver\Src\stm32g0xx_hal_i2c.o
 .text.I2C_Slave_ISR_IT
                0x080045bc      0x124 Drivers\STM32G0xx_HAL_Driver\Src\stm32g0xx_hal_i2c.o
 .text.I2C_ITMasterCplt
                0x080046e0       0xb4 Drivers\STM32G0xx_HAL_Driver\Src\stm32g0xx_hal_i2c.o
 .text.I2C_Slave_ISR_DMA
                0x08004794       0xe0 Drivers\STM32G0xx_HAL_Driver\Src\stm32g0xx_hal_i2c.o
 .text.I2C_Master_ISR_DMA
                0x08004874      0x110 Drivers\STM32G0xx_HAL_Driver\Src\stm32g0xx_hal_i2c.o
 .text.I2C_DMAError
                0x08004984       0x18 Drivers\STM32G0xx_HAL_Driver\Src\stm32g0xx_hal_i2c.o
 .text.I2C_DMAMasterTransmitCplt
                0x0800499c       0x50 Drivers\STM32G0xx_HAL_Driver\Src\stm32g0xx_hal_i2c.o
 .text.HAL_I2C_ER_IRQHandler
                0x080049ec       0x58 Drivers\STM32G0xx_HAL_Driver\Src\stm32g0xx_hal_i2c.o
                0x080049ec                HAL_I2C_ER_IRQHandler
 .text.I2C_DMAAbort
                0x08004a44       0x28 Drivers\STM32G0xx_HAL_Driver\Src\stm32g0xx_hal_i2c.o
 .text.HAL_I2CEx_ConfigAnalogFilter
                0x08004a6c       0x4c Drivers\STM32G0xx_HAL_Driver\Src\stm32g0xx_hal_i2c_ex.o
                0x08004a6c                HAL_I2CEx_ConfigAnalogFilter
 .text.HAL_I2CEx_ConfigDigitalFilter
                0x08004ab8       0x48 Drivers\STM32G0xx_HAL_Driver\Src\stm32g0xx_hal_i2c_ex.o
                0x08004ab8                HAL_I2CEx_ConfigDigitalFilter
 .text.HAL_PWREx_ControlVoltageScaling
                0x08004b00       0x54 Drivers\STM32G0xx_HAL_Driver\Src\stm32g0xx_hal_pwr_ex.o
                0x08004b00                HAL_PWREx_ControlVoltageScaling
 .text.HAL_RCC_OscConfig
                0x08004b54      0x454 Drivers\STM32G0xx_HAL_Driver\Src\stm32g0xx_hal_rcc.o
                0x08004b54                HAL_RCC_OscConfig
 .text.HAL_RCC_GetSysClockFreq
                0x08004fa8       0x8c Drivers\STM32G0xx_HAL_Driver\Src\stm32g0xx_hal_rcc.o
                0x08004fa8                HAL_RCC_GetSysClockFreq
 .text.HAL_RCC_ClockConfig
                0x08005034      0x15c Drivers\STM32G0xx_HAL_Driver\Src\stm32g0xx_hal_rcc.o
                0x08005034                HAL_RCC_ClockConfig
 .text.HAL_RCC_GetPCLK1Freq
                0x08005190       0x28 Drivers\STM32G0xx_HAL_Driver\Src\stm32g0xx_hal_rcc.o
                0x08005190                HAL_RCC_GetPCLK1Freq
 .text.HAL_RCCEx_PeriphCLKConfig
                0x080051b8      0x204 Drivers\STM32G0xx_HAL_Driver\Src\stm32g0xx_hal_rcc_ex.o
                0x080051b8                HAL_RCCEx_PeriphCLKConfig
 .text.HAL_RTC_WaitForSynchro
                0x080053bc       0x34 Drivers\STM32G0xx_HAL_Driver\Src\stm32g0xx_hal_rtc.o
                0x080053bc                HAL_RTC_WaitForSynchro
 .text.RTC_EnterInitMode
                0x080053f0       0x46 Drivers\STM32G0xx_HAL_Driver\Src\stm32g0xx_hal_rtc.o
                0x080053f0                RTC_EnterInitMode
 *fill*         0x08005436        0x2 
 .text.RTC_ExitInitMode
                0x08005438       0x48 Drivers\STM32G0xx_HAL_Driver\Src\stm32g0xx_hal_rtc.o
                0x08005438                RTC_ExitInitMode
 .text.HAL_RTC_Init
                0x08005480       0xa0 Drivers\STM32G0xx_HAL_Driver\Src\stm32g0xx_hal_rtc.o
                0x08005480                HAL_RTC_Init
 .text.RTC_ByteToBcd2
                0x08005520       0x16 Drivers\STM32G0xx_HAL_Driver\Src\stm32g0xx_hal_rtc.o
                0x08005520                RTC_ByteToBcd2
 *fill*         0x08005536        0x2 
 .text.HAL_RTC_SetTime
                0x08005538       0xcc Drivers\STM32G0xx_HAL_Driver\Src\stm32g0xx_hal_rtc.o
                0x08005538                HAL_RTC_SetTime
 .text.HAL_RTC_SetDate
                0x08005604       0xac Drivers\STM32G0xx_HAL_Driver\Src\stm32g0xx_hal_rtc.o
                0x08005604                HAL_RTC_SetDate
 .text.RTC_Bcd2ToByte
                0x080056b0       0x10 Drivers\STM32G0xx_HAL_Driver\Src\stm32g0xx_hal_rtc.o
                0x080056b0                RTC_Bcd2ToByte
 .text.HAL_RTC_GetTime
                0x080056c0       0x50 Drivers\STM32G0xx_HAL_Driver\Src\stm32g0xx_hal_rtc.o
                0x080056c0                HAL_RTC_GetTime
 .text.HAL_RTC_GetDate
                0x08005710       0x44 Drivers\STM32G0xx_HAL_Driver\Src\stm32g0xx_hal_rtc.o
                0x08005710                HAL_RTC_GetDate
 .text.HAL_SPI_Init
                0x08005754       0xbc Drivers\STM32G0xx_HAL_Driver\Src\stm32g0xx_hal_spi.o
                0x08005754                HAL_SPI_Init
 .text.HAL_TIM_Base_Start_IT
                0x08005810       0x28 Drivers\STM32G0xx_HAL_Driver\Src\stm32g0xx_hal_tim.o
                0x08005810                HAL_TIM_Base_Start_IT
 .text.HAL_TIM_Base_Stop_IT
                0x08005838       0x2c Drivers\STM32G0xx_HAL_Driver\Src\stm32g0xx_hal_tim.o
                0x08005838                HAL_TIM_Base_Stop_IT
 .text.HAL_TIM_OC_DelayElapsedCallback
                0x08005864        0x2 Drivers\STM32G0xx_HAL_Driver\Src\stm32g0xx_hal_tim.o
                0x08005864                HAL_TIM_OC_DelayElapsedCallback
 .text.HAL_TIM_IC_CaptureCallback
                0x08005866        0x2 Drivers\STM32G0xx_HAL_Driver\Src\stm32g0xx_hal_tim.o
                0x08005866                HAL_TIM_IC_CaptureCallback
 .text.HAL_TIM_PWM_PulseFinishedCallback
                0x08005868        0x2 Drivers\STM32G0xx_HAL_Driver\Src\stm32g0xx_hal_tim.o
                0x08005868                HAL_TIM_PWM_PulseFinishedCallback
 .text.HAL_TIM_TriggerCallback
                0x0800586a        0x2 Drivers\STM32G0xx_HAL_Driver\Src\stm32g0xx_hal_tim.o
                0x0800586a                HAL_TIM_TriggerCallback
 .text.HAL_TIM_IRQHandler
                0x0800586c      0x168 Drivers\STM32G0xx_HAL_Driver\Src\stm32g0xx_hal_tim.o
                0x0800586c                HAL_TIM_IRQHandler
 .text.HAL_TIM_Base_GetState
                0x080059d4        0x8 Drivers\STM32G0xx_HAL_Driver\Src\stm32g0xx_hal_tim.o
                0x080059d4                HAL_TIM_Base_GetState
 .text.TIM_Base_SetConfig
                0x080059dc       0xa0 Drivers\STM32G0xx_HAL_Driver\Src\stm32g0xx_hal_tim.o
                0x080059dc                TIM_Base_SetConfig
 .text.HAL_TIM_Base_Init
                0x08005a7c       0x36 Drivers\STM32G0xx_HAL_Driver\Src\stm32g0xx_hal_tim.o
                0x08005a7c                HAL_TIM_Base_Init
 *fill*         0x08005ab2        0x2 
 .text.TIM_ETR_SetConfig
                0x08005ab4       0x18 Drivers\STM32G0xx_HAL_Driver\Src\stm32g0xx_hal_tim.o
                0x08005ab4                TIM_ETR_SetConfig
 .text.HAL_TIM_ConfigClockSource
                0x08005acc      0x12c Drivers\STM32G0xx_HAL_Driver\Src\stm32g0xx_hal_tim.o
                0x08005acc                HAL_TIM_ConfigClockSource
 .text.HAL_TIMEx_MasterConfigSynchronization
                0x08005bf8       0x54 Drivers\STM32G0xx_HAL_Driver\Src\stm32g0xx_hal_tim_ex.o
                0x08005bf8                HAL_TIMEx_MasterConfigSynchronization
 .text.HAL_TIMEx_ConfigBreakDeadTime
                0x08005c4c       0xbc Drivers\STM32G0xx_HAL_Driver\Src\stm32g0xx_hal_tim_ex.o
                0x08005c4c                HAL_TIMEx_ConfigBreakDeadTime
 .text.HAL_TIMEx_CommutCallback
                0x08005d08        0x2 Drivers\STM32G0xx_HAL_Driver\Src\stm32g0xx_hal_tim_ex.o
                0x08005d08                HAL_TIMEx_CommutCallback
 .text.HAL_TIMEx_BreakCallback
                0x08005d0a        0x2 Drivers\STM32G0xx_HAL_Driver\Src\stm32g0xx_hal_tim_ex.o
                0x08005d0a                HAL_TIMEx_BreakCallback
 .text.HAL_TIMEx_Break2Callback
                0x08005d0c        0x2 Drivers\STM32G0xx_HAL_Driver\Src\stm32g0xx_hal_tim_ex.o
                0x08005d0c                HAL_TIMEx_Break2Callback
 *fill*         0x08005d0e        0x2 
 .text.UART_EndRxTransfer
                0x08005d10       0x28 Drivers\STM32G0xx_HAL_Driver\Src\stm32g0xx_hal_uart.o
 .text.UART_TxISR_16BIT
                0x08005d38       0x40 Drivers\STM32G0xx_HAL_Driver\Src\stm32g0xx_hal_uart.o
 .text.UART_TxISR_16BIT_FIFOEN
                0x08005d78       0x5c Drivers\STM32G0xx_HAL_Driver\Src\stm32g0xx_hal_uart.o
 .text.UART_TxISR_8BIT
                0x08005dd4       0x3c Drivers\STM32G0xx_HAL_Driver\Src\stm32g0xx_hal_uart.o
 .text.UART_TxISR_8BIT_FIFOEN
                0x08005e10       0x58 Drivers\STM32G0xx_HAL_Driver\Src\stm32g0xx_hal_uart.o
 .text.HAL_UART_Transmit_IT
                0x08005e68       0xb4 Drivers\STM32G0xx_HAL_Driver\Src\stm32g0xx_hal_uart.o
                0x08005e68                HAL_UART_Transmit_IT
 .text.HAL_UART_Receive_IT
                0x08005f1c      0x114 Drivers\STM32G0xx_HAL_Driver\Src\stm32g0xx_hal_uart.o
                0x08005f1c                HAL_UART_Receive_IT
 .text.UART_RxISR_8BIT
                0x08006030       0x64 Drivers\STM32G0xx_HAL_Driver\Src\stm32g0xx_hal_uart.o
 .text.UART_RxISR_16BIT
                0x08006094       0x60 Drivers\STM32G0xx_HAL_Driver\Src\stm32g0xx_hal_uart.o
 .text.UART_RxISR_8BIT_FIFOEN
                0x080060f4       0xac Drivers\STM32G0xx_HAL_Driver\Src\stm32g0xx_hal_uart.o
 .text.UART_RxISR_16BIT_FIFOEN
                0x080061a0       0xac Drivers\STM32G0xx_HAL_Driver\Src\stm32g0xx_hal_uart.o
 .text.HAL_UART_ErrorCallback
                0x0800624c        0x2 Drivers\STM32G0xx_HAL_Driver\Src\stm32g0xx_hal_uart.o
                0x0800624c                HAL_UART_ErrorCallback
 *fill*         0x0800624e        0x2 
 .text.HAL_UART_IRQHandler
                0x08006250      0x18c Drivers\STM32G0xx_HAL_Driver\Src\stm32g0xx_hal_uart.o
                0x08006250                HAL_UART_IRQHandler
 .text.UART_DMAAbortOnError
                0x080063dc       0x16 Drivers\STM32G0xx_HAL_Driver\Src\stm32g0xx_hal_uart.o
 *fill*         0x080063f2        0x2 
 .text.UART_SetConfig
                0x080063f4      0x834 Drivers\STM32G0xx_HAL_Driver\Src\stm32g0xx_hal_uart.o
                0x080063f4                UART_SetConfig
 .text.UART_AdvFeatureConfig
                0x08006c28       0xd0 Drivers\STM32G0xx_HAL_Driver\Src\stm32g0xx_hal_uart.o
                0x08006c28                UART_AdvFeatureConfig
 .text.UART_WaitOnFlagUntilTimeout
                0x08006cf8       0x64 Drivers\STM32G0xx_HAL_Driver\Src\stm32g0xx_hal_uart.o
                0x08006cf8                UART_WaitOnFlagUntilTimeout
 .text.UART_CheckIdleState
                0x08006d5c       0x68 Drivers\STM32G0xx_HAL_Driver\Src\stm32g0xx_hal_uart.o
                0x08006d5c                UART_CheckIdleState
 .text.HAL_UART_Init
                0x08006dc4       0x68 Drivers\STM32G0xx_HAL_Driver\Src\stm32g0xx_hal_uart.o
                0x08006dc4                HAL_UART_Init
 .text.UARTEx_SetNbDataToProcess
                0x08006e2c       0x7c Drivers\STM32G0xx_HAL_Driver\Src\stm32g0xx_hal_uart_ex.o
 .text.HAL_UARTEx_WakeupCallback
                0x08006ea8        0x2 Drivers\STM32G0xx_HAL_Driver\Src\stm32g0xx_hal_uart_ex.o
                0x08006ea8                HAL_UARTEx_WakeupCallback
 .text.HAL_UARTEx_RxFifoFullCallback
                0x08006eaa        0x2 Drivers\STM32G0xx_HAL_Driver\Src\stm32g0xx_hal_uart_ex.o
                0x08006eaa                HAL_UARTEx_RxFifoFullCallback
 .text.HAL_UARTEx_TxFifoEmptyCallback
                0x08006eac        0x2 Drivers\STM32G0xx_HAL_Driver\Src\stm32g0xx_hal_uart_ex.o
                0x08006eac                HAL_UARTEx_TxFifoEmptyCallback
 .text.HAL_UARTEx_EnableFifoMode
                0x08006eae       0x3c Drivers\STM32G0xx_HAL_Driver\Src\stm32g0xx_hal_uart_ex.o
                0x08006eae                HAL_UARTEx_EnableFifoMode
 .text.HAL_UARTEx_SetTxFifoThreshold
                0x08006eea       0x42 Drivers\STM32G0xx_HAL_Driver\Src\stm32g0xx_hal_uart_ex.o
                0x08006eea                HAL_UARTEx_SetTxFifoThreshold
 .text.HAL_UARTEx_SetRxFifoThreshold
                0x08006f2c       0x48 Drivers\STM32G0xx_HAL_Driver\Src\stm32g0xx_hal_uart_ex.o
                0x08006f2c                HAL_UARTEx_SetRxFifoThreshold
 .text.MX_ADC1_Init
                0x08006f74       0x80 Src\adc.o
                0x08006f74                MX_ADC1_Init
 .text.HAL_ADC_MspInit
                0x08006ff4       0x6c Src\adc.o
                0x08006ff4                HAL_ADC_MspInit
 .text.bluetoothFifoFlush
                0x08007060       0x1c Src\bluetooth.o
                0x08007060                bluetoothFifoFlush
 .text.bluetoothMsgFifoFlush
                0x0800707c       0x1c Src\bluetooth.o
                0x0800707c                bluetoothMsgFifoFlush
 .text.bluetoothDecodeMsg
                0x08007098      0x154 Src\bluetooth.o
                0x08007098                bluetoothDecodeMsg
 .text.bluetoothCMD_ACK
                0x080071ec       0x90 Src\bluetooth.o
                0x080071ec                bluetoothCMD_ACK
 .text.bluetoothEnterCMD
                0x0800727c       0x28 Src\bluetooth.o
                0x0800727c                bluetoothEnterCMD
 .text.bluetoothLeaveCMD
                0x080072a4       0x28 Src\bluetooth.o
                0x080072a4                bluetoothLeaveCMD
 .text.bluetoothInit
                0x080072cc      0x1b8 Src\bluetooth.o
                0x080072cc                bluetoothInit
 .text.bluetoothCMD_Until
                0x08007484       0x80 Src\bluetooth.o
                0x08007484                bluetoothCMD_Until
 .text.bluetoothCMD_Time
                0x08007504       0x64 Src\bluetooth.o
                0x08007504                bluetoothCMD_Time
 .text.bluetoothConnect
                0x08007568       0x4c Src\bluetooth.o
                0x08007568                bluetoothConnect
 .text.countOccurances
                0x080075b4       0x1a Src\bluetooth.o
                0x080075b4                countOccurances
 .text.replacechar
                0x080075ce       0x1e Src\bluetooth.o
                0x080075ce                replacechar
 .text.splitString
                0x080075ec       0x26 Src\bluetooth.o
                0x080075ec                splitString
 *fill*         0x08007612        0x2 
 .text.bluetoothGetScannedDevices
                0x08007614      0x2b4 Src\bluetooth.o
                0x08007614                bluetoothGetScannedDevices
 .text.bluetoothGetBondedDevices
                0x080078c8      0x154 Src\bluetooth.o
                0x080078c8                bluetoothGetBondedDevices
 .text.bluetoothConnectKnown
                0x08007a1c       0xe4 Src\bluetooth.o
                0x08007a1c                bluetoothConnectKnown
 .text.MX_DMA_Init
                0x08007b00       0x2c Src\dma.o
                0x08007b00                MX_DMA_Init
 .text.MX_GPIO_Init
                0x08007b2c      0x124 Src\gpio.o
                0x08007b2c                MX_GPIO_Init
 .text.MX_I2C1_Init
                0x08007c50       0x5c Src\i2c.o
                0x08007c50                MX_I2C1_Init
 .text.HAL_I2C_MspInit
                0x08007cac       0xb0 Src\i2c.o
                0x08007cac                HAL_I2C_MspInit
 .text.SystemClock_Config
                0x08007d5c       0x94 Src\main.o
                0x08007d5c                SystemClock_Config
 .text.startup.main
                0x08007df0      0x514 Src\main.o
                0x08007df0                main
 .text.HAL_TIM_PeriodElapsedCallback
                0x08008304      0x3ec Src\main.o
                0x08008304                HAL_TIM_PeriodElapsedCallback
 .text.HAL_GPIO_EXTI_Falling_Callback
                0x080086f0       0x30 Src\main.o
                0x080086f0                HAL_GPIO_EXTI_Falling_Callback
 .text.HAL_UART_RxCpltCallback
                0x08008720      0x148 Src\main.o
                0x08008720                HAL_UART_RxCpltCallback
 .text.HAL_UART_TxCpltCallback
                0x08008868        0x2 Src\main.o
                0x08008868                HAL_UART_TxCpltCallback
 .text.HAL_ADC_ConvCpltCallback
                0x0800886a        0x2 Src\main.o
                0x0800886a                HAL_ADC_ConvCpltCallback
 .text.Error_Handler
                0x0800886c        0x2 Src\main.o
                0x0800886c                Error_Handler
 .text.workerAssert
                0x0800886e        0xa Src\midiController.o
                0x0800886e                workerAssert
 .text.workerDesert
                0x08008878        0x8 Src\midiController.o
                0x08008878                workerDesert
 .text.strToSongMenu
                0x08008880       0x88 Src\midiController.o
                0x08008880                strToSongMenu
 .text.midiController_init
                0x08008908       0x6c Src\midiController.o
                0x08008908                midiController_init
 .text.midiController_current_On
                0x08008974       0x20 Src\midiController.o
                0x08008974                midiController_current_On
 .text.midiController_current_Off
                0x08008994       0x20 Src\midiController.o
                0x08008994                midiController_current_Off
 .text.midiController_record
                0x080089b4       0x70 Src\midiController.o
                0x080089b4                midiController_record
 .text.midiController_play
                0x08008a24       0x70 Src\midiController.o
                0x08008a24                midiController_play
 .text.midiController_stop
                0x08008a94       0x2c Src\midiController.o
                0x08008a94                midiController_stop
 .text.midiController_checkKeyboard
                0x08008ac0      0x270 Src\midiController.o
                0x08008ac0                midiController_checkKeyboard
 .text.midiController_keepalive_process
                0x08008d30       0x40 Src\midiController.o
                0x08008d30                midiController_keepalive_process
 .text.midiController_setDisplayRaw
                0x08008d70       0x14 Src\midiController.o
                0x08008d70                midiController_setDisplayRaw
 .text.midiController_get_time
                0x08008d84       0x20 Src\midiController.o
                0x08008d84                midiController_get_time
 .text.sendMsg  0x08008da4       0x90 Src\msgDecoder.o
                0x08008da4                sendMsg
 .text.msgAOK   0x08008e34       0x52 Src\msgDecoder.o
                0x08008e34                msgAOK
 .text.msgERR   0x08008e86       0x3c Src\msgDecoder.o
                0x08008e86                msgERR
 *fill*         0x08008ec2        0x2 
 .text.decodeMessage
                0x08008ec4      0x1c0 Src\msgDecoder.o
                0x08008ec4                decodeMessage
 .text.oled_StartSplash
                0x08009084       0x60 Src\oled.o
                0x08009084                oled_StartSplash
 .text.oled_BtDevInfoSplash
                0x080090e4      0x108 Src\oled.o
                0x080090e4                oled_BtDevInfoSplash
 .text.oled_LoadingSplash
                0x080091ec       0x9c Src\oled.o
                0x080091ec                oled_LoadingSplash
 .text.oled_BtDevKeyEnterSplash
                0x08009288      0x7c0 Src\oled.o
                0x08009288                oled_BtDevKeyEnterSplash
 .text.oled_setDisplayedMenu
                0x08009a48       0x74 Src\oled.o
                0x08009a48                oled_setDisplayedMenu
 .text.oled_DisplayStatusSplash
                0x08009abc       0xbc Src\oled.o
                0x08009abc                oled_DisplayStatusSplash
 .text.oled_ValueEnterSplash
                0x08009b78      0x260 Src\oled.o
                0x08009b78                oled_ValueEnterSplash
 .text.oled_setDisplayedSplash
                0x08009dd8       0x28 Src\oled.o
                0x08009dd8                oled_setDisplayedSplash
 .text.oled_menuOnclick
                0x08009e00      0x3d4 Src\oled.o
                0x08009e00                oled_menuOnclick
 .text.oled_begin
                0x0800a1d4       0x7c Src\oled.o
                0x0800a1d4                oled_begin
 .text.oled_drawMenu
                0x0800a250      0x3d0 Src\oled.o
                0x0800a250                oled_drawMenu
 .text.oled_refresh
                0x0800a620       0x38 Src\oled.o
                0x0800a620                oled_refresh
 .text.oled_ErrorSplash
                0x0800a658       0x5c Src\oled.o
                0x0800a658                oled_ErrorSplash
 .text.oled_ShutdownSplash
                0x0800a6b4       0x44 Src\oled.o
                0x0800a6b4                oled_ShutdownSplash
 .text.oled_NameExistsSplash
                0x0800a6f8       0x84 Src\oled.o
                0x0800a6f8                oled_NameExistsSplash
 .text.oled_NothingFound
                0x0800a77c       0x54 Src\oled.o
                0x0800a77c                oled_NothingFound
 .text.oled_BtDevPairRequestSplash
                0x0800a7d0      0x174 Src\oled.o
                0x0800a7d0                oled_BtDevPairRequestSplash
 .text.oled_BtDevKeyRequestSplash
                0x0800a944      0x2a0 Src\oled.o
                0x0800a944                oled_BtDevKeyRequestSplash
 .text.oled_playingSplash
                0x0800abe4      0x12c Src\oled.o
                0x0800abe4                oled_playingSplash
 .text.oled_recordingSplash
                0x0800ad10      0x130 Src\oled.o
                0x0800ad10                oled_recordingSplash
 .text.MX_RTC_Init
                0x0800ae40       0x38 Src\rtc.o
                0x0800ae40                MX_RTC_Init
 .text.HAL_RTC_MspInit
                0x0800ae78       0x34 Src\rtc.o
                0x0800ae78                HAL_RTC_MspInit
 .text.MX_SPI1_Init
                0x0800aeac       0x4c Src\spi.o
                0x0800aeac                MX_SPI1_Init
 .text.HAL_SPI_MspInit
                0x0800aef8       0x84 Src\spi.o
                0x0800aef8                HAL_SPI_MspInit
 .text.ssd1306_WriteBufferByte
                0x0800af7c       0x14 Src\ssd1306.o
                0x0800af7c                ssd1306_WriteBufferByte
 .text.ssd1306_SendBuffer
                0x0800af90       0x28 Src\ssd1306.o
                0x0800af90                ssd1306_SendBuffer
 .text.ssd1306_Fill
                0x0800afb8       0x1c Src\ssd1306.o
                0x0800afb8                ssd1306_Fill
 .text.ssd1306_UpdateScreen
                0x0800afd4       0x4c Src\ssd1306.o
                0x0800afd4                ssd1306_UpdateScreen
 .text.ssd1306_Init
                0x0800b020      0x12c Src\ssd1306.o
                0x0800b020                ssd1306_Init
 .text.HAL_I2C_MemTxCpltCallback
                0x0800b14c       0x34 Src\ssd1306.o
                0x0800b14c                HAL_I2C_MemTxCpltCallback
 .text.ssd1306_DrawPixel
                0x0800b180       0x48 Src\ssd1306.o
                0x0800b180                ssd1306_DrawPixel
 .text.ssd1306_WriteChar
                0x0800b1c8       0xac Src\ssd1306.o
                0x0800b1c8                ssd1306_WriteChar
 .text.ssd1306_WriteString
                0x0800b274       0x28 Src\ssd1306.o
                0x0800b274                ssd1306_WriteString
 .text.ssd1306_SetCursor
                0x0800b29c        0xc Src\ssd1306.o
                0x0800b29c                ssd1306_SetCursor
 .text.HAL_MspInit
                0x0800b2a8       0x40 Src\stm32g0xx_hal_msp.o
                0x0800b2a8                HAL_MspInit
 .text.NMI_Handler
                0x0800b2e8        0x2 Src\stm32g0xx_it.o
                0x0800b2e8                NMI_Handler
 .text.HardFault_Handler
                0x0800b2ea        0x2 Src\stm32g0xx_it.o
                0x0800b2ea                HardFault_Handler
 .text.SVC_Handler
                0x0800b2ec        0x2 Src\stm32g0xx_it.o
                0x0800b2ec                SVC_Handler
 .text.PendSV_Handler
                0x0800b2ee        0x2 Src\stm32g0xx_it.o
                0x0800b2ee                PendSV_Handler
 .text.SysTick_Handler
                0x0800b2f0        0x8 Src\stm32g0xx_it.o
                0x0800b2f0                SysTick_Handler
 .text.EXTI4_15_IRQHandler
                0x0800b2f8       0x12 Src\stm32g0xx_it.o
                0x0800b2f8                EXTI4_15_IRQHandler
 *fill*         0x0800b30a        0x2 
 .text.DMA1_Channel1_IRQHandler
                0x0800b30c       0x10 Src\stm32g0xx_it.o
                0x0800b30c                DMA1_Channel1_IRQHandler
 .text.ADC1_COMP_IRQHandler
                0x0800b31c       0x10 Src\stm32g0xx_it.o
                0x0800b31c                ADC1_COMP_IRQHandler
 .text.TIM1_CC_IRQHandler
                0x0800b32c       0x10 Src\stm32g0xx_it.o
                0x0800b32c                TIM1_CC_IRQHandler
 .text.TIM1_BRK_UP_TRG_COM_IRQHandler
                0x0800b33c        0x8 Src\stm32g0xx_it.o
                0x0800b33c                TIM1_BRK_UP_TRG_COM_IRQHandler
 .text.TIM2_IRQHandler
                0x0800b344       0x10 Src\stm32g0xx_it.o
                0x0800b344                TIM2_IRQHandler
 .text.TIM3_IRQHandler
                0x0800b354       0x10 Src\stm32g0xx_it.o
                0x0800b354                TIM3_IRQHandler
 .text.TIM6_DAC_LPTIM1_IRQHandler
                0x0800b364       0x10 Src\stm32g0xx_it.o
                0x0800b364                TIM6_DAC_LPTIM1_IRQHandler
 .text.TIM7_LPTIM2_IRQHandler
                0x0800b374       0x10 Src\stm32g0xx_it.o
                0x0800b374                TIM7_LPTIM2_IRQHandler
 .text.I2C1_IRQHandler
                0x0800b384       0x20 Src\stm32g0xx_it.o
                0x0800b384                I2C1_IRQHandler
 .text.USART2_IRQHandler
                0x0800b3a4       0x10 Src\stm32g0xx_it.o
                0x0800b3a4                USART2_IRQHandler
 .text._sbrk    0x0800b3b4       0x34 Src\syscalls.o
                0x0800b3b4                _sbrk
 .text.SystemInit
                0x0800b3e8       0x10 Src\system_stm32g0xx.o
                0x0800b3e8                SystemInit
 .text.MX_TIM1_Init
                0x0800b3f8       0x9c Src\tim.o
                0x0800b3f8                MX_TIM1_Init
 .text.MX_TIM2_Init
                0x0800b494       0x78 Src\tim.o
                0x0800b494                MX_TIM2_Init
 .text.MX_TIM3_Init
                0x0800b50c       0x7c Src\tim.o
                0x0800b50c                MX_TIM3_Init
 .text.MX_TIM6_Init
                0x0800b588       0x54 Src\tim.o
                0x0800b588                MX_TIM6_Init
 .text.MX_TIM7_Init
                0x0800b5dc       0x54 Src\tim.o
                0x0800b5dc                MX_TIM7_Init
 .text.HAL_TIM_Base_MspInit
                0x0800b630       0xf0 Src\tim.o
                0x0800b630                HAL_TIM_Base_MspInit
 .text.MX_UCPD1_Init
                0x0800b720       0x20 Src\ucpd.o
                0x0800b720                MX_UCPD1_Init
 .text.MX_USART2_UART_Init
                0x0800b740       0x6c Src\usart.o
                0x0800b740                MX_USART2_UART_Init
 .text.HAL_UART_MspInit
                0x0800b7ac       0x6c Src\usart.o
                0x0800b7ac                HAL_UART_MspInit
 .text.Reset_Handler
                0x0800b818       0x50 startup\startup_stm32g071xx.o
                0x0800b818                Reset_Handler
 .text.Default_Handler
                0x0800b868        0x2 startup\startup_stm32g071xx.o
                0x0800b868                USART3_4_LPUART1_IRQHandler
                0x0800b868                PVD_IRQHandler
                0x0800b868                RTC_TAMP_IRQHandler
                0x0800b868                SPI1_IRQHandler
                0x0800b868                EXTI2_3_IRQHandler
                0x0800b868                I2C2_IRQHandler
                0x0800b868                TIM17_IRQHandler
                0x0800b868                TIM16_IRQHandler
                0x0800b868                RCC_IRQHandler
                0x0800b868                Default_Handler
                0x0800b868                CEC_IRQHandler
                0x0800b868                TIM14_IRQHandler
                0x0800b868                TIM15_IRQHandler
                0x0800b868                EXTI0_1_IRQHandler
                0x0800b868                SPI2_IRQHandler
                0x0800b868                WWDG_IRQHandler
                0x0800b868                DMA1_Ch4_7_DMAMUX1_OVR_IRQHandler
                0x0800b868                DMA1_Channel2_3_IRQHandler
                0x0800b868                UCPD1_2_IRQHandler
                0x0800b868                FLASH_IRQHandler
                0x0800b868                USART1_IRQHandler
 *fill*         0x0800b86a        0x2 
 .text.__errno  0x0800b86c        0xc c:/program files (x86)/atollic/truestudio for stm32 9.3.0/armtools/bin/../lib/gcc/arm-atollic-eabi/6.3.1/../../../../arm-atollic-eabi/lib/armv6-m\libc_nano.a(lib_a-errno.o)
                0x0800b86c                __errno
 .text.__libc_init_array
                0x0800b878       0x48 c:/program files (x86)/atollic/truestudio for stm32 9.3.0/armtools/bin/../lib/gcc/arm-atollic-eabi/6.3.1/../../../../arm-atollic-eabi/lib/armv6-m\libc_nano.a(lib_a-init.o)
                0x0800b878                __libc_init_array
 .text.malloc   0x0800b8c0       0x14 c:/program files (x86)/atollic/truestudio for stm32 9.3.0/armtools/bin/../lib/gcc/arm-atollic-eabi/6.3.1/../../../../arm-atollic-eabi/lib/armv6-m\libc_nano.a(lib_a-malloc.o)
                0x0800b8c0                malloc
 .text.free     0x0800b8d4       0x14 c:/program files (x86)/atollic/truestudio for stm32 9.3.0/armtools/bin/../lib/gcc/arm-atollic-eabi/6.3.1/../../../../arm-atollic-eabi/lib/armv6-m\libc_nano.a(lib_a-malloc.o)
                0x0800b8d4                free
 .text.memcpy   0x0800b8e8       0x12 c:/program files (x86)/atollic/truestudio for stm32 9.3.0/armtools/bin/../lib/gcc/arm-atollic-eabi/6.3.1/../../../../arm-atollic-eabi/lib/armv6-m\libc_nano.a(lib_a-memcpy-stub.o)
                0x0800b8e8                memcpy
 .text.memset   0x0800b8fa       0x10 c:/program files (x86)/atollic/truestudio for stm32 9.3.0/armtools/bin/../lib/gcc/arm-atollic-eabi/6.3.1/../../../../arm-atollic-eabi/lib/armv6-m\libc_nano.a(lib_a-memset.o)
                0x0800b8fa                memset
 *fill*         0x0800b90a        0x2 
 .text._free_r  0x0800b90c       0x94 c:/program files (x86)/atollic/truestudio for stm32 9.3.0/armtools/bin/../lib/gcc/arm-atollic-eabi/6.3.1/../../../../arm-atollic-eabi/lib/armv6-m\libc_nano.a(lib_a-nano-freer.o)
                0x0800b90c                _free_r
 .text._malloc_r
                0x0800b9a0       0xbc c:/program files (x86)/atollic/truestudio for stm32 9.3.0/armtools/bin/../lib/gcc/arm-atollic-eabi/6.3.1/../../../../arm-atollic-eabi/lib/armv6-m\libc_nano.a(lib_a-nano-mallocr.o)
                0x0800b9a0                _malloc_r
 .text._sbrk_r  0x0800ba5c       0x24 c:/program files (x86)/atollic/truestudio for stm32 9.3.0/armtools/bin/../lib/gcc/arm-atollic-eabi/6.3.1/../../../../arm-atollic-eabi/lib/armv6-m\libc_nano.a(lib_a-sbrkr.o)
                0x0800ba5c                _sbrk_r
 .text.sprintf  0x0800ba80       0x44 c:/program files (x86)/atollic/truestudio for stm32 9.3.0/armtools/bin/../lib/gcc/arm-atollic-eabi/6.3.1/../../../../arm-atollic-eabi/lib/armv6-m\libc_nano.a(lib_a-sprintf.o)
                0x0800ba80                siprintf
                0x0800ba80                sprintf
 .text.sscanf   0x0800bac4       0x50 c:/program files (x86)/atollic/truestudio for stm32 9.3.0/armtools/bin/../lib/gcc/arm-atollic-eabi/6.3.1/../../../../arm-atollic-eabi/lib/armv6-m\libc_nano.a(lib_a-sscanf.o)
                0x0800bac4                siscanf
                0x0800bac4                sscanf
 .text.__seofread
                0x0800bb14        0x4 c:/program files (x86)/atollic/truestudio for stm32 9.3.0/armtools/bin/../lib/gcc/arm-atollic-eabi/6.3.1/../../../../arm-atollic-eabi/lib/armv6-m\libc_nano.a(lib_a-stdio.o)
                0x0800bb14                __seofread
 .text.strchr   0x0800bb18       0x1c c:/program files (x86)/atollic/truestudio for stm32 9.3.0/armtools/bin/../lib/gcc/arm-atollic-eabi/6.3.1/../../../../arm-atollic-eabi/lib/armv6-m\libc_nano.a(lib_a-strchr.o)
                0x0800bb18                strchr
 .text.strcpy   0x0800bb34       0x10 c:/program files (x86)/atollic/truestudio for stm32 9.3.0/armtools/bin/../lib/gcc/arm-atollic-eabi/6.3.1/../../../../arm-atollic-eabi/lib/armv6-m\libc_nano.a(lib_a-strcpy.o)
                0x0800bb34                strcpy
 .text.strstr   0x0800bb44       0x30 c:/program files (x86)/atollic/truestudio for stm32 9.3.0/armtools/bin/../lib/gcc/arm-atollic-eabi/6.3.1/../../../../arm-atollic-eabi/lib/armv6-m\libc_nano.a(lib_a-strstr.o)
                0x0800bb44                strstr
 .text.strtok   0x0800bb74       0x50 c:/program files (x86)/atollic/truestudio for stm32 9.3.0/armtools/bin/../lib/gcc/arm-atollic-eabi/6.3.1/../../../../arm-atollic-eabi/lib/armv6-m\libc_nano.a(lib_a-strtok.o)
                0x0800bb74                strtok
 .text.__strtok_r
                0x0800bbc4       0x5c c:/program files (x86)/atollic/truestudio for stm32 9.3.0/armtools/bin/../lib/gcc/arm-atollic-eabi/6.3.1/../../../../arm-atollic-eabi/lib/armv6-m\libc_nano.a(lib_a-strtok_r.o)
                0x0800bbc4                __strtok_r
 .text.__malloc_lock
                0x0800bc20        0x2 c:/program files (x86)/atollic/truestudio for stm32 9.3.0/armtools/bin/../lib/gcc/arm-atollic-eabi/6.3.1/../../../../arm-atollic-eabi/lib/armv6-m\libc_nano.a(lib_a-mlock.o)
                0x0800bc20                __malloc_lock
 .text.__malloc_unlock
                0x0800bc22        0x2 c:/program files (x86)/atollic/truestudio for stm32 9.3.0/armtools/bin/../lib/gcc/arm-atollic-eabi/6.3.1/../../../../arm-atollic-eabi/lib/armv6-m\libc_nano.a(lib_a-mlock.o)
                0x0800bc22                __malloc_unlock
 .text.__ssputs_r
                0x0800bc24       0xc4 c:/program files (x86)/atollic/truestudio for stm32 9.3.0/armtools/bin/../lib/gcc/arm-atollic-eabi/6.3.1/../../../../arm-atollic-eabi/lib/armv6-m\libc_nano.a(lib_a-nano-svfprintf.o)
                0x0800bc24                __ssputs_r
 .text._svfprintf_r
                0x0800bce8      0x208 c:/program files (x86)/atollic/truestudio for stm32 9.3.0/armtools/bin/../lib/gcc/arm-atollic-eabi/6.3.1/../../../../arm-atollic-eabi/lib/armv6-m\libc_nano.a(lib_a-nano-svfprintf.o)
                0x0800bce8                _svfiprintf_r
                0x0800bce8                _svfprintf_r
 .text._sungetc_r
                0x0800bef0       0x78 c:/program files (x86)/atollic/truestudio for stm32 9.3.0/armtools/bin/../lib/gcc/arm-atollic-eabi/6.3.1/../../../../arm-atollic-eabi/lib/armv6-m\libc_nano.a(lib_a-nano-svfscanf.o)
                0x0800bef0                _sungetc_r
 .text.__ssrefill_r
                0x0800bf68       0x3e c:/program files (x86)/atollic/truestudio for stm32 9.3.0/armtools/bin/../lib/gcc/arm-atollic-eabi/6.3.1/../../../../arm-atollic-eabi/lib/armv6-m\libc_nano.a(lib_a-nano-svfscanf.o)
                0x0800bf68                __ssrefill_r
 *fill*         0x0800bfa6        0x2 
 .text.__ssvfscanf_r
                0x0800bfa8      0x30c c:/program files (x86)/atollic/truestudio for stm32 9.3.0/armtools/bin/../lib/gcc/arm-atollic-eabi/6.3.1/../../../../arm-atollic-eabi/lib/armv6-m\libc_nano.a(lib_a-nano-svfscanf.o)
                0x0800bfa8                __ssvfiscanf_r
                0x0800bfa8                __ssvfscanf_r
 .text._printf_common
                0x0800c2b4       0xda c:/program files (x86)/atollic/truestudio for stm32 9.3.0/armtools/bin/../lib/gcc/arm-atollic-eabi/6.3.1/../../../../arm-atollic-eabi/lib/armv6-m\libc_nano.a(lib_a-nano-vfprintf_i.o)
                0x0800c2b4                _printf_common
 *fill*         0x0800c38e        0x2 
 .text._printf_i
                0x0800c390      0x234 c:/program files (x86)/atollic/truestudio for stm32 9.3.0/armtools/bin/../lib/gcc/arm-atollic-eabi/6.3.1/../../../../arm-atollic-eabi/lib/armv6-m\libc_nano.a(lib_a-nano-vfprintf_i.o)
                0x0800c390                _printf_i
 .text._scanf_chars
                0x0800c5c4       0xc8 c:/program files (x86)/atollic/truestudio for stm32 9.3.0/armtools/bin/../lib/gcc/arm-atollic-eabi/6.3.1/../../../../arm-atollic-eabi/lib/armv6-m\libc_nano.a(lib_a-nano-vfscanf_i.o)
                0x0800c5c4                _scanf_chars
 .text._scanf_i
                0x0800c68c      0x200 c:/program files (x86)/atollic/truestudio for stm32 9.3.0/armtools/bin/../lib/gcc/arm-atollic-eabi/6.3.1/../../../../arm-atollic-eabi/lib/armv6-m\libc_nano.a(lib_a-nano-vfscanf_i.o)
                0x0800c68c                _scanf_i
 .text.__sccl   0x0800c88c       0x62 c:/program files (x86)/atollic/truestudio for stm32 9.3.0/armtools/bin/../lib/gcc/arm-atollic-eabi/6.3.1/../../../../arm-atollic-eabi/lib/armv6-m\libc_nano.a(lib_a-sccl.o)
                0x0800c88c                __sccl
 *fill*         0x0800c8ee        0x2 
 .text._strtol_l.isra.0
                0x0800c8f0      0x10c c:/program files (x86)/atollic/truestudio for stm32 9.3.0/armtools/bin/../lib/gcc/arm-atollic-eabi/6.3.1/../../../../arm-atollic-eabi/lib/armv6-m\libc_nano.a(lib_a-strtol.o)
 .text._strtol_r
                0x0800c9fc       0x20 c:/program files (x86)/atollic/truestudio for stm32 9.3.0/armtools/bin/../lib/gcc/arm-atollic-eabi/6.3.1/../../../../arm-atollic-eabi/lib/armv6-m\libc_nano.a(lib_a-strtol.o)
                0x0800c9fc                _strtol_r
 .text._strtoul_l.isra.0
                0x0800ca1c      0x10e c:/program files (x86)/atollic/truestudio for stm32 9.3.0/armtools/bin/../lib/gcc/arm-atollic-eabi/6.3.1/../../../../arm-atollic-eabi/lib/armv6-m\libc_nano.a(lib_a-strtoul.o)
 *fill*         0x0800cb2a        0x2 
 .text._strtoul_r
                0x0800cb2c       0x20 c:/program files (x86)/atollic/truestudio for stm32 9.3.0/armtools/bin/../lib/gcc/arm-atollic-eabi/6.3.1/../../../../arm-atollic-eabi/lib/armv6-m\libc_nano.a(lib_a-strtoul.o)
                0x0800cb2c                _strtoul_r
 .text.__submore
                0x0800cb4c       0x7c c:/program files (x86)/atollic/truestudio for stm32 9.3.0/armtools/bin/../lib/gcc/arm-atollic-eabi/6.3.1/../../../../arm-atollic-eabi/lib/armv6-m\libc_nano.a(lib_a-ungetc.o)
                0x0800cb4c                __submore
 .text.__locale_ctype_ptr_l
                0x0800cbc8        0x6 c:/program files (x86)/atollic/truestudio for stm32 9.3.0/armtools/bin/../lib/gcc/arm-atollic-eabi/6.3.1/../../../../arm-atollic-eabi/lib/armv6-m\libc_nano.a(lib_a-locale.o)
                0x0800cbc8                __locale_ctype_ptr_l
 *fill*         0x0800cbce        0x2 
 .text.__locale_ctype_ptr
                0x0800cbd0       0x1c c:/program files (x86)/atollic/truestudio for stm32 9.3.0/armtools/bin/../lib/gcc/arm-atollic-eabi/6.3.1/../../../../arm-atollic-eabi/lib/armv6-m\libc_nano.a(lib_a-locale.o)
                0x0800cbd0                __locale_ctype_ptr
 .text.__ascii_mbtowc
                0x0800cbec       0x24 c:/program files (x86)/atollic/truestudio for stm32 9.3.0/armtools/bin/../lib/gcc/arm-atollic-eabi/6.3.1/../../../../arm-atollic-eabi/lib/armv6-m\libc_nano.a(lib_a-mbtowc_r.o)
                0x0800cbec                __ascii_mbtowc
 .text.memchr   0x0800cc10       0x16 c:/program files (x86)/atollic/truestudio for stm32 9.3.0/armtools/bin/../lib/gcc/arm-atollic-eabi/6.3.1/../../../../arm-atollic-eabi/lib/armv6-m\libc_nano.a(lib_a-memchr-stub.o)
                0x0800cc10                memchr
 .text.memmove  0x0800cc26       0x24 c:/program files (x86)/atollic/truestudio for stm32 9.3.0/armtools/bin/../lib/gcc/arm-atollic-eabi/6.3.1/../../../../arm-atollic-eabi/lib/armv6-m\libc_nano.a(lib_a-memmove.o)
                0x0800cc26                memmove
 .text._realloc_r
                0x0800cc4a       0x4c c:/program files (x86)/atollic/truestudio for stm32 9.3.0/armtools/bin/../lib/gcc/arm-atollic-eabi/6.3.1/../../../../arm-atollic-eabi/lib/armv6-m\libc_nano.a(lib_a-nano-reallocr.o)
                0x0800cc4a                _realloc_r
 .text.__ascii_wctomb
                0x0800cc96       0x18 c:/program files (x86)/atollic/truestudio for stm32 9.3.0/armtools/bin/../lib/gcc/arm-atollic-eabi/6.3.1/../../../../arm-atollic-eabi/lib/armv6-m\libc_nano.a(lib_a-wctomb_r.o)
                0x0800cc96                __ascii_wctomb
 .text._malloc_usable_size_r
                0x0800ccae       0x10 c:/program files (x86)/atollic/truestudio for stm32 9.3.0/armtools/bin/../lib/gcc/arm-atollic-eabi/6.3.1/../../../../arm-atollic-eabi/lib/armv6-m\libc_nano.a(lib_a-nano-msizer.o)
                0x0800ccae                _malloc_usable_size_r
 *fill*         0x0800ccbe        0x2 
 .text.pow      0x0800ccc0      0x348 c:/program files (x86)/atollic/truestudio for stm32 9.3.0/armtools/bin/../lib/gcc/arm-atollic-eabi/6.3.1/../../../../arm-atollic-eabi/lib/armv6-m\libm.a(lib_a-w_pow.o)
                0x0800ccc0                pow
 .text.__ieee754_pow
                0x0800d008      0x9bc c:/program files (x86)/atollic/truestudio for stm32 9.3.0/armtools/bin/../lib/gcc/arm-atollic-eabi/6.3.1/../../../../arm-atollic-eabi/lib/armv6-m\libm.a(lib_a-e_pow.o)
                0x0800d008                __ieee754_pow
 .text.__ieee754_sqrt
                0x0800d9c4      0x160 c:/program files (x86)/atollic/truestudio for stm32 9.3.0/armtools/bin/../lib/gcc/arm-atollic-eabi/6.3.1/../../../../arm-atollic-eabi/lib/armv6-m\libm.a(lib_a-e_sqrt.o)
                0x0800d9c4                __ieee754_sqrt
 .text.fabs     0x0800db24        0x8 c:/program files (x86)/atollic/truestudio for stm32 9.3.0/armtools/bin/../lib/gcc/arm-atollic-eabi/6.3.1/../../../../arm-atollic-eabi/lib/armv6-m\libm.a(lib_a-s_fabs.o)
                0x0800db24                fabs
 .text.finite   0x0800db2c       0x10 c:/program files (x86)/atollic/truestudio for stm32 9.3.0/armtools/bin/../lib/gcc/arm-atollic-eabi/6.3.1/../../../../arm-atollic-eabi/lib/armv6-m\libm.a(lib_a-s_finite.o)
                0x0800db2c                finite
 .text.matherr  0x0800db3c        0x4 c:/program files (x86)/atollic/truestudio for stm32 9.3.0/armtools/bin/../lib/gcc/arm-atollic-eabi/6.3.1/../../../../arm-atollic-eabi/lib/armv6-m\libm.a(lib_a-s_matherr.o)
                0x0800db3c                matherr
 .text.nan      0x0800db40        0xc c:/program files (x86)/atollic/truestudio for stm32 9.3.0/armtools/bin/../lib/gcc/arm-atollic-eabi/6.3.1/../../../../arm-atollic-eabi/lib/armv6-m\libm.a(lib_a-s_nan.o)
                0x0800db40                nan
 .text.rint     0x0800db4c      0x110 c:/program files (x86)/atollic/truestudio for stm32 9.3.0/armtools/bin/../lib/gcc/arm-atollic-eabi/6.3.1/../../../../arm-atollic-eabi/lib/armv6-m\libm.a(lib_a-s_rint.o)
                0x0800db4c                rint
 .text.scalbn   0x0800dc5c       0xc8 c:/program files (x86)/atollic/truestudio for stm32 9.3.0/armtools/bin/../lib/gcc/arm-atollic-eabi/6.3.1/../../../../arm-atollic-eabi/lib/armv6-m\libm.a(lib_a-s_scalbn.o)
                0x0800dc5c                scalbn
 .text.copysign
                0x0800dd24       0x10 c:/program files (x86)/atollic/truestudio for stm32 9.3.0/armtools/bin/../lib/gcc/arm-atollic-eabi/6.3.1/../../../../arm-atollic-eabi/lib/armv6-m\libm.a(lib_a-s_copysign.o)
                0x0800dd24                copysign
 *(.glue_7)
 .glue_7        0x0800dd34        0x0 linker stubs
 *(.glue_7t)
 .glue_7t       0x0800dd34        0x0 linker stubs
 *(.eh_frame)
 .eh_frame      0x0800dd34        0x0 c:/program files (x86)/atollic/truestudio for stm32 9.3.0/armtools/bin/../lib/gcc/arm-atollic-eabi/6.3.1/armv6-m/crtbegin.o
 *(.init)
 .init          0x0800dd34        0x4 c:/program files (x86)/atollic/truestudio for stm32 9.3.0/armtools/bin/../lib/gcc/arm-atollic-eabi/6.3.1/armv6-m/crti.o
                0x0800dd34                _init
 .init          0x0800dd38        0x8 c:/program files (x86)/atollic/truestudio for stm32 9.3.0/armtools/bin/../lib/gcc/arm-atollic-eabi/6.3.1/armv6-m/crtn.o
 *(.fini)
 .fini          0x0800dd40        0x4 c:/program files (x86)/atollic/truestudio for stm32 9.3.0/armtools/bin/../lib/gcc/arm-atollic-eabi/6.3.1/armv6-m/crti.o
                0x0800dd40                _fini
 .fini          0x0800dd44        0x8 c:/program files (x86)/atollic/truestudio for stm32 9.3.0/armtools/bin/../lib/gcc/arm-atollic-eabi/6.3.1/armv6-m/crtn.o
                0x0800dd4c                . = ALIGN (0x4)
                0x0800dd4c                _etext = .

.vfp11_veneer   0x0800dd4c        0x0
 .vfp11_veneer  0x0800dd4c        0x0 linker stubs

.v4_bx          0x0800dd4c        0x0
 .v4_bx         0x0800dd4c        0x0 linker stubs

.iplt           0x0800dd4c        0x0
 .iplt          0x0800dd4c        0x0 c:/program files (x86)/atollic/truestudio for stm32 9.3.0/armtools/bin/../lib/gcc/arm-atollic-eabi/6.3.1/armv6-m/crtbegin.o

.rodata         0x0800dd50     0x3268
                0x0800dd50                . = ALIGN (0x4)
 *(.rodata)
 .rodata        0x0800dd50        0xc c:/program files (x86)/atollic/truestudio for stm32 9.3.0/armtools/bin/../lib/gcc/arm-atollic-eabi/6.3.1/../../../../arm-atollic-eabi/lib/armv6-m\libc_nano.a(lib_a-nano-vfscanf_i.o)
 .rodata        0x0800dd5c       0x40 c:/program files (x86)/atollic/truestudio for stm32 9.3.0/armtools/bin/../lib/gcc/arm-atollic-eabi/6.3.1/armv6-m\libgcc.a(mulsf3.o)
 .rodata        0x0800dd9c       0x40 c:/program files (x86)/atollic/truestudio for stm32 9.3.0/armtools/bin/../lib/gcc/arm-atollic-eabi/6.3.1/armv6-m\libgcc.a(divdf3.o)
 .rodata        0x0800dddc       0x40 c:/program files (x86)/atollic/truestudio for stm32 9.3.0/armtools/bin/../lib/gcc/arm-atollic-eabi/6.3.1/armv6-m\libgcc.a(muldf3.o)
 *(.rodata*)
 .rodata.CSWTCH.256
                0x0800de1c        0x4 Drivers\STM32G0xx_HAL_Driver\Src\stm32g0xx_hal_uart.o
 .rodata.CSWTCH.257
                0x0800de20        0xd Drivers\STM32G0xx_HAL_Driver\Src\stm32g0xx_hal_uart.o
 .rodata.bluetoothConnect.str1.1
                0x0800de2d        0x8 Src\bluetooth.o
 .rodata.bluetoothConnectKnown.str1.1
                0x0800de35        0xd Src\bluetooth.o
                                 0x26 (size before relaxing)
 .rodata.bluetoothDecodeMsg.str1.1
                0x0800de42       0x7d Src\bluetooth.o
                                 0x83 (size before relaxing)
 .rodata.bluetoothEnterCMD.str1.1
                0x0800debf        0x9 Src\bluetooth.o
 .rodata.bluetoothGetBondedDevices.str1.1
                0x0800dec8       0x24 Src\bluetooth.o
 .rodata.bluetoothGetScannedDevices.str1.1
                0x0800deec       0xd1 Src\bluetooth.o
 .rodata.bluetoothInit.str1.1
                0x0800dfbd       0x77 Src\bluetooth.o
 .rodata.bluetoothLeaveCMD.str1.1
                0x0800e034        0xa Src\bluetooth.o
 .rodata.HAL_TIM_PeriodElapsedCallback.str1.1
                0x0800e03e        0x8 Src\main.o
 .rodata.main.str1.1
                0x0800e046       0x5f Src\main.o
                                 0x69 (size before relaxing)
 .rodata.strToSongMenu.str1.1
                0x0800e0a5        0x7 Src\midiController.o
 .rodata.oled_BtDevInfoSplash.str1.1
                0x0800e0a5        0xb Src\oled.o
                                 0x29 (size before relaxing)
 .rodata.oled_BtDevKeyEnterSplash.str1.1
                0x0800e0b0        0xb Src\oled.o
                                 0x11 (size before relaxing)
 .rodata.oled_BtDevKeyRequestSplash.str1.1
                0x0800e0bb       0x10 Src\oled.o
 .rodata.oled_BtDevPairRequestSplash.str1.1
                0x0800e0cb       0x18 Src\oled.o
                                 0x1c (size before relaxing)
 .rodata.oled_DisplayStatusSplash.str1.1
                0x0800e0e3       0x21 Src\oled.o
 .rodata.oled_ErrorSplash.str1.1
                0x0800e104        0x7 Src\oled.o
 .rodata.oled_NameExistsSplash.str1.1
                0x0800e10b       0x14 Src\oled.o
 .rodata.oled_NothingFound.str1.1
                0x0800e11f        0xf Src\oled.o
 .rodata.oled_ShutdownSplash.str1.1
                0x0800e12e       0x12 Src\oled.o
 .rodata.oled_StartSplash.str1.1
                0x0800e140       0x21 Src\oled.o
 .rodata.oled_ValueEnterSplash.str1.1
                0x0800e161       0x18 Src\oled.o
 .rodata.oled_drawMenu.str1.1
                0x0800e179        0x6 Src\oled.o
 .rodata.oled_menuOnclick.str1.1
                0x0800e17f       0x85 Src\oled.o
                                 0xce (size before relaxing)
 .rodata.oled_playingSplash.str1.1
                0x0800e204       0x13 Src\oled.o
 .rodata.oled_recordingSplash.str1.1
                0x0800e217        0x9 Src\oled.o
 .rodata.str1.1
                0x0800e220       0xb9 Src\oled.o
                                 0xbe (size before relaxing)
 *fill*         0x0800e2d9        0x1 
 .rodata.Font11x18
                0x0800e2da      0xd5c Src\ssd1306_fonts.o
 .rodata.Font16x26
                0x0800f036     0x134c Src\ssd1306_fonts.o
 .rodata.Font7x10
                0x08010382      0x76c Src\ssd1306_fonts.o
 .rodata.Icon11x18
                0x08010aee       0xfc Src\ssd1306_fonts.o
 .rodata.Icon7x10
                0x08010bea      0x168 Src\ssd1306_fonts.o
 *fill*         0x08010d52        0x2 
 .rodata.AHBPrescTable
                0x08010d54       0x40 Src\system_stm32g0xx.o
                0x08010d54                AHBPrescTable
 .rodata.APBPrescTable
                0x08010d94       0x20 Src\system_stm32g0xx.o
                0x08010d94                APBPrescTable
 .rodata._svfprintf_r.str1.1
                0x08010db4       0x11 c:/program files (x86)/atollic/truestudio for stm32 9.3.0/armtools/bin/../lib/gcc/arm-atollic-eabi/6.3.1/../../../../arm-atollic-eabi/lib/armv6-m\libc_nano.a(lib_a-nano-svfprintf.o)
 .rodata.__ssvfscanf_r.str1.1
                0x08010dc5        0x4 c:/program files (x86)/atollic/truestudio for stm32 9.3.0/armtools/bin/../lib/gcc/arm-atollic-eabi/6.3.1/../../../../arm-atollic-eabi/lib/armv6-m\libc_nano.a(lib_a-nano-svfscanf.o)
 .rodata._printf_i.str1.1
                0x08010dc5       0x22 c:/program files (x86)/atollic/truestudio for stm32 9.3.0/armtools/bin/../lib/gcc/arm-atollic-eabi/6.3.1/../../../../arm-atollic-eabi/lib/armv6-m\libc_nano.a(lib_a-nano-vfprintf_i.o)
 .rodata._scanf_i.str1.1
                0x08010de7       0x12 c:/program files (x86)/atollic/truestudio for stm32 9.3.0/armtools/bin/../lib/gcc/arm-atollic-eabi/6.3.1/../../../../arm-atollic-eabi/lib/armv6-m\libc_nano.a(lib_a-nano-vfscanf_i.o)
 .rodata.str1.1
                0x08010df9        0x9 c:/program files (x86)/atollic/truestudio for stm32 9.3.0/armtools/bin/../lib/gcc/arm-atollic-eabi/6.3.1/../../../../arm-atollic-eabi/lib/armv6-m\libc_nano.a(lib_a-nano-vfscanf_i.o)
 *fill*         0x08010e02        0x2 
 .rodata.__sf_fake_stderr
                0x08010e04       0x20 c:/program files (x86)/atollic/truestudio for stm32 9.3.0/armtools/bin/../lib/gcc/arm-atollic-eabi/6.3.1/../../../../arm-atollic-eabi/lib/armv6-m\libc_nano.a(lib_a-findfp.o)
                0x08010e04                __sf_fake_stderr
 .rodata.__sf_fake_stdin
                0x08010e24       0x20 c:/program files (x86)/atollic/truestudio for stm32 9.3.0/armtools/bin/../lib/gcc/arm-atollic-eabi/6.3.1/../../../../arm-atollic-eabi/lib/armv6-m\libc_nano.a(lib_a-findfp.o)
                0x08010e24                __sf_fake_stdin
 .rodata.__sf_fake_stdout
                0x08010e44       0x20 c:/program files (x86)/atollic/truestudio for stm32 9.3.0/armtools/bin/../lib/gcc/arm-atollic-eabi/6.3.1/../../../../arm-atollic-eabi/lib/armv6-m\libc_nano.a(lib_a-findfp.o)
                0x08010e44                __sf_fake_stdout
 .rodata._setlocale_r.str1.1
                0x08010e64        0x8 c:/program files (x86)/atollic/truestudio for stm32 9.3.0/armtools/bin/../lib/gcc/arm-atollic-eabi/6.3.1/../../../../arm-atollic-eabi/lib/armv6-m\libc_nano.a(lib_a-locale.o)
                                  0x9 (size before relaxing)
 .rodata.str1.1
                0x08010e6c        0x2 c:/program files (x86)/atollic/truestudio for stm32 9.3.0/armtools/bin/../lib/gcc/arm-atollic-eabi/6.3.1/../../../../arm-atollic-eabi/lib/armv6-m\libc_nano.a(lib_a-locale.o)
 .rodata._ctype_
                0x08010e6e      0x101 c:/program files (x86)/atollic/truestudio for stm32 9.3.0/armtools/bin/../lib/gcc/arm-atollic-eabi/6.3.1/../../../../arm-atollic-eabi/lib/armv6-m\libc_nano.a(lib_a-ctype_.o)
                0x08010e6e                _ctype_
 .rodata.pow.str1.1
                0x08010f6f        0x4 c:/program files (x86)/atollic/truestudio for stm32 9.3.0/armtools/bin/../lib/gcc/arm-atollic-eabi/6.3.1/../../../../arm-atollic-eabi/lib/armv6-m\libm.a(lib_a-w_pow.o)
 .rodata.__ieee754_pow.str1.1
                0x08010f73        0x1 c:/program files (x86)/atollic/truestudio for stm32 9.3.0/armtools/bin/../lib/gcc/arm-atollic-eabi/6.3.1/../../../../arm-atollic-eabi/lib/armv6-m\libm.a(lib_a-e_pow.o)
 *fill*         0x08010f73        0x5 
 .rodata.bp     0x08010f78       0x10 c:/program files (x86)/atollic/truestudio for stm32 9.3.0/armtools/bin/../lib/gcc/arm-atollic-eabi/6.3.1/../../../../arm-atollic-eabi/lib/armv6-m\libm.a(lib_a-e_pow.o)
 .rodata.dp_h   0x08010f88       0x10 c:/program files (x86)/atollic/truestudio for stm32 9.3.0/armtools/bin/../lib/gcc/arm-atollic-eabi/6.3.1/../../../../arm-atollic-eabi/lib/armv6-m\libm.a(lib_a-e_pow.o)
 .rodata.dp_l   0x08010f98       0x10 c:/program files (x86)/atollic/truestudio for stm32 9.3.0/armtools/bin/../lib/gcc/arm-atollic-eabi/6.3.1/../../../../arm-atollic-eabi/lib/armv6-m\libm.a(lib_a-e_pow.o)
 .rodata.TWO52  0x08010fa8       0x10 c:/program files (x86)/atollic/truestudio for stm32 9.3.0/armtools/bin/../lib/gcc/arm-atollic-eabi/6.3.1/../../../../arm-atollic-eabi/lib/armv6-m\libm.a(lib_a-s_rint.o)
                0x08010fb8                . = ALIGN (0x4)

.ARM.extab
 *(.ARM.extab* .gnu.linkonce.armextab.*)

.ARM            0x08010fb8        0x8
                0x08010fb8                __exidx_start = .
 *(.ARM.exidx*)
 .ARM.exidx     0x08010fb8        0x8 c:/program files (x86)/atollic/truestudio for stm32 9.3.0/armtools/bin/../lib/gcc/arm-atollic-eabi/6.3.1/armv6-m\libgcc.a(_udivmoddi4.o)
                0x08010fc0                __exidx_end = .

.rel.dyn        0x08010fc0        0x0
 .rel.iplt      0x08010fc0        0x0 c:/program files (x86)/atollic/truestudio for stm32 9.3.0/armtools/bin/../lib/gcc/arm-atollic-eabi/6.3.1/armv6-m/crtbegin.o

.preinit_array  0x08010fc0        0x0
                0x08010fc0                PROVIDE (__preinit_array_start, .)
 *(.preinit_array*)
                0x08010fc0                PROVIDE (__preinit_array_end, .)

.init_array     0x08010fc0        0x4
                0x08010fc0                PROVIDE (__init_array_start, .)
 *(SORT(.init_array.*))
 *(.init_array*)
 .init_array    0x08010fc0        0x4 c:/program files (x86)/atollic/truestudio for stm32 9.3.0/armtools/bin/../lib/gcc/arm-atollic-eabi/6.3.1/armv6-m/crtbegin.o
                0x08010fc4                PROVIDE (__init_array_end, .)

.fini_array     0x08010fc4        0x4
                [!provide]                PROVIDE (__fini_array_start, .)
 *(SORT(.fini_array.*))
 *(.fini_array*)
 .fini_array    0x08010fc4        0x4 c:/program files (x86)/atollic/truestudio for stm32 9.3.0/armtools/bin/../lib/gcc/arm-atollic-eabi/6.3.1/armv6-m/crtbegin.o
                [!provide]                PROVIDE (__fini_array_end, .)
                0x08010fc8                _sidata = LOADADDR (.data)

.data           0x20000000      0x5e8 load address 0x08010fc8
                0x20000000                . = ALIGN (0x4)
                0x20000000                _sdata = .
 *(.data)
 *(.data*)
 .data.uwTickFreq
                0x20000000        0x4 Drivers\STM32G0xx_HAL_Driver\Src\stm32g0xx_hal.o
                0x20000000                uwTickFreq
 .data.uwTickPrio
                0x20000004        0x4 Drivers\STM32G0xx_HAL_Driver\Src\stm32g0xx_hal.o
                0x20000004                uwTickPrio
 .data.bluetoothmenu
                0x20000008       0x80 Src\oled.o
                0x20000008                bluetoothmenu
 .data.controllermenu
                0x20000088       0x40 Src\oled.o
                0x20000088                controllermenu
 .data.displaymenu
                0x200000c8       0x60 Src\oled.o
                0x200000c8                displaymenu
 .data.displaysettingsledmenu
                0x20000128       0xc0 Src\oled.o
                0x20000128                displaysettingsledmenu
 .data.displaysettingsmenu
                0x200001e8       0xa0 Src\oled.o
                0x200001e8                displaysettingsmenu
 .data.mainmenu
                0x20000288       0xa0 Src\oled.o
                0x20000288                mainmenu
 .data.organmenu
                0x20000328       0x60 Src\oled.o
                0x20000328                organmenu
 .data.settingsmenu
                0x20000388       0x60 Src\oled.o
                0x20000388                settingsmenu
 .data.Font_11x18
                0x200003e8        0x8 Src\ssd1306_fonts.o
                0x200003e8                Font_11x18
 .data.Font_16x26
                0x200003f0        0x8 Src\ssd1306_fonts.o
                0x200003f0                Font_16x26
 .data.Font_7x10
                0x200003f8        0x8 Src\ssd1306_fonts.o
                0x200003f8                Font_7x10
 .data.Icon_11x18
                0x20000400        0x8 Src\ssd1306_fonts.o
                0x20000400                Icon_11x18
 .data.Icon_7x10
                0x20000408        0x8 Src\ssd1306_fonts.o
                0x20000408                Icon_7x10
 .data.SystemCoreClock
                0x20000410        0x4 Src\system_stm32g0xx.o
                0x20000410                SystemCoreClock
 .data._impure_ptr
                0x20000414        0x4 c:/program files (x86)/atollic/truestudio for stm32 9.3.0/armtools/bin/../lib/gcc/arm-atollic-eabi/6.3.1/../../../../arm-atollic-eabi/lib/armv6-m\libc_nano.a(lib_a-impure.o)
                0x20000414                _impure_ptr
 .data.impure_data
                0x20000418       0x60 c:/program files (x86)/atollic/truestudio for stm32 9.3.0/armtools/bin/../lib/gcc/arm-atollic-eabi/6.3.1/../../../../arm-atollic-eabi/lib/armv6-m\libc_nano.a(lib_a-impure.o)
 .data.__global_locale
                0x20000478      0x16c c:/program files (x86)/atollic/truestudio for stm32 9.3.0/armtools/bin/../lib/gcc/arm-atollic-eabi/6.3.1/../../../../arm-atollic-eabi/lib/armv6-m\libc_nano.a(lib_a-locale.o)
                0x20000478                __global_locale
 .data.__fdlib_version
                0x200005e4        0x1 c:/program files (x86)/atollic/truestudio for stm32 9.3.0/armtools/bin/../lib/gcc/arm-atollic-eabi/6.3.1/../../../../arm-atollic-eabi/lib/armv6-m\libm.a(lib_a-s_lib_ver.o)
                0x200005e4                __fdlib_version
                0x200005e8                . = ALIGN (0x4)
 *fill*         0x200005e5        0x3 
                0x200005e8                _edata = .

.igot.plt       0x200005e8        0x0 load address 0x080115b0
 .igot.plt      0x200005e8        0x0 c:/program files (x86)/atollic/truestudio for stm32 9.3.0/armtools/bin/../lib/gcc/arm-atollic-eabi/6.3.1/armv6-m/crtbegin.o
                0x200005e8                . = ALIGN (0x4)

.bss            0x200005e8     0x4374 load address 0x080115b0
                0x200005e8                _sbss = .
                0x200005e8                __bss_start__ = _sbss
 *(.bss)
 .bss           0x200005e8       0x1c c:/program files (x86)/atollic/truestudio for stm32 9.3.0/armtools/bin/../lib/gcc/arm-atollic-eabi/6.3.1/armv6-m/crtbegin.o
 *(.bss*)
 .bss.turnOffCounter
                0x20000604        0x4 Src\main.o
                0x20000604                turnOffCounter
 .bss.turnOffEnable
                0x20000608        0x4 Src\main.o
                0x20000608                turnOffEnable
 .bss.x         0x2000060c        0x4 Src\main.o
                0x2000060c                x
 .bss.SSD1306   0x20000610        0x6 Src\ssd1306.o
 .bss.SSD1306_Buffer
                0x20000616      0x410 Src\ssd1306.o
 .bss.bufferIndex
                0x20000a26        0x1 Src\ssd1306.o
                0x20000a26                bufferIndex
 .bss.intStat   0x20000a27        0x1 Src\ssd1306.o
                0x20000a27                intStat
 .bss.txStep    0x20000a28        0x1 Src\ssd1306.o
                0x20000a28                txStep
 *fill*         0x20000a29        0x3 
 .bss.heap_end.5887
                0x20000a2c        0x4 Src\syscalls.o
 .bss.__malloc_free_list
                0x20000a30        0x4 c:/program files (x86)/atollic/truestudio for stm32 9.3.0/armtools/bin/../lib/gcc/arm-atollic-eabi/6.3.1/../../../../arm-atollic-eabi/lib/armv6-m\libc_nano.a(lib_a-nano-mallocr.o)
                0x20000a30                __malloc_free_list
 .bss.__malloc_sbrk_start
                0x20000a34        0x4 c:/program files (x86)/atollic/truestudio for stm32 9.3.0/armtools/bin/../lib/gcc/arm-atollic-eabi/6.3.1/../../../../arm-atollic-eabi/lib/armv6-m\libc_nano.a(lib_a-nano-mallocr.o)
                0x20000a34                __malloc_sbrk_start
 *(COMMON)
 COMMON         0x20000a38        0x4 Drivers\STM32G0xx_HAL_Driver\Src\stm32g0xx_hal.o
                0x20000a38                uwTick
 COMMON         0x20000a3c       0x70 Src\adc.o
                0x20000a3c                I2C_buffer
                0x20000a48                hadc1
 COMMON         0x20000aac     0x3335 Src\bluetooth.o
                0x20000aac                battVoltage
                0x20000ab0                btTxBuff
                0x20000ab4                scrollPauseDone
                0x20000ab8                btStreamBonded
                0x20000abc                scrollMax
                0x20000ac0                btMessageLen
                0x20000ac2                btComMessageStartIndex
                0x20000ac4                dispVerse
                0x20000ac6                workerDispRefresh
                0x20000ac8                numDispSong
                0x20000af8                btFifoByte
                0x20000afc                battVoltageTemp
                0x20000b00                btBondedDevicesMenu
                0x20000c40                oledType
                0x20000c44                workerBtConnect
                0x20000c46                workerBtEnterPairingKey
                0x20000c48                songMenuSize
                0x20000c49                workerBtScanDev
                0x20000c4c                keyboardState
                0x20000c50                battVoltageTempCount
                0x20000c54                btMsgReceivedFlag
                0x20000c58                adcReadings
                0x20000c60                keyboardVertPosMax
                0x20000c64                dispLEDOld
                0x20000c68                songMenu
                0x200018e8                btScanned
                0x20002018                keyboardStateOld
                0x2000201c                dispmenu
                0x2000265c                alivePC
                0x2000265d                btFifo
                0x20002851                workerGetSongs
                0x20002854                refreshHalt
                0x20002858                btPairReq
                0x200028b4                encoderclick
                0x200028b8                btComMessageSizeFlag
                0x200028b9                workerRecord
                0x200028bb                btComMessageFlag
                0x200028bc                workerTurnOff
                0x200028be                workerBtBondDev
                0x200028c0                btStreamSecured
                0x200028c4                numRecordSong
                0x200028f4                keyboardVertPosOld
                0x200028f8                battStatus
                0x200028fc                btBonded
                0x20002c94                btStreamOpen
                0x20002c95                btStatusMsg
                0x20002c98                loadingStat
                0x20002c9c                workerBtRemoveController
                0x20002c9e                btScannedCount
                0x20002ca0                oledHeader
                0x20002ca4                keyboardSidePos
                0x20002ca8                keypad
                0x20002cba                keypadClicks
                0x20002ccc                numDispVerse
                0x20002cfc                dispLetter
                0x20002cfd                btDataIcon
                0x20002cfe                btStatusMsgWD
                0x20002d00                btScanedDevices
                0x20002f80                btNullCounter
                0x20002f84                dispmenusubmenu
                0x20002f88                keyboardSidePosMax
                0x20002f8c                selectedSong
                0x20002fb4                battAnim
                0x20002fb8                encoderposOld
                0x20002fbc                alivePCCounter
                0x20002fc0                loadingToggle
                0x20002fc4                btFifoIndex
                0x20002fc8                btModule
                0x20003024                workerMiscelaneous
                0x20003026                btCmdMode
                0x20003027                btMsgFifo
                0x2000321c                usbVoltage
                0x20003220                splashFunction
                0x20003224                keyboardVertPos
                0x20003228                btData
                0x2000322c                dispmenuname
                0x20003230                btBondedCount
                0x20003234                btBondable
                0x20003964                dispData
                0x20003970                songs
                0x20003b00                encoderpos
                0x20003b04                btMsgFifoIndex
                0x20003b08                dispmenusize
                0x20003b0c                scrollPause
                0x20003b10                scrollIndex
                0x20003b14                btBondableDevices
                0x20003d94                btSelectedController
                0x20003d98                workerBtConnectMAC
                0x20003d9c                aliveMainCounter
                0x20003d9e                dispSong
                0x20003da6                btBondableCount
                0x20003da7                dispLED
                0x20003da8                numDispLetter
                0x20003dd8                aliveMain
                0x20003ddc                splashParams
                0x20003de0                btSelectedBondDevice
 *fill*         0x20003de1        0x3 
 COMMON         0x20003de4       0xa8 Src\i2c.o
                0x20003de4                hdma_i2c1_tx
                0x20003e40                hi2c1
 COMMON         0x20003e8c      0x45e Src\main.o
                0x20003e8c                decoderBuffer
                0x20003f8b                buffer
                0x20003fc7                c
                0x20003fc8                midiFifo
                0x200041bc                uartMsgDecodeBuff
                0x200042e8                midiFifoIndex
 *fill*         0x200042ea        0x2 
 COMMON         0x200042ec       0x2c Src\rtc.o
                0x200042ec                hrtc
 COMMON         0x20004318       0x64 Src\spi.o
                0x20004318                hspi1
 COMMON         0x2000437c      0x410 Src\ssd1306.o
                0x2000437c                screenBuffer
 COMMON         0x2000478c      0x140 Src\tim.o
                0x2000478c                htim3