bluetooth.c:89:6:bluetoothFifoFlush	8	static
bluetooth.c:94:6:bluetoothMsgFifoFlush	8	static
bluetooth.c:111:9:bluetoothDecodeMsg	24	static
bluetooth.c:153:9:bluetoothCMD_ACK	16	static
bluetooth.c:99:9:bluetoothEnterCMD	8	static
bluetooth.c:105:9:bluetoothLeaveCMD	8	static
bluetooth.c:16:9:bluetoothInit	16	static
bluetooth.c:172:9:bluetoothCMD_Until	32	static
bluetooth.c:77:9:bluetooth_refreshSelfInfo	40	static
bluetooth.c:192:9:bluetoothCMD_Time	16	static
bluetooth.c:384:10:countOccurances	16	static
bluetooth.c:396:10:replacechar	16	static
bluetooth.c:406:10:splitString	16	static
bluetooth.c:236:9:bluetoothGetScannedDevices	440	static
bluetooth.c:317:9:bluetoothGetBondedDevices	432	static
bluetooth.c:211:9:bluetoothConnectKnown	40	static
