bluetooth.c:128:9:bluetooth_refreshSelfInfo	0	static
bluetooth.c:137:6:bluetoothFifoFlush	8	static
bluetooth.c:143:6:bluetoothMsgFifoFlush	8	static
bluetooth.c:82:9:bluetoothDecodeMsg	24	static
bluetooth.c:167:9:bluetoothCMD_ACK	24	static
bluetooth.c:149:9:bluetoothEnterCMD	8	static
bluetooth.c:157:9:bluetoothLeaveCMD	8	static
bluetooth.c:13:9:bluetoothInit	24	static
bluetooth.c:197:9:bluetoothCMD_Until	32	static
bluetooth.c:224:9:bluetoothCMD_Time	16	static
bluetooth.c:535:9:bluetoothConnect	16	static
bluetooth.c:556:9:bluetoothBond	8	static
bluetooth.c:575:10:countOccurances	16	static
bluetooth.c:588:10:replacechar	16	static
bluetooth.c:599:10:splitString	16	static
bluetooth.c:297:9:bluetoothGetScannedDevices	440	static
bluetooth.c:382:9:bluetoothGetBondedDevices	432	static
bluetooth.c:249:9:bluetoothConnectKnown	56	static
bluetooth.c:449:9:bluetoothGetBondableDevices	440	static
