midiController.c:8:6:workerAssert	0	static
midiController.c:14:6:workerDesert	0	static
midiController.c:20:6:strToSongMenu	24	static
midiController.c:53:6:midiController_init	0	static
midiController.c:63:6:midiController_display_getState	0	static
midiController.c:68:6:midiController_current_On	24	static
midiController.c:76:6:midiController_current_Off	24	static
midiController.c:85:6:midiController_record	136	static
midiController.c:107:6:midiController_play	136	static
midiController.c:131:6:midiController_stop	24	static
midiController.c:145:10:midiController_checkKeyboard	24	static
midiController.c:217:1:midiController_keepalive_process	8	static
midiController.c:238:9:midiController_setDisplay	0	static
midiController.c:262:9:midiController_setDisplayRaw	0	static
midiController.c:266:6:midiControl_get_time	24	static
