midiController.c:8:6:workerAssert	0	static
midiController.c:14:6:workerDesert	0	static
midiController.c:20:6:strToSongMenu	24	static
midiController.c:53:6:midiController_init	0	static
midiController.c:73:6:midiController_display_getState	0	static
midiController.c:78:6:midiController_current_On	24	static
midiController.c:87:6:midiController_current_Off	24	static
midiController.c:97:6:midiController_record	136	static
midiController.c:120:6:midiController_play	136	static
midiController.c:143:6:midiController_stop	24	static
midiController.c:156:10:midiController_checkKeyboard	24	static
midiController.c:228:6:midiController_keepalive_process	8	static
midiController.c:273:9:midiController_setDisplayRaw	16	static
midiController.c:249:9:midiController_setDisplay	48	static
midiController.c:277:6:midiController_get_time	24	static
