oled.c:407:6:oled_StartSplash	8	static
oled.c:489:6:oled_BtDevInfoSplash	64	static
oled.c:424:6:oled_LoadingSplash	24	static
oled.c:633:6:oled_BtDevKeyEnterSplash	88	static
oled.c:217:6:oled_setDisplayedMenu	32	static
oled.c:229:6:oled_setDisplayedSplash	0	static
oled.c:183:6:oled_begin	8	static
oled.c:47:6:oled_menuOnclick	344	static
oled.c:238:6:oled_drawMenu	104	static
oled.c:204:6:oled_refresh	8	static
oled.c:397:6:oled_refreshPause	0	static
oled.c:402:6:oled_refreshResume	0	static
oled.c:441:6:oled_ErrorSplash	8	static
oled.c:453:6:oled_UsbWaitingSplash	24	static
oled.c:473:6:oled_NothingFound	8	static
oled.c:525:6:oled_BtDevPairRequestSplash	48	static
oled.c:560:6:oled_BtDevKeyRequestSplash	56	static
oled.c:715:6:oled_BtDevPairCompleteSplash	16	static
oled.c:733:6:oled_playingSplash	56	static
oled.c:771:6:oled_recordingSplash	56	static
