oled.c:401:6:oled_StartSplash	8	static
oled.c:483:6:oled_BtDevInfoSplash	64	static
oled.c:418:6:oled_LoadingSplash	24	static
oled.c:627:6:oled_BtDevKeyEnterSplash	88	static
oled.c:217:6:oled_setDisplayedMenu	32	static
oled.c:229:6:oled_setDisplayedSplash	0	static
oled.c:183:6:oled_begin	8	static
oled.c:47:6:oled_menuOnclick	344	static
oled.c:238:6:oled_drawMenu	88	static
oled.c:204:6:oled_refresh	8	static
oled.c:391:6:oled_refreshPause	0	static
oled.c:396:6:oled_refreshResume	0	static
oled.c:435:6:oled_ErrorSplash	8	static
oled.c:447:6:oled_UsbWaitingSplash	24	static
oled.c:467:6:oled_NothingFound	8	static
oled.c:519:6:oled_BtDevPairRequestSplash	48	static
oled.c:554:6:oled_BtDevKeyRequestSplash	56	static
oled.c:709:6:oled_BtDevPairCompleteSplash	16	static
oled.c:727:6:oled_playingSplash	56	static
oled.c:765:6:oled_recordingSplash	56	static
