ssd1306.c:10:6:ssd1306_WriteBufferByte	8	static
ssd1306.c:14:6:ssd1306_SendBuffer	16	static
ssd1306.c:20:6:ssd1306_Reset	0	static
ssd1306.c:25:6:ssd1306_WriteCommand	0	static
ssd1306.c:31:6:ssd1306_WriteData	0	static
ssd1306.c:163:6:ssd1306_Fill	0	static
ssd1306.c:172:6:ssd1306_UpdateScreen	8	static
ssd1306.c:76:6:ssd1306_Init	8	static
ssd1306.c:203:6:HAL_I2C_MemTxCpltCallback	8	static
ssd1306.c:228:6:ssd1306_DrawPixel	12	static
ssd1306.c:251:6:ssd1306_WriteChar	64	static
ssd1306.c:282:6:ssd1306_WriteString	24	static
ssd1306.c:299:6:ssd1306_SetCursor	0	static
