stm32g0xx_it.c:77:6:NMI_Handler	0	static
stm32g0xx_it.c:90:6:HardFault_Handler	0	static
stm32g0xx_it.c:105:6:SVC_Handler	0	static
stm32g0xx_it.c:118:6:PendSV_Handler	0	static
stm32g0xx_it.c:131:6:SysTick_Handler	8	static
stm32g0xx_it.c:152:6:EXTI4_15_IRQHandler	8	static
stm32g0xx_it.c:167:6:DMA1_Channel1_IRQHandler	8	static
stm32g0xx_it.c:181:6:ADC1_COMP_IRQHandler	8	static
stm32g0xx_it.c:209:6:TIM1_CC_IRQHandler	8	static
stm32g0xx_it.c:195:6:TIM1_BRK_UP_TRG_COM_IRQHandler	8	static
stm32g0xx_it.c:223:6:TIM2_IRQHandler	8	static
stm32g0xx_it.c:237:6:TIM3_IRQHandler	8	static
stm32g0xx_it.c:251:6:TIM6_DAC_LPTIM1_IRQHandler	8	static
stm32g0xx_it.c:265:6:I2C1_IRQHandler	8	static
stm32g0xx_it.c:283:6:USART2_IRQHandler	8	static
