stm32g0xx_it.c:78:6:NMI_Handler	0	static
stm32g0xx_it.c:91:6:HardFault_Handler	0	static
stm32g0xx_it.c:106:6:SVC_Handler	0	static
stm32g0xx_it.c:119:6:PendSV_Handler	0	static
stm32g0xx_it.c:132:6:SysTick_Handler	8	static
stm32g0xx_it.c:153:6:DMA1_Channel1_IRQHandler	8	static
stm32g0xx_it.c:167:6:DMA1_Channel2_3_IRQHandler	8	static
stm32g0xx_it.c:182:6:ADC1_COMP_IRQHandler	8	static
stm32g0xx_it.c:210:6:TIM1_CC_IRQHandler	8	static
stm32g0xx_it.c:196:6:TIM1_BRK_UP_TRG_COM_IRQHandler	8	static
stm32g0xx_it.c:224:6:TIM2_IRQHandler	8	static
stm32g0xx_it.c:238:6:TIM3_IRQHandler	8	static
stm32g0xx_it.c:252:6:I2C1_IRQHandler	8	static
stm32g0xx_it.c:270:6:USART2_IRQHandler	8	static
